c:/users/mliang2x/workspace/edk2/Build/OvmfX64/DEBUG_VS2015x86/X64/MdePkg/Library/RegisterFilterLibNull/RegisterFilterLibNull/OUTPUT/FilterLibNull.lib
c:/users/mliang2x/workspace/edk2/Build/OvmfX64/DEBUG_VS2015x86/X64/MdePkg/Library/DxePcdLib/DxePcdLib/OUTPUT/DxePcdLib.lib
c:/users/mliang2x/workspace/edk2/Build/OvmfX64/DEBUG_VS2015x86/X64/MdePkg/Library/BaseMemoryLibRepStr/BaseMemoryLibRepStr/OUTPUT/BaseMemoryLibRepStr.lib
c:/users/mliang2x/workspace/edk2/Build/OvmfX64/DEBUG_VS2015x86/X64/MdePkg/Library/BaseLib/BaseLib/OUTPUT/BaseLib.lib
c:/users/mliang2x/workspace/edk2/Build/OvmfX64/DEBUG_VS2015x86/X64/MdePkg/Library/TdxLib/TdxLib/OUTPUT/TdxLib.lib
c:/users/mliang2x/workspace/edk2/Build/OvmfX64/DEBUG_VS2015x86/X64/OvmfPkg/Library/CcProbeLib/CcProbeLib/OUTPUT/CcProbeLib.lib
c:/users/mliang2x/workspace/edk2/Build/OvmfX64/DEBUG_VS2015x86/X64/MdePkg/Library/BaseDebugPrintErrorLevelLib/BaseDebugPrintErrorLevelLib/OUTPUT/BaseDebugPrintErrorLevelLib.lib
c:/users/mliang2x/workspace/edk2/Build/OvmfX64/DEBUG_VS2015x86/X64/MdePkg/Library/BaseIoLibIntrinsic/BaseIoLibIntrinsicSev/OUTPUT/BaseIoLibIntrinsicSev.lib
c:/users/mliang2x/workspace/edk2/Build/OvmfX64/DEBUG_VS2015x86/X64/MdePkg/Library/BasePrintLib/BasePrintLib/OUTPUT/BasePrintLib.lib
c:/users/mliang2x/workspace/edk2/Build/OvmfX64/DEBUG_VS2015x86/X64/OvmfPkg/Library/PlatformDebugLibIoPort/PlatformDebugLibIoPort/OUTPUT/PlatformDebugLibIoPort.lib
c:/users/mliang2x/workspace/edk2/Build/OvmfX64/DEBUG_VS2015x86/X64/MdePkg/Library/UefiBootServicesTableLib/UefiBootServicesTableLib/OUTPUT/UefiBootServicesTableLib.lib
c:/users/mliang2x/workspace/edk2/Build/OvmfX64/DEBUG_VS2015x86/X64/MdePkg/Library/UefiMemoryAllocationLib/UefiMemoryAllocationLib/OUTPUT/UefiMemoryAllocationLib.lib
c:/users/mliang2x/workspace/edk2/Build/OvmfX64/DEBUG_VS2015x86/X64/MdePkg/Library/UefiRuntimeServicesTableLib/UefiRuntimeServicesTableLib/OUTPUT/UefiRuntimeServicesTableLib.lib
c:/users/mliang2x/workspace/edk2/Build/OvmfX64/DEBUG_VS2015x86/X64/MdePkg/Library/UefiDevicePathLibDevicePathProtocol/UefiDevicePathLibDevicePathProtocol/OUTPUT/UefiDevicePathLibDevicePathProtocol.lib
c:/users/mliang2x/workspace/edk2/Build/OvmfX64/DEBUG_VS2015x86/X64/MdePkg/Library/UefiLib/UefiLib/OUTPUT/UefiLib.lib
c:/users/mliang2x/workspace/edk2/Build/OvmfX64/DEBUG_VS2015x86/X64/MdeModulePkg/Library/UefiHiiServicesLib/UefiHiiServicesLib/OUTPUT/UefiHiiServicesLib.lib
c:/users/mliang2x/workspace/edk2/Build/OvmfX64/DEBUG_VS2015x86/X64/MdeModulePkg/Library/UefiHiiLib/UefiHiiLib/OUTPUT/UefiHiiLib.lib
c:/users/mliang2x/workspace/edk2/Build/OvmfX64/DEBUG_VS2015x86/X64/MdePkg/Library/UefiDriverEntryPoint/UefiDriverEntryPoint/OUTPUT/UefiDriverEntryPoint.lib
c:/users/mliang2x/workspace/edk2/Build/OvmfX64/DEBUG_VS2015x86/X64/OvmfPkg/PlatformDxe/Platform/OUTPUT/PlatformDxe.lib