c:/users/mliang2x/workspace/edk2/Build/Ovmf3264/DEBUG_VS2015x86/X64/MdeModulePkg/Library/BootMaintenanceManagerUiLib/BootMaintenanceManagerUiLib/OUTPUT/BootMaintenanceManager.obj
c:/users/mliang2x/workspace/edk2/Build/Ovmf3264/DEBUG_VS2015x86/X64/MdeModulePkg/Library/BootMaintenanceManagerUiLib/BootMaintenanceManagerUiLib/OUTPUT/BootMaintenance.obj
c:/users/mliang2x/workspace/edk2/Build/Ovmf3264/DEBUG_VS2015x86/X64/MdeModulePkg/Library/BootMaintenanceManagerUiLib/BootMaintenanceManagerUiLib/OUTPUT/BootOption.obj
c:/users/mliang2x/workspace/edk2/Build/Ovmf3264/DEBUG_VS2015x86/X64/MdeModulePkg/Library/BootMaintenanceManagerUiLib/BootMaintenanceManagerUiLib/OUTPUT/ConsoleOption.obj
c:/users/mliang2x/workspace/edk2/Build/Ovmf3264/DEBUG_VS2015x86/X64/MdeModulePkg/Library/BootMaintenanceManagerUiLib/BootMaintenanceManagerUiLib/OUTPUT/Data.obj
c:/users/mliang2x/workspace/edk2/Build/Ovmf3264/DEBUG_VS2015x86/X64/MdeModulePkg/Library/BootMaintenanceManagerUiLib/BootMaintenanceManagerUiLib/OUTPUT/Variable.obj
c:/users/mliang2x/workspace/edk2/Build/Ovmf3264/DEBUG_VS2015x86/X64/MdeModulePkg/Library/BootMaintenanceManagerUiLib/BootMaintenanceManagerUiLib/OUTPUT/UpdatePage.obj
c:/users/mliang2x/workspace/edk2/Build/Ovmf3264/DEBUG_VS2015x86/X64/MdeModulePkg/Library/BootMaintenanceManagerUiLib/BootMaintenanceManagerUiLib/OUTPUT/BmLib.obj
c:/users/mliang2x/workspace/edk2/Build/Ovmf3264/DEBUG_VS2015x86/X64/MdeModulePkg/Library/BootMaintenanceManagerUiLib/BootMaintenanceManagerUiLib/OUTPUT/BootMaintenanceManagerCustomizedUi.obj
c:/users/mliang2x/workspace/edk2/Build/Ovmf3264/DEBUG_VS2015x86/X64/MdeModulePkg/Library/BootMaintenanceManagerUiLib/BootMaintenanceManagerUiLib/OUTPUT/BootMaintenanceManagerCustomizedUiSupport.obj
c:/users/mliang2x/workspace/edk2/Build/Ovmf3264/DEBUG_VS2015x86/X64/MdeModulePkg/Library/BootMaintenanceManagerUiLib/BootMaintenanceManagerUiLib/OUTPUT/AutoGen.obj