c:/users/mliang2x/workspace/edk2/Build/Ovmf3264/DEBUG_VS2015x86/X64/NetworkPkg/Ip4Dxe/Ip4Dxe/OUTPUT/Ip4Driver.obj
c:/users/mliang2x/workspace/edk2/Build/Ovmf3264/DEBUG_VS2015x86/X64/NetworkPkg/Ip4Dxe/Ip4Dxe/OUTPUT/Ip4If.obj
c:/users/mliang2x/workspace/edk2/Build/Ovmf3264/DEBUG_VS2015x86/X64/NetworkPkg/Ip4Dxe/Ip4Dxe/OUTPUT/Ip4Output.obj
c:/users/mliang2x/workspace/edk2/Build/Ovmf3264/DEBUG_VS2015x86/X64/NetworkPkg/Ip4Dxe/Ip4Dxe/OUTPUT/Ip4Icmp.obj
c:/users/mliang2x/workspace/edk2/Build/Ovmf3264/DEBUG_VS2015x86/X64/NetworkPkg/Ip4Dxe/Ip4Dxe/OUTPUT/Ip4Igmp.obj
c:/users/mliang2x/workspace/edk2/Build/Ovmf3264/DEBUG_VS2015x86/X64/NetworkPkg/Ip4Dxe/Ip4Dxe/OUTPUT/Ip4Impl.obj
c:/users/mliang2x/workspace/edk2/Build/Ovmf3264/DEBUG_VS2015x86/X64/NetworkPkg/Ip4Dxe/Ip4Dxe/OUTPUT/Ip4Common.obj
c:/users/mliang2x/workspace/edk2/Build/Ovmf3264/DEBUG_VS2015x86/X64/NetworkPkg/Ip4Dxe/Ip4Dxe/OUTPUT/Ip4Option.obj
c:/users/mliang2x/workspace/edk2/Build/Ovmf3264/DEBUG_VS2015x86/X64/NetworkPkg/Ip4Dxe/Ip4Dxe/OUTPUT/ComponentName.obj
c:/users/mliang2x/workspace/edk2/Build/Ovmf3264/DEBUG_VS2015x86/X64/NetworkPkg/Ip4Dxe/Ip4Dxe/OUTPUT/Ip4Route.obj
c:/users/mliang2x/workspace/edk2/Build/Ovmf3264/DEBUG_VS2015x86/X64/NetworkPkg/Ip4Dxe/Ip4Dxe/OUTPUT/Ip4Input.obj
c:/users/mliang2x/workspace/edk2/Build/Ovmf3264/DEBUG_VS2015x86/X64/NetworkPkg/Ip4Dxe/Ip4Dxe/OUTPUT/Ip4Config2Impl.obj
c:/users/mliang2x/workspace/edk2/Build/Ovmf3264/DEBUG_VS2015x86/X64/NetworkPkg/Ip4Dxe/Ip4Dxe/OUTPUT/Ip4Config2.obj
c:/users/mliang2x/workspace/edk2/Build/Ovmf3264/DEBUG_VS2015x86/X64/NetworkPkg/Ip4Dxe/Ip4Dxe/OUTPUT/Ip4Config2Nv.obj
c:/users/mliang2x/workspace/edk2/Build/Ovmf3264/DEBUG_VS2015x86/X64/NetworkPkg/Ip4Dxe/Ip4Dxe/OUTPUT/AutoGen.obj