 VlanConfigDxe

 Timestamp is 647848fe (Thu Jun  1 15:30:06 2023)

 Preferred load address is 0000000000000000

 Start         Length     Name                   Class
 0001:00000000 00000318H .text                   CODE
 0001:00000318 00004d7fH .text$mn                CODE
 0002:00000000 00001c64H .rdata                  DATA
 0002:00001c64 00000140H .rdata$zzzdbg           DATA
 0003:00000000 00000828H .data                   DATA
 0003:00000828 00000068H .bss                    DATA
 0004:00000000 0000036cH .pdata                  DATA
 0005:00000000 000002ecH .xdata                  DATA

  Address         Publics by Value              Rva+Base               Lib:Object

 0000:00000000       __dynamic_value_reloc_table 0000000000000000     <absolute>
 0000:00000000       __guard_longjmp_count      0000000000000000     <absolute>
 0000:00000000       __guard_fids_count         0000000000000000     <absolute>
 0000:00000000       __guard_longjmp_table      0000000000000000     <absolute>
 0000:00000000       __guard_fids_table         0000000000000000     <absolute>
 0000:00000000       __guard_iat_table          0000000000000000     <absolute>
 0000:00000000       __guard_iat_count          0000000000000000     <absolute>
 0000:00000000       __guard_flags              0000000000000000     <absolute>
 0001:00000000       InternalMemZeroMem         00000000000002c0     BaseMemoryLibRepStr:ZeroMem.obj
 0001:00000020       InternalMemSetMem16        00000000000002e0     BaseMemoryLibRepStr:SetMem16.obj
 0001:00000040       InternalMemCopyMem         0000000000000300     BaseMemoryLibRepStr:CopyMem.obj
 0001:00000080       InternalMemSetMem          0000000000000340     BaseMemoryLibRepStr:SetMem.obj
 0001:000000a0       InternalMemCompareMem      0000000000000360     BaseMemoryLibRepStr:CompareMem.obj
 0001:000000c0       InternalMemSetMem64        0000000000000380     BaseMemoryLibRepStr:SetMem64.obj
 0001:000000e0       InternalMemSetMem32        00000000000003a0     BaseMemoryLibRepStr:SetMem32.obj
 0001:00000100       CpuPause                   00000000000003c0     BaseLib:CpuPause.obj
 0001:00000110       SevNoRepIo                 00000000000003d0     BaseIoLibIntrinsicSev:IoFifoSev.obj
 0001:00000150       SevIoReadFifo8             0000000000000410     BaseIoLibIntrinsicSev:IoFifoSev.obj
 0001:00000172       SevIoReadFifo16            0000000000000432     BaseIoLibIntrinsicSev:IoFifoSev.obj
 0001:00000198       SevIoReadFifo32            0000000000000458     BaseIoLibIntrinsicSev:IoFifoSev.obj
 0001:000001bb       SevIoWriteFifo8            000000000000047b     BaseIoLibIntrinsicSev:IoFifoSev.obj
 0001:000001dd       SevIoWriteFifo16           000000000000049d     BaseIoLibIntrinsicSev:IoFifoSev.obj
 0001:00000203       SevIoWriteFifo32           00000000000004c3     BaseIoLibIntrinsicSev:IoFifoSev.obj
 0001:00000230       TdVmCall                   00000000000004f0     BaseLib:TdVmcall.obj
 0001:000002c0       TdCall                     0000000000000580     BaseLib:TdCall.obj
 0001:00000318       _DriverUnloadHandler       00000000000005d8 f   UefiDriverEntryPoint:DriverEntryPoint.obj
 0001:0000049c       _ModuleEntryPoint          000000000000075c f   UefiDriverEntryPoint:DriverEntryPoint.obj
 0001:000005b0       ProcessLibraryConstructorList 0000000000000870 f   VlanConfigDxe:AutoGen.obj
 0001:00000814       VlanConfigDriverBindingSupported 0000000000000ad4 f   VlanConfigDxe:VlanConfigDriver.obj
 0001:00000890       VlanConfigDriverBindingStart 0000000000000b50 f   VlanConfigDxe:VlanConfigDriver.obj
 0001:00000a40       VlanConfigDriverBindingStop 0000000000000d00 f   VlanConfigDxe:VlanConfigDriver.obj
 0001:00000b3c       VlanConfigComponentNameGetDriverName 0000000000000dfc f   VlanConfigDxe:ComponentName.obj
 0001:00000c4c       VlanConfigComponentNameGetControllerName 0000000000000f0c f   VlanConfigDxe:ComponentName.obj
 0001:00000c58       VlanExtractConfig          0000000000000f18 f   VlanConfigDxe:VlanConfigImpl.obj
 0001:00000e58       VlanRouteConfig            0000000000001118 f   VlanConfigDxe:VlanConfigImpl.obj
 0001:00000eb8       VlanCallback               0000000000001178 f   VlanConfigDxe:VlanConfigImpl.obj
 0001:000010b4       VlanUpdateForm             0000000000001374 f   VlanConfigDxe:VlanConfigImpl.obj
 0001:00001420       InstallVlanConfigForm      00000000000016e0 f   VlanConfigDxe:VlanConfigImpl.obj
 0001:0000159c       UninstallVlanConfigForm    000000000000185c f   VlanConfigDxe:VlanConfigImpl.obj
 0001:000016d4       ZeroMem                    0000000000001994 f   BaseMemoryLibRepStr:ZeroMemWrapper.obj
 0001:00001738       StrnLenS                   00000000000019f8 f   BaseLib:SafeString.obj
 0001:000017a0       StrCpyS                    0000000000001a60 f   BaseLib:SafeString.obj
 0001:00001944       StrCatS                    0000000000001c04 f   BaseLib:SafeString.obj
 0001:00001b2c       AsciiStrnLenS              0000000000001dec f   BaseLib:SafeString.obj
 0001:00001b50       StrLen                     0000000000001e10 f   BaseLib:String.obj
 0001:00001be4       StrnCmp                    0000000000001ea4 f   BaseLib:String.obj
 0001:00001ccc       StrStr                     0000000000001f8c f   BaseLib:String.obj
 0001:00001d94       AsciiStrLen                0000000000002054 f   BaseLib:String.obj
 0001:00001e00       AsciiStrnCmp               00000000000020c0 f   BaseLib:String.obj
 0001:00001ecc       UnicodeSPrint              000000000000218c f   BasePrintLib:PrintLib.obj
 0001:00001f4c       UnicodeValueToStringS      000000000000220c f   BasePrintLib:PrintLib.obj
 0001:00001fbc       AsciiSPrint                000000000000227c f   BasePrintLib:PrintLib.obj
 0001:00001fe4       BasePrintLibFillBuffer     00000000000022a4 f   BasePrintLib:PrintLibInternal.obj
 0001:00002018       BasePrintLibValueToString  00000000000022d8 f   BasePrintLib:PrintLibInternal.obj
 0001:00002090       BasePrintLibConvertValueToStringS 0000000000002350 f   BasePrintLib:PrintLibInternal.obj
 0001:000023a0       BasePrintLibSPrintMarker   0000000000002660 f   BasePrintLib:PrintLibInternal.obj
 0001:00003224       BasePrintLibSPrint         00000000000034e4 f   BasePrintLib:PrintLibInternal.obj
 0001:00003248       DebugPrint                 0000000000003508 f   PlatformDebugLibIoPort:DebugLib.obj
 0001:0000326c       DebugPrintMarker           000000000000352c f   PlatformDebugLibIoPort:DebugLib.obj
 0001:000032f4       DebugAssert                00000000000035b4 f   PlatformDebugLibIoPort:DebugLib.obj
 0001:00003364       PlatformDebugLibIoPortFound 0000000000003624 f   PlatformDebugLibIoPort:DebugLibDetect.obj
 0001:000033ac       InternalAllocatePool       000000000000366c f   UefiMemoryAllocationLib:MemoryAllocationLib.obj
 0001:000033dc       AllocateZeroPool           000000000000369c f   UefiMemoryAllocationLib:MemoryAllocationLib.obj
 0001:00003408       InternalAllocateCopyPool   00000000000036c8 f   UefiMemoryAllocationLib:MemoryAllocationLib.obj
 0001:00003480       InternalReallocatePool     0000000000003740 f   UefiMemoryAllocationLib:MemoryAllocationLib.obj
 0001:00003500       FreePool                   00000000000037c0 f   UefiMemoryAllocationLib:MemoryAllocationLib.obj
 0001:00003544       DevicePathSubType          0000000000003804 f   UefiDevicePathLibDevicePathProtocol:UefiDevicePathLib.obj
 0001:00003574       DevicePathNodeLength       0000000000003834 f   UefiDevicePathLibDevicePathProtocol:UefiDevicePathLib.obj
 0001:000035c0       NextDevicePathNode         0000000000003880 f   UefiDevicePathLibDevicePathProtocol:UefiDevicePathLib.obj
 0001:000035f8       IsDevicePathEndType        00000000000038b8 f   UefiDevicePathLibDevicePathProtocol:UefiDevicePathLib.obj
 0001:00003644       IsDevicePathEnd            0000000000003904 f   UefiDevicePathLibDevicePathProtocol:UefiDevicePathLib.obj
 0001:00003698       DevicePathFromHandle       0000000000003958 f   UefiDevicePathLibDevicePathProtocol:UefiDevicePathLib.obj
 0001:000036cc       CompareIso639LanguageCode  000000000000398c f   UefiLib:UefiLib.obj
 0001:00003734       IsLanguageSupported        00000000000039f4 f   UefiLib:UefiLib.obj
 0001:000037b4       NetLibGetSnpHandle         0000000000003a74 f   DxeNetLib:DxeNetLib.obj
 0001:0000387c       NetLibGetVlanHandle        0000000000003b3c f   DxeNetLib:DxeNetLib.obj
 0001:00003928       NetLibGetMacString         0000000000003be8 f   DxeNetLib:DxeNetLib.obj
 0001:00003bb4       HiiSetString               0000000000003e74 f   UefiHiiLib:HiiString.obj
 0001:00003d04       HiiAddPackages             0000000000003fc4 f   UefiHiiLib:HiiLib.obj
 0001:00003e40       InternalHiiBrowserCallback 0000000000004100 f   UefiHiiLib:HiiLib.obj
 0001:00003f50       HiiConstructConfigHdr      0000000000004210 f   UefiHiiLib:HiiLib.obj
 0001:000041b0       InternalHiiCompareSubString 0000000000004470 f   UefiHiiLib:HiiLib.obj
 0001:000042cc       HiiIsConfigHdrMatch        000000000000458c f   UefiHiiLib:HiiLib.obj
 0001:00004364       HiiGetBrowserData          0000000000004624 f   UefiHiiLib:HiiLib.obj
 0001:0000443c       HiiSetBrowserData          00000000000046fc f   UefiHiiLib:HiiLib.obj
 0001:0000455c       HiiAllocateOpCodeHandle    000000000000481c f   UefiHiiLib:HiiLib.obj
 0001:000045ac       InternalHiiGrowOpCodeHandle 000000000000486c f   UefiHiiLib:HiiLib.obj
 0001:00004650       InternalHiiCreateOpCodeExtended 0000000000004910 f   UefiHiiLib:HiiLib.obj
 0001:00004704       HiiCreateGuidOpCode        00000000000049c4 f   UefiHiiLib:HiiLib.obj
 0001:00004758       InternalHiiUpdateFormPackageData 0000000000004a18 f   UefiHiiLib:HiiLib.obj
 0001:000049d0       HiiUpdateForm              0000000000004c90 f   UefiHiiLib:HiiLib.obj
 0001:00004c40       HiiGetSupportedLanguages   0000000000004f00 f   UefiHiiLib:HiiLanguage.obj
 0001:00004ce4       CopyGuid                   0000000000004fa4 f   BaseMemoryLibRepStr:MemLibGuid.obj
 0001:00004d68       CompareGuid                0000000000005028 f   BaseMemoryLibRepStr:MemLibGuid.obj
 0001:00004dcc       CopyMem                    000000000000508c f   BaseMemoryLibRepStr:CopyMemWrapper.obj
 0001:00004e68       CompareMem                 0000000000005128 f   BaseMemoryLibRepStr:CompareMemWrapper.obj
 0001:00004f40       ReadUnaligned32            0000000000005200 f   BaseLib:Unaligned.obj
 0001:00004f70       ReadUnaligned64            0000000000005230 f   BaseLib:Unaligned.obj
 0001:00004fa0       IoWriteFifo8               0000000000005260 f   BaseIoLibIntrinsicSev:IoLibFifo.obj
 0001:00004ff4       TdIoRead8                  00000000000052b4 f   BaseIoLibIntrinsicSev:IoLibInternalTdx.obj
 0001:00005044       TdIoWrite8                 0000000000005304 f   BaseIoLibIntrinsicSev:IoLibInternalTdx.obj
 0002:00000000       ??_C@_0CB@DMEJJJHA@?6ASSERT_EFI_ERROR?5?$CIStatus?5?$DN?5?$CFr?$CJ?6@ 0000000000005360     UefiDriverEntryPoint:DriverEntryPoint.obj
 0002:00000028       ??_C@_0CH@BBNBJKHK@?$CB?$CI?$CI?$CIINTN?$CJ?$CIRETURN_STATUS?$CJ?$CIStatus?$CJ@ 0000000000005388     UefiDriverEntryPoint:DriverEntryPoint.obj
 0002:00000050       ??_C@_0FI@PIDCFOGG@c?3?2users?2mliang2x?2workspace?2edk2@ 00000000000053b0     UefiDriverEntryPoint:DriverEntryPoint.obj
 0002:000000b0       ??_C@_0HK@PPNAGODA@c?3?2users?2mliang2x?2workspace?2edk2@ 0000000000005410     VlanConfigDxe:AutoGen.obj
 0002:00000130       ??_C@_0FA@CEOMGDNM@PrivateData?9?$DOSignature?5?$DN?$DN?5?$CI?$CI?$CI?8V?8@ 0000000000005490     VlanConfigDxe:VlanConfigDriver.obj
 0002:00000180       ??_C@_0EN@FIHOOBPI@c?3?2users?2mliang2x?2workspace?2edk2@ 00000000000054e0     VlanConfigDxe:VlanConfigDriver.obj
 0002:000001d0       ??_C@_03LKLGDMJI@eng?$AA@  0000000000005530     VlanConfigDxe:ComponentName.obj
 0002:000001d4       ??_C@_02LFNMGJAP@en?$AA@   0000000000005534     VlanConfigDxe:ComponentName.obj
 0002:000001d8       ??_C@_06DALJLGPG@eng?$DLen?$AA@ 0000000000005538     VlanConfigDxe:ComponentName.obj
 0002:000001e0       ??_C@_1DE@GEKDGKOO@?$AAV?$AAL?$AAA?$AAN?$AA?5?$AAC?$AAo?$AAn?$AAf?$AAi?$AAg?$AAu?$AAr?$AAa?$AAt?$AAi?$AAo?$AAn?$AA?5?$AAD?$AAr?$AAi?$AAv?$AAe?$AAr?$AA?$AA@ 0000000000005540     VlanConfigDxe:ComponentName.obj
 0002:00000218       ??_C@_0CC@PJDMNBJA@mHiiConfigRouting?5?$CB?$DN?5?$CI?$CIvoid?5?$CK?$CJ?50@ 0000000000005578     VlanConfigDxe:VlanConfigImpl.obj
 0002:00000240       ??_C@_0EL@PDOFKHME@c?3?2users?2mliang2x?2workspace?2edk2@ 00000000000055a0     VlanConfigDxe:VlanConfigImpl.obj
 0002:00000290       ??_C@_0BF@NDBIKIKC@CR?5has?5Bad?5Signature?$AA@ 00000000000055f0     VlanConfigDxe:VlanConfigImpl.obj
 0002:000002a8       ??_C@_1O@LFMAFHMH@?$AAO?$AAF?$AAF?$AAS?$AAE?$AAT?$AA?$AA@ 0000000000005608     VlanConfigDxe:VlanConfigImpl.obj
 0002:000002b8       ??_C@_0BO@KAEFIFMO@ConfigRequest?5?$CB?$DN?5?$CI?$CIvoid?5?$CK?$CJ?50?$CJ?$AA@ 0000000000005618     VlanConfigDxe:VlanConfigImpl.obj
 0002:000002d8       ??_C@_1DC@EPJEBJEB@?$AA?$CF?$AAs?$AA?$CG?$AAO?$AAF?$AAF?$AAS?$AAE?$AAT?$AA?$DN?$AA0?$AA?$CG?$AAW?$AAI?$AAD?$AAT?$AAH?$AA?$DN?$AA?$CF?$AA0?$AA1?$AA6?$AAL?$AAX?$AA?$AA@ 0000000000005638     VlanConfigDxe:VlanConfigImpl.obj
 0002:00000310       ??_C@_0BO@DCPGBEOP@Configuration?5?$CB?$DN?5?$CI?$CIvoid?5?$CK?$CJ?50?$CJ?$AA@ 0000000000005670     VlanConfigDxe:VlanConfigImpl.obj
 0002:00000330       ??_C@_0CB@JHMGLMCO@PrivateData?9?$DONumberOfVlan?5?$DM?$DN?5100@ 0000000000005690     VlanConfigDxe:VlanConfigImpl.obj
 0002:00000358       ??_C@_0CC@PIBHJFDN@StartOpCodeHandle?5?$CB?$DN?5?$CI?$CIvoid?5?$CK?$CJ?50@ 00000000000056b8     VlanConfigDxe:VlanConfigImpl.obj
 0002:00000380       ??_C@_0CA@FMKGPAPI@EndOpCodeHandle?5?$CB?$DN?5?$CI?$CIvoid?5?$CK?$CJ?50?$CJ?$AA@ 00000000000056e0     VlanConfigDxe:VlanConfigImpl.obj
 0002:000003a0       ??_C@_1BG@KBIPMBNI@?$AA?5?$AA?5?$AAV?$AAL?$AAA?$AAN?$AA?5?$AAI?$AAD?$AA?3?$AA?$AA@ 0000000000005700     VlanConfigDxe:VlanConfigImpl.obj
 0002:000003c0       ??_C@_1BI@MIKPFMIO@?$AA?0?$AA?5?$AAP?$AAr?$AAi?$AAo?$AAr?$AAi?$AAt?$AAy?$AA?3?$AA?$AA@ 0000000000005720     VlanConfigDxe:VlanConfigImpl.obj
 0002:000003d8       ??_C@_0O@EMMLPDMJ@StringId?5?$CB?$DN?50?$AA@ 0000000000005738     VlanConfigDxe:VlanConfigImpl.obj
 0002:000003f0       ??_C@_1DC@FBJMIKHD@?$AAV?$AAL?$AAA?$AAN?$AA?5?$AAC?$AAo?$AAn?$AAf?$AAi?$AAg?$AAu?$AAr?$AAa?$AAt?$AAi?$AAo?$AAn?$AA?5?$AA?$CI?$AAM?$AAA?$AAC?$AA?3?$AA?$AA@ 0000000000005750     VlanConfigDxe:VlanConfigImpl.obj
 0002:00000424       ??_C@_13DIBMAFH@?$AA?$CJ?$AA?$AA@ 0000000000005784     VlanConfigDxe:VlanConfigImpl.obj
 0002:00000428       ??_C@_0BH@IACGKAP@Buffer?5?$CB?$DN?5?$CI?$CIvoid?5?$CK?$CJ?50?$CJ?$AA@ 0000000000005788     BaseMemoryLibRepStr:ZeroMemWrapper.obj
 0002:00000440       ??_C@_0FF@PKHNKPL@c?3?2users?2mliang2x?2workspace?2edk2@ 00000000000057a0     BaseMemoryLibRepStr:ZeroMemWrapper.obj
 0002:00000498       ??_C@_0DG@EEENIGGL@Length?5?$DM?$DN?5?$CI0xFFFFFFFFFFFFFFFFULL@ 00000000000057f8     BaseMemoryLibRepStr:ZeroMemWrapper.obj
 0002:000004d0       ??_C@_0FG@BHBOFAHM@c?3?2users?2mliang2x?2workspace?2edk2@ 0000000000005830     BaseMemoryLibRepStr:SetMem16Wrapper.obj
 0002:00000528       ??_C@_0DI@DAGDPLPG@?$CILength?5?9?51?$CJ?5?$DM?$DN?5?$CI0xFFFFFFFFFFFFF@ 0000000000005888     BaseMemoryLibRepStr:SetMem16Wrapper.obj
 0002:00000560       ??_C@_0CO@LECKNDNC@?$CI?$CI?$CIUINTN?$CJBuffer?$CJ?5?$CG?5?$CIsizeof?5?$CIValu@ 00000000000058c0     BaseMemoryLibRepStr:SetMem16Wrapper.obj
 0002:00000590       ??_C@_0CF@LEICOABD@?$CILength?5?$CG?5?$CIsizeof?5?$CIValue?$CJ?5?9?51?$CJ?$CJ?5@ 00000000000058f0     BaseMemoryLibRepStr:SetMem16Wrapper.obj
 0002:000005b8       ??_C@_0CC@GFNLNIOC@?$CI?$CIUINTN?$CJString?5?$CG?50x00000001?$CJ?5?$DN?$DN?5@ 0000000000005918     BaseLib:SafeString.obj
 0002:000005e0       ??_C@_0EF@MFKKFBPN@c?3?2users?2mliang2x?2workspace?2edk2@ 0000000000005940     BaseLib:SafeString.obj
 0002:00000628       ??_C@_0CH@LALFPBMC@?$CI?$CIUINTN?$CJDestination?5?$CG?50x00000001@ 0000000000005988     BaseLib:SafeString.obj
 0002:00000650       ??_C@_0CC@HEBCMBPF@?$CI?$CIUINTN?$CJSource?5?$CG?50x00000001?$CJ?5?$DN?$DN?5@ 00000000000059b0     BaseLib:SafeString.obj
 0002:00000678       ??_C@_0BO@ECNIOIHG@?$CIDestination?5?$CB?$DN?5?$CI?$CIvoid?5?$CK?$CJ?50?$CJ?$CJ?$AA@ 00000000000059d8     BaseLib:SafeString.obj
 0002:00000698       ??_C@_07KBGDFDAM@StrCpyS?$AA@ 00000000000059f8     BaseLib:SafeString.obj
 0002:000006a0       ??_C@_0EA@PDPDJJNN@?$CFa?$CI?$CFd?$CJ?5?$CFa?3?5SAFE_STRING_CONSTRAIN@ 0000000000005a00     BaseLib:SafeString.obj
 0002:000006e0       ??_C@_0BJ@EAEEJIP@?$CISource?5?$CB?$DN?5?$CI?$CIvoid?5?$CK?$CJ?50?$CJ?$CJ?$AA@ 0000000000005a40     BaseLib:SafeString.obj
 0002:00000700       ??_C@_0EA@BBALOHPI@?$CIDestMax?5?$DM?$DN?5?$CI_gPcd_FixedAtBuild_@ 0000000000005a60     BaseLib:SafeString.obj
 0002:00000740       ??_C@_0P@PMIMLIHM@?$CIDestMax?5?$CB?$DN?50?$CJ?$AA@ 0000000000005aa0     BaseLib:SafeString.obj
 0002:00000750       ??_C@_0BG@EEGIIOKH@?$CIDestMax?5?$DO?5SourceLen?$CJ?$AA@ 0000000000005ab0     BaseLib:SafeString.obj
 0002:00000770       ??_C@_0FH@PPBLBDBJ@InternalSafeStringNoStrOverlap?5?$CI@ 0000000000005ad0     BaseLib:SafeString.obj
 0002:000007c8       ??_C@_07EBBOPAKF@StrCatS?$AA@ 0000000000005b28     BaseLib:SafeString.obj
 0002:000007d0       ??_C@_0P@BHOOOJPD@?$CICopyLen?5?$CB?$DN?50?$CJ?$AA@ 0000000000005b30     BaseLib:SafeString.obj
 0002:000007e0       ??_C@_0BG@BPGICNPK@?$CICopyLen?5?$DO?5SourceLen?$CJ?$AA@ 0000000000005b40     BaseLib:SafeString.obj
 0002:000007f8       ??_C@_0BJ@CNKJJNE@?$CIBuffer?5?$CB?$DN?5?$CI?$CIvoid?5?$CK?$CJ?50?$CJ?$CJ?$AA@ 0000000000005b58     BaseLib:SafeString.obj
 0002:00000818       ??_C@_0BH@MAAHKCPC@String?5?$CB?$DN?5?$CI?$CIvoid?5?$CK?$CJ?50?$CJ?$AA@ 0000000000005b78     BaseLib:String.obj
 0002:00000830       ??_C@_0EB@OHCINBMP@c?3?2users?2mliang2x?2workspace?2edk2@ 0000000000005b90     BaseLib:String.obj
 0002:00000878       ??_C@_0DK@EOJCOAME@Length?5?$DM?5_gPcd_FixedAtBuild_PcdM@ 0000000000005bd8     BaseLib:String.obj
 0002:000008b8       ??_C@_0BL@JAAMOCAJ@StrSize?5?$CIFirstString?$CJ?5?$CB?$DN?50?$AA@ 0000000000005c18     BaseLib:String.obj
 0002:000008d8       ??_C@_0BM@DALBOILC@StrSize?5?$CISecondString?$CJ?5?$CB?$DN?50?$AA@ 0000000000005c38     BaseLib:String.obj
 0002:000008f8       ??_C@_0DL@LFIMEMJP@Length?5?$DM?$DN?5_gPcd_FixedAtBuild_Pcd@ 0000000000005c58     BaseLib:String.obj
 0002:00000938       ??_C@_0BG@KBNOLIGE@StrSize?5?$CIString?$CJ?5?$CB?$DN?50?$AA@ 0000000000005c98     BaseLib:String.obj
 0002:00000950       ??_C@_0BM@NNBLOHJD@StrSize?5?$CISearchString?$CJ?5?$CB?$DN?50?$AA@ 0000000000005cb0     BaseLib:String.obj
 0002:00000970       ??_C@_0DI@MDIKFADO@Length?5?$DM?5_gPcd_FixedAtBuild_PcdM@ 0000000000005cd0     BaseLib:String.obj
 0002:000009a8       ??_C@_0BL@IKFBNFIL@AsciiStrSize?5?$CIFirstString?$CJ?$AA@ 0000000000005d08     BaseLib:String.obj
 0002:000009c8       ??_C@_0BM@EDNOKLLE@AsciiStrSize?5?$CISecondString?$CJ?$AA@ 0000000000005d28     BaseLib:String.obj
 0002:000009e8       ??_C@_0DJ@JJHGIFMP@Length?5?$DM?$DN?5_gPcd_FixedAtBuild_Pcd@ 0000000000005d48     BaseLib:String.obj
 0002:00000a28       ??_C@_0N@KGHEHMDL@Divisor?5?$CB?$DN?50?$AA@ 0000000000005d88     BaseLib:DivU64x32.obj
 0002:00000a38       ??_C@_0CI@BGLNHBLM@?$CI?$CI?$CIUINTN?$CJ?5?$CIStartOfBuffer?$CJ?$CJ?5?$CG?50x0@ 0000000000005d98     BasePrintLib:PrintLib.obj
 0002:00000a60       ??_C@_0EI@PHEOPKNG@c?3?2users?2mliang2x?2workspace?2edk2@ 0000000000005dc0     BasePrintLib:PrintLib.obj
 0002:00000aa8       ??_C@_0CH@KJLBGOBB@?$CI?$CI?$CIUINTN?$CJ?5?$CIFormatString?$CJ?$CJ?5?$CG?50x01@ 0000000000005e08     BasePrintLib:PrintLib.obj
 0002:00000ad0       ??_C@_0CB@LDBAOPMG@?$CI?$CI?$CIUINTN?$CJ?5?$CIBuffer?$CJ?$CJ?5?$CG?50x01?$CJ?5?$DN?$DN?50@ 0000000000005e30     BasePrintLib:PrintLib.obj
 0002:00000b00       ??_C@_0FA@JGMHCDLA@c?3?2users?2mliang2x?2workspace?2edk2@ 0000000000005e60     BasePrintLib:PrintLibInternal.obj
 0002:00000b50       ??_C@_0EB@HDGIDCIO@?$CIBufferSize?5?$DM?$DN?5?$CI_gPcd_FixedAtBui@ 0000000000005eb0     BasePrintLib:PrintLibInternal.obj
 0002:00000ba0       ??_C@_0FJ@HAEMOBLP@?$CIBufferSize?5?$DM?$DN?5?$CI_gPcd_FixedAtBui@ 0000000000005f00     BasePrintLib:PrintLibInternal.obj
 0002:00000c00       ??_C@_0CO@OJNGHNJG@?$CI?$CIFlags?5?$CG?5?$HO?$CI0x01?5?$HM?50x08?5?$HM?50x20?5?$HM@ 0000000000005f60     BasePrintLib:PrintLibInternal.obj
 0002:00000c30       ??_C@_0DB@HIDPIAGP@?$CI?$CI?$CIFlags?5?$CG?50x08?$CJ?5?$DN?$DN?50?$CJ?5?$HM?$HM?5?$CI?$CIFlag@ 0000000000005f90     BasePrintLib:PrintLibInternal.obj
 0002:00000c68       ??_C@_0N@PNKFBKME@?$CIWidth?5?$DM?538?$CJ?$AA@ 0000000000005fc8     BasePrintLib:PrintLibInternal.obj
 0002:00000c78       ??_C@_0CI@HPJOGFNE@?$CIBufferSize?5?$DO?$DN?5?$CIWidth?5?$CL?51?$CJ?5?$CK?5Inc@ 0000000000005fd8     BasePrintLib:PrintLibInternal.obj
 0002:00000ca0       ??_C@_0BJ@PPAKKDJG@?$CIFormat?5?$CB?$DN?5?$CI?$CIvoid?5?$CK?$CJ?50?$CJ?$CJ?$AA@ 0000000000006000     BasePrintLib:PrintLibInternal.obj
 0002:00000cc0       ??_C@_0ED@LPDDCECB@?$CIBufferSize?5?$DM?$DN?5?$CI_gPcd_FixedAtBui@ 0000000000006020     BasePrintLib:PrintLibInternal.obj
 0002:00000d10       ??_C@_0IM@BFJJFLGB@?$CIStrnLenS?5?$CI?$CICHAR16?5?$CK?$CJFormat?0?5?$CI_g@ 0000000000006070     BasePrintLib:PrintLibInternal.obj
 0002:00000da0       ??_C@_0ID@PLGJGION@?$CIAsciiStrnLenS?5?$CIFormat?0?5?$CI_gPcd_F@ 0000000000006100     BasePrintLib:PrintLibInternal.obj
 0002:00000e28       ??_C@_0O@MLOLIMFM@?$DMnull?5string?$DO?$AA@ 0000000000006188     BasePrintLib:PrintLibInternal.obj
 0002:00000e38       ??_C@_0M@BJJDNPHK@?$DMnull?5guid?$DO?$AA@ 0000000000006198     BasePrintLib:PrintLibInternal.obj
 0002:00000e48       ??_C@_0DB@PMLHLBMO@?$CF08x?9?$CF04x?9?$CF04x?9?$CF02x?$CF02x?9?$CF02x?$CF02x@ 00000000000061a8     BasePrintLib:PrintLibInternal.obj
 0002:00000e80       ??_C@_0M@LHGBCIKM@?$DMnull?5time?$DO?$AA@ 00000000000061e0     BasePrintLib:PrintLibInternal.obj
 0002:00000e90       ??_C@_0BK@FCPKCIDD@?$CF02d?1?$CF02d?1?$CF04d?5?5?$CF02d?3?$CF02d?$AA@ 00000000000061f0     BasePrintLib:PrintLibInternal.obj
 0002:00000eac       ??_C@_04JIMNDDED@?$CF08X?$AA@ 000000000000620c     BasePrintLib:PrintLibInternal.obj
 0002:00000eb4       ??_C@_02PCIJFNDE@?$AN?6?$AA@ 0000000000006214     BasePrintLib:PrintLibInternal.obj
 0002:00000eb8       ??_C@_01LIIJDEN@?$AN?$AA@  0000000000006218     BasePrintLib:PrintLibInternal.obj
 0002:00000ec0       mWarningString             0000000000006220     BasePrintLib:PrintLibInternal.obj
 0002:00000f60       mErrorString               00000000000062c0     BasePrintLib:PrintLibInternal.obj
 0002:00001220       mHexStr                    0000000000006580     BasePrintLib:PrintLibInternal.obj
 0002:00001230       ??_C@_0BH@LKMBFCBF@Format?5?$CB?$DN?5?$CI?$CIvoid?5?$CK?$CJ?50?$CJ?$AA@ 0000000000006590     PlatformDebugLibIoPort:DebugLib.obj
 0002:00001250       ??_C@_0FD@OABGLBHF@c?3?2users?2mliang2x?2workspace?2edk2@ 00000000000065b0     PlatformDebugLibIoPort:DebugLib.obj
 0002:000012a8       ??_C@_0BE@ECBJLCDE@ASSERT?5?$CFa?$CI?$CFLu?$CJ?3?5?$CFa?6?$AA@ 0000000000006608     PlatformDebugLibIoPort:DebugLib.obj
 0002:000012c0       ??_C@_0BN@COECPDCC@gImageHandle?5?$CB?$DN?5?$CI?$CIvoid?5?$CK?$CJ?50?$CJ?$AA@ 0000000000006620     UefiBootServicesTableLib:UefiBootServicesTableLib.obj
 0002:000012e0       ??_C@_0GE@FKBNDHHB@c?3?2users?2mliang2x?2workspace?2edk2@ 0000000000006640     UefiBootServicesTableLib:UefiBootServicesTableLib.obj
 0002:00001348       ??_C@_0BE@DGNHAHIL@gST?5?$CB?$DN?5?$CI?$CIvoid?5?$CK?$CJ?50?$CJ?$AA@ 00000000000066a8     UefiBootServicesTableLib:UefiBootServicesTableLib.obj
 0002:00001360       ??_C@_0BE@BDFJLGLN@gBS?5?$CB?$DN?5?$CI?$CIvoid?5?$CK?$CJ?50?$CJ?$AA@ 00000000000066c0     UefiBootServicesTableLib:UefiBootServicesTableLib.obj
 0002:00001380       ??_C@_0FO@BEMDJMPM@c?3?2users?2mliang2x?2workspace?2edk2@ 00000000000066e0     UefiMemoryAllocationLib:MemoryAllocationLib.obj
 0002:000013e0       ??_C@_0DO@GEEICOOO@AllocationSize?5?$DM?$DN?5?$CI0xFFFFFFFFFFF@ 0000000000006740     UefiMemoryAllocationLib:MemoryAllocationLib.obj
 0002:00001420       ??_C@_0BE@OBDFIHND@gRT?5?$CB?$DN?5?$CI?$CIvoid?5?$CK?$CJ?50?$CJ?$AA@ 0000000000006780     UefiRuntimeServicesTableLib:UefiRuntimeServicesTableLib.obj
 0002:00001440       ??_C@_0GK@FJIMGEPP@c?3?2users?2mliang2x?2workspace?2edk2@ 00000000000067a0     UefiRuntimeServicesTableLib:UefiRuntimeServicesTableLib.obj
 0002:000014b0       ??_C@_0GI@KEFAHLGJ@c?3?2users?2mliang2x?2workspace?2edk2@ 0000000000006810     UefiDevicePathLibDevicePathProtocol:UefiDevicePathLib.obj
 0002:00001518       ??_C@_0DC@CNNBPJA@mDevicePathLibDevicePathUtilitie@ 0000000000006878     UefiDevicePathLibDevicePathProtocol:UefiDevicePathLib.obj
 0002:00001550       ??_C@_0BF@CBLMFKOC@Node?5?$CB?$DN?5?$CI?$CIvoid?5?$CK?$CJ?50?$CJ?$AA@ 00000000000068b0     UefiDevicePathLibDevicePathProtocol:UefiDevicePathLib.obj
 0002:00001570       ??_C@_0EK@CMFOJGEC@c?3?2users?2mliang2x?2workspace?2edk2@ 00000000000068d0     UefiLib:UefiDriverModel.obj
 0002:000015c0       ??_C@_0FO@HNLMMFDN@c?3?2users?2mliang2x?2workspace?2edk2@ 0000000000006920     UefiHiiServicesLib:UefiHiiServicesLib.obj
 0002:00001620       ??_C@_0EK@GBBIEMHN@c?3?2users?2mliang2x?2workspace?2edk2@ 0000000000006980     DxeNetLib:DxeNetLib.obj
 0002:00001670       ??_C@_0BK@GPKNKKJO@MacString?5?$CB?$DN?5?$CI?$CIvoid?5?$CK?$CJ?50?$CJ?$AA@ 00000000000069d0     DxeNetLib:DxeNetLib.obj
 0002:00001690       ??_C@_0BK@KLJHMMPJ@HiiHandle?5?$CB?$DN?5?$CI?$CIvoid?5?$CK?$CJ?50?$CJ?$AA@ 00000000000069f0     UefiHiiLib:HiiString.obj
 0002:000016b0       ??_C@_0EN@DDBLCGFI@c?3?2users?2mliang2x?2workspace?2edk2@ 0000000000006a10     UefiHiiLib:HiiString.obj
 0002:00001700       ??_C@_06PLDEFKP@x?9UEFI?$AA@ 0000000000006a60     UefiHiiLib:HiiString.obj
 0002:00001708       ??_C@_0CA@OEKIMLLB@PackageListGuid?5?$CB?$DN?5?$CI?$CIvoid?5?$CK?$CJ?50?$CJ?$AA@ 0000000000006a68     UefiHiiLib:HiiString.obj
 0002:00001730       ??_C@_0EK@CCOCGB@c?3?2users?2mliang2x?2workspace?2edk2@ 0000000000006a90     UefiHiiLib:HiiLib.obj
 0002:00001780       ??_C@_0BN@EHPNHAIF@ConfigString?5?$CB?$DN?5?$CI?$CIvoid?5?$CK?$CJ?50?$CJ?$AA@ 0000000000006ae0     UefiHiiLib:HiiLib.obj
 0002:000017a0       ??_C@_0BG@MJAHJKJ@Block?5?$CB?$DN?5?$CI?$CIvoid?5?$CK?$CJ?50?$CJ?$AA@ 0000000000006b00     UefiHiiLib:HiiLib.obj
 0002:000017b8       ??_C@_1M@DPLGJLCD@?$AAG?$AAU?$AAI?$AAD?$AA?$DN?$AA?$AA@ 0000000000006b18     UefiHiiLib:HiiLib.obj
 0002:000017c8       ??_C@_1O@FMIENBLJ@?$AA?$CG?$AAN?$AAA?$AAM?$AAE?$AA?$DN?$AA?$AA@ 0000000000006b28     UefiHiiLib:HiiLib.obj
 0002:000017d8       ??_C@_1O@GGMHNGIF@?$AA?$CG?$AAP?$AAA?$AAT?$AAH?$AA?$DN?$AA?$AA@ 0000000000006b38     UefiHiiLib:HiiLib.obj
 0002:000017e8       ??_C@_0BM@LENJOOBF@FirstString?5?$CB?$DN?5?$CI?$CIvoid?5?$CK?$CJ?50?$CJ?$AA@ 0000000000006b48     UefiHiiLib:HiiLib.obj
 0002:00001808       ??_C@_0BN@CGMEJHHH@SecondString?5?$CB?$DN?5?$CI?$CIvoid?5?$CK?$CJ?50?$CJ?$AA@ 0000000000006b68     UefiHiiLib:HiiLib.obj
 0002:00001828       ??_C@_0CC@BCKDEPBB@StartSearchString?5?$CB?$DN?5?$CI?$CIvoid?5?$CK?$CJ?50@ 0000000000006b88     UefiHiiLib:HiiLib.obj
 0002:00001850       ??_C@_0CB@NPMPBLHL@StopSearchString?5?$CB?$DN?5?$CI?$CIvoid?5?$CK?$CJ?50?$CJ@ 0000000000006bb0     UefiHiiLib:HiiLib.obj
 0002:00001878       ??_C@_0BK@LFDBOAFJ@ConfigHdr?5?$CB?$DN?5?$CI?$CIvoid?5?$CK?$CJ?50?$CJ?$AA@ 0000000000006bd8     UefiHiiLib:HiiLib.obj
 0002:00001898       ??_C@_1M@IDEFLMF@?$AA?$CF?$AAs?$AA?$CG?$AA?$CF?$AAs?$AA?$AA@ 0000000000006bf8     UefiHiiLib:HiiLib.obj
 0002:000018a8       ??_C@_0BN@OKKMNGPH@OpCodeHandle?5?$CB?$DN?5?$CI?$CIvoid?5?$CK?$CJ?50?$CJ?$AA@ 0000000000006c08     UefiHiiLib:HiiLib.obj
 0002:000018c8       ??_C@_0BP@IOABAFLF@OpCodeTemplate?5?$CB?$DN?5?$CI?$CIvoid?5?$CK?$CJ?50?$CJ?$AA@ 0000000000006c28     UefiHiiLib:HiiLib.obj
 0002:000018e8       ??_C@_0CF@DPHCOLMP@?$CIOpCodeSize?5?$CL?5ExtensionSize?$CJ?5?$DM?$DN?5@ 0000000000006c48     UefiHiiLib:HiiLib.obj
 0002:00001910       mConfigHdrTemplate         0000000000006c70     UefiHiiLib:HiiLib.obj
 0002:00001980       mEndOfPakageList           0000000000006ce0     UefiHiiLib:HiiLib.obj
 0002:00001990       ??_C@_0EP@LMJDKFAP@c?3?2users?2mliang2x?2workspace?2edk2@ 0000000000006cf0     UefiHiiLib:HiiLanguage.obj
 0002:000019e0       ??_C@_0ED@MKGCMJG@?$CILength?5?9?51?$CJ?5?$DM?$DN?5?$CI0xFFFFFFFFFFFFF@ 0000000000006d40     BaseMemoryLibRepStr:CopyMemWrapper.obj
 0002:00001a30       ??_C@_0FF@LLAFLLDM@c?3?2users?2mliang2x?2workspace?2edk2@ 0000000000006d90     BaseMemoryLibRepStr:CopyMemWrapper.obj
 0002:00001a88       ??_C@_0DO@MAOBOFEG@?$CILength?5?9?51?$CJ?5?$DM?$DN?5?$CI0xFFFFFFFFFFFFF@ 0000000000006de8     BaseMemoryLibRepStr:CopyMemWrapper.obj
 0002:00001ac8       ??_C@_0CC@JOEHDGKB@DestinationBuffer?5?$CB?$DN?5?$CI?$CIvoid?5?$CK?$CJ?50@ 0000000000006e28     BaseMemoryLibRepStr:CompareMemWrapper.obj
 0002:00001af0       ??_C@_0FI@NCCCHAEB@c?3?2users?2mliang2x?2workspace?2edk2@ 0000000000006e50     BaseMemoryLibRepStr:CompareMemWrapper.obj
 0002:00001b48       ??_C@_0BN@MDMCNBCC@SourceBuffer?5?$CB?$DN?5?$CI?$CIvoid?5?$CK?$CJ?50?$CJ?$AA@ 0000000000006ea8     BaseMemoryLibRepStr:CompareMemWrapper.obj
 0002:00001b70       ??_C@_0EE@FAJFAODK@c?3?2users?2mliang2x?2workspace?2edk2@ 0000000000006ed0     BaseLib:Unaligned.obj
 0002:00001bc0       ??_C@_0EN@EIGKPMFG@c?3?2users?2mliang2x?2workspace?2edk2@ 0000000000006f20     BaseLib:DivU64x32Remainder.obj
 0003:00000000       gEfiLoadedImageProtocolGuid 0000000000007120     VlanConfigDxe:AutoGen.obj
 0003:00000010       gEfiIfrTianoGuid           0000000000007130     VlanConfigDxe:AutoGen.obj
 0003:00000020       gEfiComponentName2ProtocolGuid 0000000000007140     VlanConfigDxe:AutoGen.obj
 0003:00000030       gEfiVlanConfigProtocolGuid 0000000000007150     VlanConfigDxe:AutoGen.obj
 0003:00000040       gEfiDevicePathProtocolGuid 0000000000007160     VlanConfigDxe:AutoGen.obj
 0003:00000050       VlanConfigDxeStrings       0000000000007170     VlanConfigDxe:AutoGen.obj
 0003:00000438       gEfiSimpleNetworkProtocolGuid 0000000000007558     VlanConfigDxe:AutoGen.obj
 0003:00000448       gEfiHiiConfigRoutingProtocolGuid 0000000000007568     VlanConfigDxe:AutoGen.obj
 0003:00000458       gEfiHiiImageProtocolGuid   0000000000007578     VlanConfigDxe:AutoGen.obj
 0003:00000468       gEfiDevicePathUtilitiesProtocolGuid 0000000000007588     VlanConfigDxe:AutoGen.obj
 0003:00000478       gEfiHiiDatabaseProtocolGuid 0000000000007598     VlanConfigDxe:AutoGen.obj
 0003:00000488       gEfiHiiStringProtocolGuid  00000000000075a8     VlanConfigDxe:AutoGen.obj
 0003:00000498       gEfiHiiConfigAccessProtocolGuid 00000000000075b8     VlanConfigDxe:AutoGen.obj
 0003:000004a8       gEfiManagedNetworkServiceBindingProtocolGuid 00000000000075c8     VlanConfigDxe:AutoGen.obj
 0003:000004b8       gEfiFormBrowser2ProtocolGuid 00000000000075d8     VlanConfigDxe:AutoGen.obj
 0003:000004c8       gEfiDriverBindingProtocolGuid 00000000000075e8     VlanConfigDxe:AutoGen.obj
 0003:000004d8       gEfiComponentNameProtocolGuid 00000000000075f8     VlanConfigDxe:AutoGen.obj
 0003:000004e8       gEfiCallerIdGuid           0000000000007608     VlanConfigDxe:AutoGen.obj
 0003:000004f8       gEfiManagedNetworkProtocolGuid 0000000000007618     VlanConfigDxe:AutoGen.obj
 0003:00000510       gVlanConfigFormSetGuid     0000000000007630     VlanConfigDxe:AutoGen.obj
 0003:00000520       gEfiHiiFontProtocolGuid    0000000000007640     VlanConfigDxe:AutoGen.obj
 0003:00000530       gVlanConfigDriverBinding   0000000000007650     VlanConfigDxe:VlanConfigDriver.obj
 0003:00000560       gVlanConfigComponentName2  0000000000007680     VlanConfigDxe:ComponentName.obj
 0003:00000578       gVlanConfigComponentName   0000000000007698     VlanConfigDxe:ComponentName.obj
 0003:00000590       mVlanConfigDriverNameTable 00000000000076b0     VlanConfigDxe:ComponentName.obj
 0003:000005b0       mVlanConfigPrivateDateTemplate 00000000000076d0     VlanConfigDxe:VlanConfigImpl.obj
 0003:000006e0       mVlanStorageName           0000000000007800     VlanConfigDxe:VlanConfigImpl.obj
 0003:000006f8       mHiiVendorDevicePathNode   0000000000007818     VlanConfigDxe:VlanConfigImpl.obj
 0003:00000710       VlanConfigBin              0000000000007830     VlanConfigDxe:VlanConfig.obj
 0003:00000820       mNetVlanDevicePathTemplate 0000000000007940     DxeNetLib:DxeNetLib.obj
 0003:00000828       mHiiConfigRouting          0000000000007948     VlanConfigDxe:VlanConfigImpl.obj
 0003:00000838       gST                        0000000000007958     UefiBootServicesTableLib:UefiBootServicesTableLib.obj
 0003:00000840       gBS                        0000000000007960     UefiBootServicesTableLib:UefiBootServicesTableLib.obj
 0003:00000848       gImageHandle               0000000000007968     UefiBootServicesTableLib:UefiBootServicesTableLib.obj
 0003:00000850       gRT                        0000000000007970     UefiRuntimeServicesTableLib:UefiRuntimeServicesTableLib.obj
 0003:00000858       mDevicePathLibDevicePathUtilities 0000000000007978     UefiDevicePathLibDevicePathProtocol:UefiDevicePathLib.obj
 0003:00000860       gHiiString                 0000000000007980     UefiHiiServicesLib:UefiHiiServicesLib.obj
 0003:00000868       gHiiFont                   0000000000007988     UefiHiiServicesLib:UefiHiiServicesLib.obj
 0003:00000870       gHiiConfigRouting          0000000000007990     UefiHiiServicesLib:UefiHiiServicesLib.obj
 0003:00000878       gHiiImage                  0000000000007998     UefiHiiServicesLib:UefiHiiServicesLib.obj
 0003:00000880       gHiiDatabase               00000000000079a0     UefiHiiServicesLib:UefiHiiServicesLib.obj
 0003:00000888       mUefiFormBrowser2          00000000000079a8     UefiHiiLib:HiiLib.obj

 entry point at        0001:0000049c

 Static symbols

 0001:0000005a       InternalMemCopyMem.0       000000000000031a     BaseMemoryLibRepStr:CopyMem.obj
 0001:0000006a       @CopyBackward              000000000000032a     BaseMemoryLibRepStr:CopyMem.obj
 0001:00000073       @CopyBytes                 0000000000000333     BaseMemoryLibRepStr:CopyMem.obj
 0001:0000014a       @UseRepIo                  000000000000040a     BaseIoLibIntrinsicSev:IoFifoSev.obj
 0001:0000014c       @SevNoRepIo_Done           000000000000040c     BaseIoLibIntrinsicSev:IoFifoSev.obj
 0001:00000164       @IoReadFifo8_NoRep         0000000000000424     BaseIoLibIntrinsicSev:IoFifoSev.obj
 0001:00000166       @IoReadFifo8_Loop          0000000000000426     BaseIoLibIntrinsicSev:IoFifoSev.obj
 0001:0000016e       @IoReadFifo8_Done          000000000000042e     BaseIoLibIntrinsicSev:IoFifoSev.obj
 0001:00000187       @IoReadFifo16_NoRep        0000000000000447     BaseIoLibIntrinsicSev:IoFifoSev.obj
 0001:00000189       @IoReadFifo16_Loop         0000000000000449     BaseIoLibIntrinsicSev:IoFifoSev.obj
 0001:00000194       @IoReadFifo16_Done         0000000000000454     BaseIoLibIntrinsicSev:IoFifoSev.obj
 0001:000001ac       @IoReadFifo32_NoRep        000000000000046c     BaseIoLibIntrinsicSev:IoFifoSev.obj
 0001:000001ae       @IoReadFifo32_Loop         000000000000046e     BaseIoLibIntrinsicSev:IoFifoSev.obj
 0001:000001b7       @IoReadFifo32_Done         0000000000000477     BaseIoLibIntrinsicSev:IoFifoSev.obj
 0001:000001cf       @IoWriteFifo8_NoRep        000000000000048f     BaseIoLibIntrinsicSev:IoFifoSev.obj
 0001:000001d1       @IoWriteFifo8_Loop         0000000000000491     BaseIoLibIntrinsicSev:IoFifoSev.obj
 0001:000001d9       @IoWriteFifo8_Done         0000000000000499     BaseIoLibIntrinsicSev:IoFifoSev.obj
 0001:000001f2       @IoWriteFifo16_NoRep       00000000000004b2     BaseIoLibIntrinsicSev:IoFifoSev.obj
 0001:000001f4       @IoWriteFifo16_Loop        00000000000004b4     BaseIoLibIntrinsicSev:IoFifoSev.obj
 0001:000001ff       @IoWriteFifo16_Done        00000000000004bf     BaseIoLibIntrinsicSev:IoFifoSev.obj
 0001:00000217       @IoWriteFifo32_NoRep       00000000000004d7     BaseIoLibIntrinsicSev:IoFifoSev.obj
 0001:00000219       @IoWriteFifo32_Loop        00000000000004d9     BaseIoLibIntrinsicSev:IoFifoSev.obj
 0001:00000222       @IoWriteFifo32_Done        00000000000004e2     BaseIoLibIntrinsicSev:IoFifoSev.obj
 0001:0000028e       TdVmCall.no_return_data    000000000000054e     BaseLib:TdVmcall.obj
 0001:0000030b       TdCall.exit                00000000000005cb     BaseLib:TdCall.obj
 0003:00000830       mDebugIoPortChecked        0000000000007950     PlatformDebugLibIoPort:DebugLibDetect.obj
 0003:00000831       mDebugIoPortFound          0000000000007951     PlatformDebugLibIoPort:DebugLibDetect.obj
 0004:00000000       $pdata$_DriverUnloadHandler 00000000000079c0     UefiDriverEntryPoint:DriverEntryPoint.obj
 0004:0000000c       $pdata$_ModuleEntryPoint   00000000000079cc     UefiDriverEntryPoint:DriverEntryPoint.obj
 0004:00000018       $pdata$ProcessLibraryConstructorList 00000000000079d8     VlanConfigDxe:AutoGen.obj
 0004:00000024       $pdata$VlanConfigDriverBindingSupported 00000000000079e4     VlanConfigDxe:VlanConfigDriver.obj
 0004:00000030       $pdata$VlanConfigDriverBindingStart 00000000000079f0     VlanConfigDxe:VlanConfigDriver.obj
 0004:0000003c       $pdata$VlanConfigDriverBindingStop 00000000000079fc     VlanConfigDxe:VlanConfigDriver.obj
 0004:00000048       $pdata$VlanConfigComponentNameGetDriverName 0000000000007a08     VlanConfigDxe:ComponentName.obj
 0004:00000054       $pdata$VlanExtractConfig   0000000000007a14     VlanConfigDxe:VlanConfigImpl.obj
 0004:00000060       $pdata$VlanRouteConfig     0000000000007a20     VlanConfigDxe:VlanConfigImpl.obj
 0004:0000006c       $pdata$VlanCallback        0000000000007a2c     VlanConfigDxe:VlanConfigImpl.obj
 0004:00000078       $pdata$VlanUpdateForm      0000000000007a38     VlanConfigDxe:VlanConfigImpl.obj
 0004:00000084       $pdata$InstallVlanConfigForm 0000000000007a44     VlanConfigDxe:VlanConfigImpl.obj
 0004:00000090       $pdata$UninstallVlanConfigForm 0000000000007a50     VlanConfigDxe:VlanConfigImpl.obj
 0004:0000009c       $pdata$ZeroMem             0000000000007a5c     BaseMemoryLibRepStr:ZeroMemWrapper.obj
 0004:000000a8       $pdata$StrnLenS            0000000000007a68     BaseLib:SafeString.obj
 0004:000000b4       $pdata$StrCpyS             0000000000007a74     BaseLib:SafeString.obj
 0004:000000c0       $pdata$StrCatS             0000000000007a80     BaseLib:SafeString.obj
 0004:000000cc       $pdata$StrLen              0000000000007a8c     BaseLib:String.obj
 0004:000000d8       $pdata$StrnCmp             0000000000007a98     BaseLib:String.obj
 0004:000000e4       $pdata$StrStr              0000000000007aa4     BaseLib:String.obj
 0004:000000f0       $pdata$AsciiStrLen         0000000000007ab0     BaseLib:String.obj
 0004:000000fc       $pdata$AsciiStrnCmp        0000000000007abc     BaseLib:String.obj
 0004:00000108       $pdata$UnicodeSPrint       0000000000007ac8     BasePrintLib:PrintLib.obj
 0004:00000114       $pdata$UnicodeValueToStringS 0000000000007ad4     BasePrintLib:PrintLib.obj
 0004:00000120       $pdata$AsciiSPrint         0000000000007ae0     BasePrintLib:PrintLib.obj
 0004:0000012c       $pdata$BasePrintLibValueToString 0000000000007aec     BasePrintLib:PrintLibInternal.obj
 0004:00000138       $pdata$BasePrintLibConvertValueToStringS 0000000000007af8     BasePrintLib:PrintLibInternal.obj
 0004:00000144       $pdata$BasePrintLibSPrintMarker 0000000000007b04     BasePrintLib:PrintLibInternal.obj
 0004:00000150       $pdata$BasePrintLibSPrint  0000000000007b10     BasePrintLib:PrintLibInternal.obj
 0004:0000015c       $pdata$DebugPrint          0000000000007b1c     PlatformDebugLibIoPort:DebugLib.obj
 0004:00000168       $pdata$DebugPrintMarker    0000000000007b28     PlatformDebugLibIoPort:DebugLib.obj
 0004:00000174       $pdata$DebugAssert         0000000000007b34     PlatformDebugLibIoPort:DebugLib.obj
 0004:00000180       $pdata$PlatformDebugLibIoPortFound 0000000000007b40     PlatformDebugLibIoPort:DebugLibDetect.obj
 0004:0000018c       $pdata$InternalAllocatePool 0000000000007b4c     UefiMemoryAllocationLib:MemoryAllocationLib.obj
 0004:00000198       $pdata$AllocateZeroPool    0000000000007b58     UefiMemoryAllocationLib:MemoryAllocationLib.obj
 0004:000001a4       $pdata$InternalAllocateCopyPool 0000000000007b64     UefiMemoryAllocationLib:MemoryAllocationLib.obj
 0004:000001b0       $pdata$InternalReallocatePool 0000000000007b70     UefiMemoryAllocationLib:MemoryAllocationLib.obj
 0004:000001bc       $pdata$FreePool            0000000000007b7c     UefiMemoryAllocationLib:MemoryAllocationLib.obj
 0004:000001c8       $pdata$DevicePathSubType   0000000000007b88     UefiDevicePathLibDevicePathProtocol:UefiDevicePathLib.obj
 0004:000001d4       $pdata$DevicePathNodeLength 0000000000007b94     UefiDevicePathLibDevicePathProtocol:UefiDevicePathLib.obj
 0004:000001e0       $pdata$NextDevicePathNode  0000000000007ba0     UefiDevicePathLibDevicePathProtocol:UefiDevicePathLib.obj
 0004:000001ec       $pdata$IsDevicePathEndType 0000000000007bac     UefiDevicePathLibDevicePathProtocol:UefiDevicePathLib.obj
 0004:000001f8       $pdata$IsDevicePathEnd     0000000000007bb8     UefiDevicePathLibDevicePathProtocol:UefiDevicePathLib.obj
 0004:00000204       $pdata$DevicePathFromHandle 0000000000007bc4     UefiDevicePathLibDevicePathProtocol:UefiDevicePathLib.obj
 0004:00000210       $pdata$CompareIso639LanguageCode 0000000000007bd0     UefiLib:UefiLib.obj
 0004:0000021c       $pdata$IsLanguageSupported 0000000000007bdc     UefiLib:UefiLib.obj
 0004:00000228       $pdata$NetLibGetSnpHandle  0000000000007be8     DxeNetLib:DxeNetLib.obj
 0004:00000234       $pdata$NetLibGetVlanHandle 0000000000007bf4     DxeNetLib:DxeNetLib.obj
 0004:00000240       $pdata$NetLibGetMacString  0000000000007c00     DxeNetLib:DxeNetLib.obj
 0004:0000024c       $pdata$HiiSetString        0000000000007c0c     UefiHiiLib:HiiString.obj
 0004:00000258       $pdata$HiiAddPackages      0000000000007c18     UefiHiiLib:HiiLib.obj
 0004:00000264       $pdata$InternalHiiBrowserCallback 0000000000007c24     UefiHiiLib:HiiLib.obj
 0004:00000270       $pdata$HiiConstructConfigHdr 0000000000007c30     UefiHiiLib:HiiLib.obj
 0004:0000027c       $pdata$InternalHiiCompareSubString 0000000000007c3c     UefiHiiLib:HiiLib.obj
 0004:00000288       $pdata$HiiIsConfigHdrMatch 0000000000007c48     UefiHiiLib:HiiLib.obj
 0004:00000294       $pdata$HiiGetBrowserData   0000000000007c54     UefiHiiLib:HiiLib.obj
 0004:000002a0       $pdata$HiiSetBrowserData   0000000000007c60     UefiHiiLib:HiiLib.obj
 0004:000002ac       $pdata$HiiAllocateOpCodeHandle 0000000000007c6c     UefiHiiLib:HiiLib.obj
 0004:000002b8       $pdata$InternalHiiGrowOpCodeHandle 0000000000007c78     UefiHiiLib:HiiLib.obj
 0004:000002c4       $pdata$InternalHiiCreateOpCodeExtended 0000000000007c84     UefiHiiLib:HiiLib.obj
 0004:000002d0       $pdata$HiiCreateGuidOpCode 0000000000007c90     UefiHiiLib:HiiLib.obj
 0004:000002dc       $pdata$InternalHiiUpdateFormPackageData 0000000000007c9c     UefiHiiLib:HiiLib.obj
 0004:000002e8       $pdata$HiiUpdateForm       0000000000007ca8     UefiHiiLib:HiiLib.obj
 0004:000002f4       $pdata$HiiGetSupportedLanguages 0000000000007cb4     UefiHiiLib:HiiLanguage.obj
 0004:00000300       $pdata$CopyGuid            0000000000007cc0     BaseMemoryLibRepStr:MemLibGuid.obj
 0004:0000030c       $pdata$CompareGuid         0000000000007ccc     BaseMemoryLibRepStr:MemLibGuid.obj
 0004:00000318       $pdata$CopyMem             0000000000007cd8     BaseMemoryLibRepStr:CopyMemWrapper.obj
 0004:00000324       $pdata$CompareMem          0000000000007ce4     BaseMemoryLibRepStr:CompareMemWrapper.obj
 0004:00000330       $pdata$ReadUnaligned32     0000000000007cf0     BaseLib:Unaligned.obj
 0004:0000033c       $pdata$ReadUnaligned64     0000000000007cfc     BaseLib:Unaligned.obj
 0004:00000348       $pdata$IoWriteFifo8        0000000000007d08     BaseIoLibIntrinsicSev:IoLibFifo.obj
 0004:00000354       $pdata$TdIoRead8           0000000000007d14     BaseIoLibIntrinsicSev:IoLibInternalTdx.obj
 0004:00000360       $pdata$TdIoWrite8          0000000000007d20     BaseIoLibIntrinsicSev:IoLibInternalTdx.obj
 0005:00000000       $unwind$_DriverUnloadHandler 0000000000007d40     UefiDriverEntryPoint:DriverEntryPoint.obj
 0005:00000010       $unwind$_ModuleEntryPoint  0000000000007d50     UefiDriverEntryPoint:DriverEntryPoint.obj
 0005:0000001c       $unwind$ProcessLibraryConstructorList 0000000000007d5c     VlanConfigDxe:AutoGen.obj
 0005:0000001c       $unwind$CopyMem            0000000000007d5c     BaseMemoryLibRepStr:CopyMemWrapper.obj
 0005:0000001c       $unwind$BasePrintLibValueToString 0000000000007d5c     BasePrintLib:PrintLibInternal.obj
 0005:0000001c       $unwind$InternalReallocatePool 0000000000007d5c     UefiMemoryAllocationLib:MemoryAllocationLib.obj
 0005:0000001c       $unwind$InternalHiiCompareSubString 0000000000007d5c     UefiHiiLib:HiiLib.obj
 0005:0000001c       $unwind$StrnCmp            0000000000007d5c     BaseLib:String.obj
 0005:00000030       $unwind$VlanConfigDriverBindingSupported 0000000000007d70     VlanConfigDxe:VlanConfigDriver.obj
 0005:00000040       $unwind$VlanConfigDriverBindingStart 0000000000007d80     VlanConfigDxe:VlanConfigDriver.obj
 0005:0000004c       $unwind$VlanConfigDriverBindingStop 0000000000007d8c     VlanConfigDxe:VlanConfigDriver.obj
 0005:00000060       $unwind$VlanConfigComponentNameGetDriverName 0000000000007da0     VlanConfigDxe:ComponentName.obj
 0005:00000078       $unwind$VlanExtractConfig  0000000000007db8     VlanConfigDxe:VlanConfigImpl.obj
 0005:00000098       $unwind$ZeroMem            0000000000007dd8     BaseMemoryLibRepStr:ZeroMemWrapper.obj
 0005:00000098       $unwind$CompareIso639LanguageCode 0000000000007dd8     UefiLib:UefiLib.obj
 0005:00000098       $unwind$AsciiStrLen        0000000000007dd8     BaseLib:String.obj
 0005:00000098       $unwind$VlanRouteConfig    0000000000007dd8     VlanConfigDxe:VlanConfigImpl.obj
 0005:00000098       $unwind$StrnLenS           0000000000007dd8     BaseLib:SafeString.obj
 0005:00000098       $unwind$InternalAllocateCopyPool 0000000000007dd8     UefiMemoryAllocationLib:MemoryAllocationLib.obj
 0005:00000098       $unwind$IsDevicePathEnd    0000000000007dd8     UefiDevicePathLibDevicePathProtocol:UefiDevicePathLib.obj
 0005:00000098       $unwind$HiiGetSupportedLanguages 0000000000007dd8     UefiHiiLib:HiiLanguage.obj
 0005:000000a4       $unwind$VlanCallback       0000000000007de4     VlanConfigDxe:VlanConfigImpl.obj
 0005:000000c0       $unwind$VlanUpdateForm     0000000000007e00     VlanConfigDxe:VlanConfigImpl.obj
 0005:000000dc       $unwind$InstallVlanConfigForm 0000000000007e1c     VlanConfigDxe:VlanConfigImpl.obj
 0005:000000f0       $unwind$UninstallVlanConfigForm 0000000000007e30     VlanConfigDxe:VlanConfigImpl.obj
 0005:000000fc       $unwind$StrCpyS            0000000000007e3c     BaseLib:SafeString.obj
 0005:00000114       $unwind$StrCatS            0000000000007e54     BaseLib:SafeString.obj
 0005:00000130       $unwind$IsLanguageSupported 0000000000007e70     UefiLib:UefiLib.obj
 0005:00000130       $unwind$InternalHiiGrowOpCodeHandle 0000000000007e70     UefiHiiLib:HiiLib.obj
 0005:00000130       $unwind$AsciiStrnCmp       0000000000007e70     BaseLib:String.obj
 0005:00000130       $unwind$CompareGuid        0000000000007e70     BaseMemoryLibRepStr:MemLibGuid.obj
 0005:00000130       $unwind$HiiIsConfigHdrMatch 0000000000007e70     UefiHiiLib:HiiLib.obj
 0005:00000130       $unwind$CopyGuid           0000000000007e70     BaseMemoryLibRepStr:MemLibGuid.obj
 0005:00000130       $unwind$StrStr             0000000000007e70     BaseLib:String.obj
 0005:00000130       $unwind$StrLen             0000000000007e70     BaseLib:String.obj
 0005:00000130       $unwind$IoWriteFifo8       0000000000007e70     BaseIoLibIntrinsicSev:IoLibFifo.obj
 0005:00000140       $unwind$UnicodeSPrint      0000000000007e80     BasePrintLib:PrintLib.obj
 0005:0000014c       $unwind$UnicodeValueToStringS 0000000000007e8c     BasePrintLib:PrintLib.obj
 0005:00000160       $unwind$AsciiSPrint        0000000000007ea0     BasePrintLib:PrintLib.obj
 0005:00000168       $unwind$BasePrintLibConvertValueToStringS 0000000000007ea8     BasePrintLib:PrintLibInternal.obj
 0005:00000184       $unwind$BasePrintLibSPrintMarker 0000000000007ec4     BasePrintLib:PrintLibInternal.obj
 0005:000001a0       $unwind$BasePrintLibSPrint 0000000000007ee0     BasePrintLib:PrintLibInternal.obj
 0005:000001a8       $unwind$DebugPrint         0000000000007ee8     PlatformDebugLibIoPort:DebugLib.obj
 0005:000001b0       $unwind$DebugPrintMarker   0000000000007ef0     PlatformDebugLibIoPort:DebugLib.obj
 0005:000001c4       $unwind$DebugAssert        0000000000007f04     PlatformDebugLibIoPort:DebugLib.obj
 0005:000001d0       $unwind$PlatformDebugLibIoPortFound 0000000000007f10     PlatformDebugLibIoPort:DebugLibDetect.obj
 0005:000001d0       $unwind$DevicePathFromHandle 0000000000007f10     UefiDevicePathLibDevicePathProtocol:UefiDevicePathLib.obj
 0005:000001d0       $unwind$InternalAllocatePool 0000000000007f10     UefiMemoryAllocationLib:MemoryAllocationLib.obj
 0005:000001d0       $unwind$FreePool           0000000000007f10     UefiMemoryAllocationLib:MemoryAllocationLib.obj
 0005:000001d8       $unwind$DevicePathSubType  0000000000007f18     UefiDevicePathLibDevicePathProtocol:UefiDevicePathLib.obj
 0005:000001d8       $unwind$NextDevicePathNode 0000000000007f18     UefiDevicePathLibDevicePathProtocol:UefiDevicePathLib.obj
 0005:000001d8       $unwind$IsDevicePathEndType 0000000000007f18     UefiDevicePathLibDevicePathProtocol:UefiDevicePathLib.obj
 0005:000001d8       $unwind$ReadUnaligned64    0000000000007f18     BaseLib:Unaligned.obj
 0005:000001d8       $unwind$DevicePathNodeLength 0000000000007f18     UefiDevicePathLibDevicePathProtocol:UefiDevicePathLib.obj
 0005:000001d8       $unwind$HiiAllocateOpCodeHandle 0000000000007f18     UefiHiiLib:HiiLib.obj
 0005:000001d8       $unwind$AllocateZeroPool   0000000000007f18     UefiMemoryAllocationLib:MemoryAllocationLib.obj
 0005:000001d8       $unwind$ReadUnaligned32    0000000000007f18     BaseLib:Unaligned.obj
 0005:000001e0       $unwind$NetLibGetVlanHandle 0000000000007f20     DxeNetLib:DxeNetLib.obj
 0005:000001e0       $unwind$NetLibGetSnpHandle 0000000000007f20     DxeNetLib:DxeNetLib.obj
 0005:000001ec       $unwind$NetLibGetMacString 0000000000007f2c     DxeNetLib:DxeNetLib.obj
 0005:00000208       $unwind$HiiSetString       0000000000007f48     UefiHiiLib:HiiString.obj
 0005:00000220       $unwind$HiiAddPackages     0000000000007f60     UefiHiiLib:HiiLib.obj
 0005:00000234       $unwind$InternalHiiBrowserCallback 0000000000007f74     UefiHiiLib:HiiLib.obj
 0005:00000248       $unwind$HiiConstructConfigHdr 0000000000007f88     UefiHiiLib:HiiLib.obj
 0005:00000264       $unwind$HiiGetBrowserData  0000000000007fa4     UefiHiiLib:HiiLib.obj
 0005:00000278       $unwind$HiiSetBrowserData  0000000000007fb8     UefiHiiLib:HiiLib.obj
 0005:00000288       $unwind$InternalHiiCreateOpCodeExtended 0000000000007fc8     UefiHiiLib:HiiLib.obj
 0005:00000288       $unwind$CompareMem         0000000000007fc8     BaseMemoryLibRepStr:CompareMemWrapper.obj
 0005:000002a0       $unwind$HiiCreateGuidOpCode 0000000000007fe0     UefiHiiLib:HiiLib.obj
 0005:000002a8       $unwind$InternalHiiUpdateFormPackageData 0000000000007fe8     UefiHiiLib:HiiLib.obj
 0005:000002c4       $unwind$HiiUpdateForm      0000000000008004     UefiHiiLib:HiiLib.obj
 0005:000002dc       $unwind$TdIoRead8          000000000000801c     BaseIoLibIntrinsicSev:IoLibInternalTdx.obj
 0005:000002e4       $unwind$TdIoWrite8         0000000000008024     BaseIoLibIntrinsicSev:IoLibInternalTdx.obj
