c:/users/mliang2x/workspace/edk2/Build/OvmfX64/DEBUG_VS2015x86/X64/MdeModulePkg/Universal/Disk/RamDiskDxe/RamDiskDxe/OUTPUT/RamDiskDriver.obj
c:/users/mliang2x/workspace/edk2/Build/OvmfX64/DEBUG_VS2015x86/X64/MdeModulePkg/Universal/Disk/RamDiskDxe/RamDiskDxe/OUTPUT/RamDiskImpl.obj
c:/users/mliang2x/workspace/edk2/Build/OvmfX64/DEBUG_VS2015x86/X64/MdeModulePkg/Universal/Disk/RamDiskDxe/RamDiskDxe/OUTPUT/RamDiskBlockIo.obj
c:/users/mliang2x/workspace/edk2/Build/OvmfX64/DEBUG_VS2015x86/X64/MdeModulePkg/Universal/Disk/RamDiskDxe/RamDiskDxe/OUTPUT/RamDiskProtocol.obj
c:/users/mliang2x/workspace/edk2/Build/OvmfX64/DEBUG_VS2015x86/X64/MdeModulePkg/Universal/Disk/RamDiskDxe/RamDiskDxe/OUTPUT/RamDiskFileExplorer.obj
c:/users/mliang2x/workspace/edk2/Build/OvmfX64/DEBUG_VS2015x86/X64/MdeModulePkg/Universal/Disk/RamDiskDxe/RamDiskDxe/OUTPUT/RamDiskHii.obj
c:/users/mliang2x/workspace/edk2/Build/OvmfX64/DEBUG_VS2015x86/X64/MdeModulePkg/Universal/Disk/RamDiskDxe/RamDiskDxe/OUTPUT/RamDisk.obj
c:/users/mliang2x/workspace/edk2/Build/OvmfX64/DEBUG_VS2015x86/X64/MdeModulePkg/Universal/Disk/RamDiskDxe/RamDiskDxe/OUTPUT/AutoGen.obj