 UiApp

 Timestamp is 64881a45 (Tue Jun 13 15:27:01 2023)

 Preferred load address is 0000000000000000

 Start         Length     Name                   Class
 0001:00000000 00000348H .text                   CODE
 0001:00000348 00019425H .text$mn                CODE
 0002:00000000 00004d14H .rdata                  DATA
 0002:00004d14 00000138H .rdata$zzzdbg           DATA
 0003:00000000 00006ec0H .data                   DATA
 0003:00006ec0 00000240H .bss                    DATA
 0004:00000000 00000cf0H .pdata                  DATA
 0005:00000000 00000b58H .xdata                  DATA

  Address         Publics by Value              Rva+Base               Lib:Object

 0000:00000000       __guard_iat_table          0000000000000000     <absolute>
 0000:00000000       __guard_flags              0000000000000000     <absolute>
 0000:00000000       __guard_longjmp_table      0000000000000000     <absolute>
 0000:00000000       __guard_longjmp_count      0000000000000000     <absolute>
 0000:00000000       __guard_iat_count          0000000000000000     <absolute>
 0000:00000000       __guard_fids_count         0000000000000000     <absolute>
 0000:00000000       __guard_fids_table         0000000000000000     <absolute>
 0000:00000000       __dynamic_value_reloc_table 0000000000000000     <absolute>
 0000:00000000       __ImageBase                0000000000000000     <linker-defined>
 0001:00000000       InternalMemCopyMem         00000000000002c0     BaseMemoryLibRepStr:CopyMem.obj
 0001:00000040       InternalMemZeroMem         0000000000000300     BaseMemoryLibRepStr:ZeroMem.obj
 0001:00000060       InternalMemSetMem          0000000000000320     BaseMemoryLibRepStr:SetMem.obj
 0001:00000080       InternalMemSetMem16        0000000000000340     BaseMemoryLibRepStr:SetMem16.obj
 0001:000000a0       InternalMemCompareMem      0000000000000360     BaseMemoryLibRepStr:CompareMem.obj
 0001:000000c0       InternalMemIsZeroBuffer    0000000000000380     BaseMemoryLibRepStr:IsZeroBuffer.obj
 0001:000000f0       InternalMemSetMem64        00000000000003b0     BaseMemoryLibRepStr:SetMem64.obj
 0001:00000110       InternalMemSetMem32        00000000000003d0     BaseMemoryLibRepStr:SetMem32.obj
 0001:00000130       CpuPause                   00000000000003f0     BaseLib:CpuPause.obj
 0001:00000140       SevNoRepIo                 0000000000000400     BaseIoLibIntrinsicSev:IoFifoSev.obj
 0001:00000180       SevIoReadFifo8             0000000000000440     BaseIoLibIntrinsicSev:IoFifoSev.obj
 0001:000001a2       SevIoReadFifo16            0000000000000462     BaseIoLibIntrinsicSev:IoFifoSev.obj
 0001:000001c8       SevIoReadFifo32            0000000000000488     BaseIoLibIntrinsicSev:IoFifoSev.obj
 0001:000001eb       SevIoWriteFifo8            00000000000004ab     BaseIoLibIntrinsicSev:IoFifoSev.obj
 0001:0000020d       SevIoWriteFifo16           00000000000004cd     BaseIoLibIntrinsicSev:IoFifoSev.obj
 0001:00000233       SevIoWriteFifo32           00000000000004f3     BaseIoLibIntrinsicSev:IoFifoSev.obj
 0001:00000260       TdVmCall                   0000000000000520     BaseLib:TdVmcall.obj
 0001:000002f0       TdCall                     00000000000005b0     BaseLib:TdCall.obj
 0001:00000348       _ModuleEntryPoint          0000000000000608 f   UefiApplicationEntryPoint:ApplicationEntryPoint.obj
 0001:0000036c       ProcessLibraryConstructorList 000000000000062c f   UiApp:AutoGen.obj
 0001:000008dc       ProcessLibraryDestructorList 0000000000000b9c f   UiApp:AutoGen.obj
 0001:00000b80       DeviceManagerExtractConfig 0000000000000e40 f   DeviceManagerUiLib:DeviceManager.obj
 0001:00000b80       BootManagerExtractConfig   0000000000000e40 f   BootManagerUiLib:BootManager.obj
 0001:00000b80       FakeExtractConfig          0000000000000e40 f   UiApp:FrontPage.obj
 0001:00000b80       LibExtractConfig           0000000000000e40 f   FileExplorerLib:FileExplorer.obj
 0001:00000ba4       LibRouteConfig             0000000000000e64 f   FileExplorerLib:FileExplorer.obj
 0001:00000ba4       BootManagerRouteConfig     0000000000000e64 f   BootManagerUiLib:BootManager.obj
 0001:00000ba4       FakeRouteConfig            0000000000000e64 f   UiApp:FrontPage.obj
 0001:00000ba4       DeviceManagerRouteConfig   0000000000000e64 f   DeviceManagerUiLib:DeviceManager.obj
 0001:00000bc8       FrontPageCallback          0000000000000e88 f   UiApp:FrontPage.obj
 0001:00000c94       UpdateFrontPageForm        0000000000000f54 f   UiApp:FrontPage.obj
 0001:00000dcc       ConvertProcessorToString   000000000000108c f   UiApp:FrontPage.obj
 0001:00000ed8       GetOptionalStringByIndex   0000000000001198 f   UiApp:FrontPage.obj
 0001:000010cc       UpdateFrontPageBannerStrings 000000000000138c f   UiApp:FrontPage.obj
 0001:00001f7c       UiSetConsoleMode           000000000000223c f   UiApp:FrontPage.obj
 0001:00002468       InitializeUserInterface    0000000000002728 f   UiApp:FrontPage.obj
 0001:00002664       UiEntry                    0000000000002924 f   UiApp:FrontPage.obj
 0001:0000299c       UiCustomizeFrontPageBanner 0000000000002c5c f   UiApp:FrontPageCustomizedUi.obj
 0001:00002b4c       GetNextLanguage            0000000000002e0c f   UiApp:FrontPageCustomizedUiSupport.obj
 0001:00002c08       LanguageChangeHandler      0000000000002ec8 f   UiApp:FrontPageCustomizedUiSupport.obj
 0001:00002d18       UiCreateLanguageMenu       0000000000002fd8 f   UiApp:FrontPageCustomizedUiSupport.obj
 0001:00003218       UiListThirdPartyDrivers    00000000000034d8 f   UiApp:FrontPageCustomizedUiSupport.obj
 0001:000038bc       GetPcdProtocol             0000000000003b7c f   DxePcdLib:DxePcdLib.obj
 0001:00003948       LibPcdSet32S               0000000000003c08 f   DxePcdLib:DxePcdLib.obj
 0001:00003974       CopyMem                    0000000000003c34 f   BaseMemoryLibRepStr:CopyMemWrapper.obj
 0001:00003a10       CopyGuid                   0000000000003cd0 f   BaseMemoryLibRepStr:MemLibGuid.obj
 0001:00003a94       CompareGuid                0000000000003d54 f   BaseMemoryLibRepStr:MemLibGuid.obj
 0001:00003afc       StrnLenS                   0000000000003dbc f   BaseLib:SafeString.obj
 0001:00003b64       StrCpyS                    0000000000003e24 f   BaseLib:SafeString.obj
 0001:00003d08       StrnCpyS                   0000000000003fc8 f   BaseLib:SafeString.obj
 0001:00003ee0       StrCatS                    00000000000041a0 f   BaseLib:SafeString.obj
 0001:000040c8       StrnCatS                   0000000000004388 f   BaseLib:SafeString.obj
 0001:000042b0       AsciiStrnLenS              0000000000004570 f   BaseLib:SafeString.obj
 0001:000042dc       AsciiStrToUnicodeStrS      000000000000459c f   BaseLib:SafeString.obj
 0001:00004454       StrLen                     0000000000004714 f   BaseLib:String.obj
 0001:000044e8       StrCmp                     00000000000047a8 f   BaseLib:String.obj
 0001:00004584       StrnCmp                    0000000000004844 f   BaseLib:String.obj
 0001:0000466c       StrStr                     000000000000492c f   BaseLib:String.obj
 0001:00004734       AsciiStrLen                00000000000049f4 f   BaseLib:String.obj
 0001:000047a0       AsciiStrnCmp               0000000000004a60 f   BaseLib:String.obj
 0001:0000486c       ReadUnaligned16            0000000000004b2c f   BaseLib:Unaligned.obj
 0001:0000489c       ReadUnaligned32            0000000000004b5c f   BaseLib:Unaligned.obj
 0001:000048cc       ReadUnaligned64            0000000000004b8c f   BaseLib:Unaligned.obj
 0001:000048fc       UnicodeVSPrint             0000000000004bbc f   BasePrintLib:PrintLib.obj
 0001:00004988       UnicodeSPrint              0000000000004c48 f   BasePrintLib:PrintLib.obj
 0001:000049a8       UnicodeValueToStringS      0000000000004c68 f   BasePrintLib:PrintLib.obj
 0001:00004a18       AsciiSPrint                0000000000004cd8 f   BasePrintLib:PrintLib.obj
 0001:00004a40       BasePrintLibFillBuffer     0000000000004d00 f   BasePrintLib:PrintLibInternal.obj
 0001:00004a74       BasePrintLibValueToString  0000000000004d34 f   BasePrintLib:PrintLibInternal.obj
 0001:00004aec       BasePrintLibConvertValueToStringS 0000000000004dac f   BasePrintLib:PrintLibInternal.obj
 0001:00004dfc       BasePrintLibSPrintMarker   00000000000050bc f   BasePrintLib:PrintLibInternal.obj
 0001:00005c30       BasePrintLibSPrint         0000000000005ef0 f   BasePrintLib:PrintLibInternal.obj
 0001:00005c54       DebugPrint                 0000000000005f14 f   PlatformDebugLibIoPort:DebugLib.obj
 0001:00005c78       DebugPrintMarker           0000000000005f38 f   PlatformDebugLibIoPort:DebugLib.obj
 0001:00005d28       DebugAssert                0000000000005fe8 f   PlatformDebugLibIoPort:DebugLib.obj
 0001:00005dc0       InternalAllocatePages      0000000000006080 f   UefiMemoryAllocationLib:MemoryAllocationLib.obj
 0001:00005dfc       FreePages                  00000000000060bc f   UefiMemoryAllocationLib:MemoryAllocationLib.obj
 0001:00005e78       InternalAllocatePool       0000000000006138 f   UefiMemoryAllocationLib:MemoryAllocationLib.obj
 0001:00005ea8       AllocateZeroPool           0000000000006168 f   UefiMemoryAllocationLib:MemoryAllocationLib.obj
 0001:00005ed4       InternalAllocateCopyPool   0000000000006194 f   UefiMemoryAllocationLib:MemoryAllocationLib.obj
 0001:00005f4c       InternalReallocatePool     000000000000620c f   UefiMemoryAllocationLib:MemoryAllocationLib.obj
 0001:00005fcc       FreePool                   000000000000628c f   UefiMemoryAllocationLib:MemoryAllocationLib.obj
 0001:00006010       IsDevicePathValid          00000000000062d0 f   UefiDevicePathLibDevicePathProtocol:UefiDevicePathLib.obj
 0001:000060f0       DevicePathType             00000000000063b0 f   UefiDevicePathLibDevicePathProtocol:UefiDevicePathLib.obj
 0001:00006120       DevicePathSubType          00000000000063e0 f   UefiDevicePathLibDevicePathProtocol:UefiDevicePathLib.obj
 0001:00006150       DevicePathNodeLength       0000000000006410 f   UefiDevicePathLibDevicePathProtocol:UefiDevicePathLib.obj
 0001:00006188       NextDevicePathNode         0000000000006448 f   UefiDevicePathLibDevicePathProtocol:UefiDevicePathLib.obj
 0001:000061c0       IsDevicePathEndType        0000000000006480 f   UefiDevicePathLibDevicePathProtocol:UefiDevicePathLib.obj
 0001:000061fc       IsDevicePathEnd            00000000000064bc f   UefiDevicePathLibDevicePathProtocol:UefiDevicePathLib.obj
 0001:00006250       SetDevicePathNodeLength    0000000000006510 f   UefiDevicePathLibDevicePathProtocol:UefiDevicePathLib.obj
 0001:000062d0       SetDevicePathEndNode       0000000000006590 f   UefiDevicePathLibDevicePathProtocol:UefiDevicePathLib.obj
 0001:00006310       GetNextDevicePathInstance  00000000000065d0 f   UefiDevicePathLibDevicePathProtocol:UefiDevicePathLib.obj
 0001:00006358       DevicePathFromHandle       0000000000006618 f   UefiDevicePathLibDevicePathProtocol:UefiDevicePathLib.obj
 0001:0000638c       FileDevicePath             000000000000664c f   UefiDevicePathLibDevicePathProtocol:UefiDevicePathLib.obj
 0001:00006448       UefiDevicePathLibLocateProtocol 0000000000006708 f   UefiDevicePathLibDevicePathProtocol:UefiDevicePathLib.obj
 0001:00006484       ConvertDevicePathToText    0000000000006744 f   UefiDevicePathLibDevicePathProtocol:UefiDevicePathLib.obj
 0001:000064c4       EfiGetSystemConfigurationTable 0000000000006784 f   UefiLib:UefiLib.obj
 0001:00006588       EfiEventEmptyFunction      0000000000006848 f   UefiLib:UefiLib.obj
 0001:0000658c       EfiAcquireLock             000000000000684c f   UefiLib:UefiLib.obj
 0001:000065d8       EfiReleaseLock             0000000000006898 f   UefiLib:UefiLib.obj
 0001:00006620       GetVariable2               00000000000068e0 f   UefiLib:UefiLib.obj
 0001:00006740       GetBestLanguage            0000000000006a00 f   UefiLib:UefiLib.obj
 0001:00006884       UefiLibGetStringWidth      0000000000006b44 f   UefiLib:Console.obj
 0001:0000692c       CreatePopUp                0000000000006bec f   UefiLib:Console.obj
 0001:00006cf0       GetHobList                 0000000000006fb0 f   DxeHobLib:HobLib.obj
 0001:00006d74       GetNextHob                 0000000000007034 f   DxeHobLib:HobLib.obj
 0001:00006dc4       HiiSetString               0000000000007084 f   UefiHiiLib:HiiString.obj
 0001:00006f14       HiiGetStringEx             00000000000071d4 f   UefiHiiLib:HiiString.obj
 0001:000070c4       HiiAddPackages             0000000000007384 f   UefiHiiLib:HiiLib.obj
 0001:00007200       HiiRemovePackages          00000000000074c0 f   UefiHiiLib:HiiLib.obj
 0001:00007270       HiiGetHiiHandles           0000000000007530 f   UefiHiiLib:HiiLib.obj
 0001:000072fc       HiiGetFormSetFromHiiHandle 00000000000075bc f   UefiHiiLib:HiiLib.obj
 0001:000074ec       InternalHiiBrowserCallback 00000000000077ac f   UefiHiiLib:HiiLib.obj
 0001:000075fc       HiiConstructConfigHdr      00000000000078bc f   UefiHiiLib:HiiLib.obj
 0001:0000785c       InternalHiiCompareSubString 0000000000007b1c f   UefiHiiLib:HiiLib.obj
 0001:00007978       HiiIsConfigHdrMatch        0000000000007c38 f   UefiHiiLib:HiiLib.obj
 0001:00007a10       HiiGetBrowserData          0000000000007cd0 f   UefiHiiLib:HiiLib.obj
 0001:00007ae8       HiiSetBrowserData          0000000000007da8 f   UefiHiiLib:HiiLib.obj
 0001:00007c08       HiiAllocateOpCodeHandle    0000000000007ec8 f   UefiHiiLib:HiiLib.obj
 0001:00007c58       HiiFreeOpCodeHandle        0000000000007f18 f   UefiHiiLib:HiiLib.obj
 0001:00007c98       InternalHiiGrowOpCodeHandle 0000000000007f58 f   UefiHiiLib:HiiLib.obj
 0001:00007d3c       InternalHiiCreateOpCodeExtended 0000000000007ffc f   UefiHiiLib:HiiLib.obj
 0001:00007df0       InternalHiiAppendOpCodes   00000000000080b0 f   UefiHiiLib:HiiLib.obj
 0001:00007e70       HiiCreateEndOpCode         0000000000008130 f   UefiHiiLib:HiiLib.obj
 0001:00007e98       HiiCreateOneOfOptionOpCode 0000000000008158 f   UefiHiiLib:HiiLib.obj
 0001:00007f54       HiiCreateGuidOpCode        0000000000008214 f   UefiHiiLib:HiiLib.obj
 0001:00007fa8       HiiCreateActionOpCode      0000000000008268 f   UefiHiiLib:HiiLib.obj
 0001:00008028       HiiCreateSubTitleOpCode    00000000000082e8 f   UefiHiiLib:HiiLib.obj
 0001:00008084       HiiCreateGotoOpCode        0000000000008344 f   UefiHiiLib:HiiLib.obj
 0001:00008134       HiiCreateGotoExOpCode      00000000000083f4 f   UefiHiiLib:HiiLib.obj
 0001:00008204       HiiCreateCheckBoxOpCode    00000000000084c4 f   UefiHiiLib:HiiLib.obj
 0001:000082c8       HiiCreateStringOpCode      0000000000008588 f   UefiHiiLib:HiiLib.obj
 0001:00008354       HiiCreateOneOfOpCode       0000000000008614 f   UefiHiiLib:HiiLib.obj
 0001:00008478       InternalHiiUpdateFormPackageData 0000000000008738 f   UefiHiiLib:HiiLib.obj
 0001:000086cc       HiiUpdateForm              000000000000898c f   UefiHiiLib:HiiLib.obj
 0001:00008944       HiiGetSupportedLanguages   0000000000008c04 f   UefiHiiLib:HiiLanguage.obj
 0001:000089e8       InternalReportStatusCode   0000000000008ca8 f   DxeReportStatusCodeLib:ReportStatusCodeLib.obj
 0001:00008a98       ReportStatusCodeEx         0000000000008d58 f   DxeReportStatusCodeLib:ReportStatusCodeLib.obj
 0001:00008c60       EfiBootManagerConnectAll   0000000000008f20 f   UefiBootManagerLib:BmConnect.obj
 0001:00008cec       EfiBootManagerConnectDevicePath 0000000000008fac f   UefiBootManagerLib:BmConnect.obj
 0001:00008e38       BmConnectUsbShortFormDevicePath 00000000000090f8 f   UefiBootManagerLib:BmConnect.obj
 0001:00008f84       BmFindBootOptionInVariable 0000000000009244 f   UefiBootManagerLib:BmBoot.obj
 0001:000090d8       BmAdjustFvFilePath         0000000000009398 f   UefiBootManagerLib:BmBoot.obj
 0001:0000925c       BmMatchUsbClass            000000000000951c f   UefiBootManagerLib:BmBoot.obj
 0001:00009324       BmMatchUsbWwid             00000000000095e4 f   UefiBootManagerLib:BmBoot.obj
 0001:000094b4       BmExpandUsbDevicePath      0000000000009774 f   UefiBootManagerLib:BmBoot.obj
 0001:0000967c       BmExpandFileDevicePath     000000000000993c f   UefiBootManagerLib:BmBoot.obj
 0001:000097ec       BmExpandUriDevicePath      0000000000009aac f   UefiBootManagerLib:BmBoot.obj
 0001:000098f8       BmCachePartitionDevicePath 0000000000009bb8 f   UefiBootManagerLib:BmBoot.obj
 0001:000099b0       BmExpandPartitionDevicePath 0000000000009c70 f   UefiBootManagerLib:BmBoot.obj
 0001:00009c58       BmExpandMediaDevicePath    0000000000009f18 f   UefiBootManagerLib:BmBoot.obj
 0001:00009ed4       BmExpandNetworkFileSystem  000000000000a194 f   UefiBootManagerLib:BmBoot.obj
 0001:00009fe0       BmGetRamDiskDevicePath     000000000000a2a0 f   UefiBootManagerLib:BmBoot.obj
 0001:0000a090       BmDestroyRamDisk           000000000000a350 f   UefiBootManagerLib:BmBoot.obj
 0001:0000a24c       BmExpandLoadFile           000000000000a50c f   UefiBootManagerLib:BmBoot.obj
 0001:0000a454       BmExpandLoadFiles          000000000000a714 f   UefiBootManagerLib:BmBoot.obj
 0001:0000a658       BmGetNextLoadOptionDevicePath 000000000000a918 f   UefiBootManagerLib:BmBoot.obj
 0001:0000a8dc       BmIsBootManagerMenuFilePath 000000000000ab9c f   UefiBootManagerLib:BmBoot.obj
 0001:0000a930       BmReportLoadFailure        000000000000abf0 f   UefiBootManagerLib:BmBoot.obj
 0001:0000a9ac       EfiBootManagerBoot         000000000000ac6c f   UefiBootManagerLib:BmBoot.obj
 0001:0000ae60       BmMatchPartitionDevicePathNode 000000000000b120 f   UefiBootManagerLib:BmBoot.obj
 0001:0000aeec       BmEnumerateBootOptions     000000000000b1ac f   UefiBootManagerLib:BmBoot.obj
 0001:0000b480       EfiBootManagerRefreshAllBootOption 000000000000b740 f   UefiBootManagerLib:BmBoot.obj
 0001:0000b63c       BmUpdateSystemTableConsole 000000000000b8fc f   UefiBootManagerLib:BmConsole.obj
 0001:0000b804       EfiBootManagerUpdateConsoleVariable 000000000000bac4 f   UefiBootManagerLib:BmConsole.obj
 0001:0000b908       EfiBootManagerConnectConsoleVariable 000000000000bbc8 f   UefiBootManagerLib:BmConsole.obj
 0001:0000bb10       EfiBootManagerConnectAllDefaultConsoles 000000000000bdd0 f   UefiBootManagerLib:BmConsole.obj
 0001:0000bc24       BmGetFreeOptionNumber      000000000000bee4 f   UefiBootManagerLib:BmLoadOption.obj
 0001:0000bda0       EfiBootManagerLoadOptionToVariable 000000000000c060 f   UefiBootManagerLib:BmLoadOption.obj
 0001:0000c004       BmAddOptionNumberToOrderVariable 000000000000c2c4 f   UefiBootManagerLib:BmLoadOption.obj
 0001:0000c14c       EfiBootManagerAddLoadOptionVariable 000000000000c40c f   UefiBootManagerLib:BmLoadOption.obj
 0001:0000c1ec       EfiBootManagerInitializeLoadOption 000000000000c4ac f   UefiBootManagerLib:BmLoadOption.obj
 0001:0000c2d0       EfiBootManagerFindLoadOption 000000000000c590 f   UefiBootManagerLib:BmLoadOption.obj
 0001:0000c380       EfiBootManagerDeleteLoadOptionVariable 000000000000c640 f   UefiBootManagerLib:BmLoadOption.obj
 0001:0000c4e0       BmValidateOption           000000000000c7a0 f   UefiBootManagerLib:BmLoadOption.obj
 0001:0000c624       EfiBootManagerIsValidLoadOptionVariableName 000000000000c8e4 f   UefiBootManagerLib:BmLoadOption.obj
 0001:0000c734       EfiBootManagerVariableToLoadOptionEx 000000000000c9f4 f   UefiBootManagerLib:BmLoadOption.obj
 0001:0000c89c       EfiBootManagerGetLoadOptions 000000000000cb5c f   UefiBootManagerLib:BmLoadOption.obj
 0001:0000ca28       EfiBootManagerFreeLoadOption 000000000000cce8 f   UefiBootManagerLib:BmLoadOption.obj
 0001:0000ca64       EfiBootManagerFreeLoadOptions 000000000000cd24 f   UefiBootManagerLib:BmLoadOption.obj
 0001:0000cac4       BmGetNextLoadOptionBuffer  000000000000cd84 f   UefiBootManagerLib:BmLoadOption.obj
 0001:0000cc6c       BmEliminateExtraSpaces     000000000000cf2c f   UefiBootManagerLib:BmBootDescription.obj
 0001:0000ccb4       BmGetDescriptionFromDiskInfo 000000000000cf74 f   UefiBootManagerLib:BmBootDescription.obj
 0001:0000cfa8       BmGetUsbDescription        000000000000d268 f   UefiBootManagerLib:BmBootDescription.obj
 0001:0000d184       BmGetNetworkDescription    000000000000d444 f   UefiBootManagerLib:BmBootDescription.obj
 0001:0000d464       BmGetLoadFileDescription   000000000000d724 f   UefiBootManagerLib:BmBootDescription.obj
 0001:0000d500       BmGetNvmeDescription       000000000000d7c0 f   UefiBootManagerLib:BmBootDescription.obj
 0001:0000d718       BmGetMiscDescription       000000000000d9d8 f   UefiBootManagerLib:BmBootDescription.obj
 0001:0000d93c       BmGetBootDescription       000000000000dbfc f   UefiBootManagerLib:BmBootDescription.obj
 0001:0000daa8       BmHotkeyCallback           000000000000dd68 f   UefiBootManagerLib:BmHotkey.obj
 0001:0000dcb0       BmGetActiveConsoleIn       000000000000df70 f   UefiBootManagerLib:BmHotkey.obj
 0001:0000dd50       BmStopHotkeyService        000000000000e010 f   UefiBootManagerLib:BmHotkey.obj
 0001:0000df08       BmDelPartMatchInstance     000000000000e1c8 f   UefiBootManagerLib:BmMisc.obj
 0001:0000dfec       MatchDevicePaths           000000000000e2ac f   BootMaintenanceManagerUiLib:ConsoleOption.obj
 0001:0000dfec       BmMatchDevicePaths         000000000000e2ac f   UefiBootManagerLib:BmMisc.obj
 0001:0000e054       BmSetMemoryTypeInformationVariable 000000000000e314 f   UefiBootManagerLib:BmMisc.obj
 0001:0000e2a8       BmSetVariableAndReportStatusCodeOnError 000000000000e568 f   UefiBootManagerLib:BmMisc.obj
 0001:0000e3a8       BmGetControllerName        000000000000e668 f   UefiBootManagerLib:BmDriverHealth.obj
 0001:0000e4f8       BmDisplayMessages          000000000000e7b8 f   UefiBootManagerLib:BmDriverHealth.obj
 0001:0000e5ec       BmRepairNotify             000000000000e8ac f   UefiBootManagerLib:BmDriverHealth.obj
 0001:0000e634       BmGetSingleControllerHealthStatus 000000000000e8f4 f   UefiBootManagerLib:BmDriverHealth.obj
 0001:0000e820       EfiBootManagerGetDriverHealthInfo 000000000000eae0 f   UefiBootManagerLib:BmDriverHealth.obj
 0001:0000ea2c       EfiBootManagerFreeDriverHealthInfo 000000000000ecec f   UefiBootManagerLib:BmDriverHealth.obj
 0001:0000ea80       BmRepairAllControllers     000000000000ed40 f   UefiBootManagerLib:BmDriverHealth.obj
 0001:0000ee34       LibCallback                000000000000f0f4 f   FileExplorerLib:FileExplorer.obj
 0001:0000f024       LibCreateMenuEntry         000000000000f2e4 f   FileExplorerLib:FileExplorer.obj
 0001:0000f070       LibGetMenuEntry            000000000000f330 f   FileExplorerLib:FileExplorer.obj
 0001:0000f0e8       LibDestroyMenuEntry        000000000000f3a8 f   FileExplorerLib:FileExplorer.obj
 0001:0000f164       LibFreeMenu                000000000000f424 f   FileExplorerLib:FileExplorer.obj
 0001:0000f1dc       LibStrDuplicate            000000000000f49c f   FileExplorerLib:FileExplorer.obj
 0001:0000f248       LibAppendFileName          000000000000f508 f   FileExplorerLib:FileExplorer.obj
 0001:0000f3fc       LibFindFileSystem          000000000000f6bc f   FileExplorerLib:FileExplorer.obj
 0001:0000f6e4       LibGetFileHandleFromDevicePath 000000000000f9a4 f   FileExplorerLib:FileExplorer.obj
 0001:0000f8f0       LibCreateNewFile           000000000000fbb0 f   FileExplorerLib:FileExplorer.obj
 0001:0000f9e8       LibFindFiles               000000000000fca8 f   FileExplorerLib:FileExplorer.obj
 0001:0000fc90       LibUpdateFileExplorePage   000000000000ff50 f   FileExplorerLib:FileExplorer.obj
 0001:0000fee0       LibUpdateFileExplorer      00000000000101a0 f   FileExplorerLib:FileExplorer.obj
 0001:0000ffc0       LibGetDevicePath           0000000000010280 f   FileExplorerLib:FileExplorer.obj
 0001:00010014       ChooseFile                 00000000000102d4 f   FileExplorerLib:FileExplorer.obj
 0001:0001015c       DmExtractDevicePathFromHiiHandle 000000000001041c f   DeviceManagerUiLib:DeviceManager.obj
 0001:000101b0       AddIdToMacDeviceList       0000000000010470 f   DeviceManagerUiLib:DeviceManager.obj
 0001:000102c0       IsMacAddressDevicePath     0000000000010580 f   DeviceManagerUiLib:DeviceManager.obj
 0001:00010564       IsNeedAddNetworkMenu       0000000000010824 f   DeviceManagerUiLib:DeviceManager.obj
 0001:0001071c       CreateDeviceManagerForm    00000000000109dc f   DeviceManagerUiLib:DeviceManager.obj
 0001:00010f80       DeviceManagerCallback      0000000000011240 f   DeviceManagerUiLib:DeviceManager.obj
 0001:0001103c       BmSetConsoleMode           00000000000112fc f   BootManagerUiLib:BootManager.obj
 0001:00011528       BmSetupResetReminder       00000000000117e8 f   BootManagerUiLib:BootManager.obj
 0001:00011634       GroupMultipleLegacyBootOption4SameType 00000000000118f4 f   BootManagerUiLib:BootManager.obj
 0001:00011824       UpdateBootManager          0000000000011ae4 f   BootManagerUiLib:BootManager.obj
 0001:00011bb8       BootManagerCallback        0000000000011e78 f   BootManagerUiLib:BootManager.obj
 0001:00011e34       BootManagerUiLibConstructor 00000000000120f4 f   BootManagerUiLib:BootManager.obj
 0001:0001201c       BmmSetConsoleMode          00000000000122dc f   BootMaintenanceManagerUiLib:BootMaintenance.obj
 0001:00012508       UiDevicePathToStr          00000000000127c8 f   BootMaintenanceManagerUiLib:BootMaintenance.obj
 0001:000125a0       ExtractFileNameFromDevicePath 0000000000012860 f   BootMaintenanceManagerUiLib:BootMaintenance.obj
 0001:00012648       UpdateProgress             0000000000012908 f   BootMaintenanceManagerUiLib:BootMaintenance.obj
 0001:00012734       UpdateTerminalContent      00000000000129f4 f   BootMaintenanceManagerUiLib:BootMaintenance.obj
 0001:000128f4       UpdateConsoleContent       0000000000012bb4 f   BootMaintenanceManagerUiLib:BootMaintenance.obj
 0001:00012be8       BootMaintExtractConfig     0000000000012ea8 f   BootMaintenanceManagerUiLib:BootMaintenance.obj
 0001:00012d88       BootMaintRouteConfig       0000000000013048 f   BootMaintenanceManagerUiLib:BootMaintenance.obj
 0001:000136b4       BootMaintCallback          0000000000013974 f   BootMaintenanceManagerUiLib:BootMaintenance.obj
 0001:00013d9c       DiscardChangeHandler       000000000001405c f   BootMaintenanceManagerUiLib:BootMaintenance.obj
 0001:00013ef8       CleanUselessBeforeSubmit   00000000000141b8 f   BootMaintenanceManagerUiLib:BootMaintenance.obj
 0001:00013fa8       CustomizeMenus             0000000000014268 f   BootMaintenanceManagerUiLib:BootMaintenance.obj
 0001:00014078       InitializeBmmConfig        0000000000014338 f   BootMaintenanceManagerUiLib:BootMaintenance.obj
 0001:000144c4       InitAllMenu                0000000000014784 f   BootMaintenanceManagerUiLib:BootMaintenance.obj
 0001:000146b0       BootMaintenanceManagerUiLibConstructor 0000000000014970 f   BootMaintenanceManagerUiLib:BootMaintenance.obj
 0001:000149d0       RefreshUpdateData          0000000000014c90 f   BootMaintenanceManagerUiLib:UpdatePage.obj
 0001:00014a0c       UpdatePageStart            0000000000014ccc f   BootMaintenanceManagerUiLib:UpdatePage.obj
 0001:00014a5c       UpdatePageEnd              0000000000014d1c f   BootMaintenanceManagerUiLib:UpdatePage.obj
 0001:00014ae8       CleanUpPage                0000000000014da8 f   BootMaintenanceManagerUiLib:UpdatePage.obj
 0001:00014b3c       UpdateBootDelPage          0000000000014dfc f   BootMaintenanceManagerUiLib:UpdatePage.obj
 0001:00014c4c       UpdateDrvDelPage           0000000000014f0c f   BootMaintenanceManagerUiLib:UpdatePage.obj
 0001:00014d54       UpdateDriverAddHandleDescPage 0000000000015014 f   BootMaintenanceManagerUiLib:UpdatePage.obj
 0001:00014df8       UpdateConsolePage          00000000000150b8 f   BootMaintenanceManagerUiLib:UpdatePage.obj
 0001:00015070       UpdateOrderPage            0000000000015330 f   BootMaintenanceManagerUiLib:UpdatePage.obj
 0001:000152d4       UpdateConModePage          0000000000015594 f   BootMaintenanceManagerUiLib:UpdatePage.obj
 0001:000154e0       UpdateTerminalPage         00000000000157a0 f   BootMaintenanceManagerUiLib:UpdatePage.obj
 0001:00015948       UpdateOptionPage           0000000000015c08 f   BootMaintenanceManagerUiLib:UpdatePage.obj
 0001:00015c0c       UpdatePageBody             0000000000015ecc f   BootMaintenanceManagerUiLib:UpdatePage.obj
 0001:00015c94       BmmSetupResetReminder      0000000000015f54 f   BootMaintenanceManagerUiLib:BootOption.obj
 0001:00015d9c       BOpt_CreateMenuEntry       000000000001605c f   BootMaintenanceManagerUiLib:BootOption.obj
 0001:00015e38       BOpt_DestroyMenuEntry      00000000000160f8 f   BootMaintenanceManagerUiLib:BootOption.obj
 0001:00015efc       BOpt_GetMenuEntry          00000000000161bc f   BootMaintenanceManagerUiLib:BootOption.obj
 0001:00015f74       BOpt_FreeMenu              0000000000016234 f   BootMaintenanceManagerUiLib:BootOption.obj
 0001:00015fec       BOpt_GetBootOptions        00000000000162ac f   BootMaintenanceManagerUiLib:BootOption.obj
 0001:00016394       BOpt_GetOptionNumber       0000000000016654 f   BootMaintenanceManagerUiLib:BootOption.obj
 0001:00016498       BOpt_GetDriverOptions      0000000000016758 f   BootMaintenanceManagerUiLib:BootOption.obj
 0001:00016710       GetBootOrder               00000000000169d0 f   BootMaintenanceManagerUiLib:BootOption.obj
 0001:000167e0       GetDriverOrder             0000000000016aa0 f   BootMaintenanceManagerUiLib:BootOption.obj
 0001:000168b0       BootFromFile               0000000000016b70 f   BootMaintenanceManagerUiLib:BootOption.obj
 0001:0001694c       ReSendForm                 0000000000016c0c f   BootMaintenanceManagerUiLib:BootOption.obj
 0001:000169ac       CreateBootOptionFromFile   0000000000016c6c f   BootMaintenanceManagerUiLib:BootOption.obj
 0001:000169b8       CreateDriverOptionFromFile 0000000000016c78 f   BootMaintenanceManagerUiLib:BootOption.obj
 0001:000169c4       Var_DelBootOption          0000000000016c84 f   BootMaintenanceManagerUiLib:Variable.obj
 0001:00016aa8       Var_UpdateConsoleOption    0000000000016d68 f   BootMaintenanceManagerUiLib:Variable.obj
 0001:00016ca4       Var_UpdateDriverOption     0000000000016f64 f   BootMaintenanceManagerUiLib:Variable.obj
 0001:00016f34       Var_UpdateBootOption       00000000000171f4 f   BootMaintenanceManagerUiLib:Variable.obj
 0001:000171cc       Var_UpdateBootNext         000000000001748c f   BootMaintenanceManagerUiLib:Variable.obj
 0001:000172e8       Var_UpdateBootOrder        00000000000175a8 f   BootMaintenanceManagerUiLib:Variable.obj
 0001:00017454       Var_UpdateDriverOrder      0000000000017714 f   BootMaintenanceManagerUiLib:Variable.obj
 0001:00017590       IsIsaSerialNode            0000000000017850 f   BootMaintenanceManagerUiLib:ConsoleOption.obj
 0001:000175d4       ChangeTerminalDevicePath   0000000000017894 f   BootMaintenanceManagerUiLib:ConsoleOption.obj
 0001:0001774c       RetrieveUartUid            0000000000017a0c f   BootMaintenanceManagerUiLib:ConsoleOption.obj
 0001:000177e0       SortedUartHandle           0000000000017aa0 f   BootMaintenanceManagerUiLib:ConsoleOption.obj
 0001:000178e0       LocateSerialIo             0000000000017ba0 f   BootMaintenanceManagerUiLib:ConsoleOption.obj
 0001:00017cd8       UpdateComAttributeFromVariable 0000000000017f98 f   BootMaintenanceManagerUiLib:ConsoleOption.obj
 0001:00017e8c       GetConsoleMenu             000000000001814c f   BootMaintenanceManagerUiLib:ConsoleOption.obj
 0001:000180cc       IsTerminalDevicePath       000000000001838c f   BootMaintenanceManagerUiLib:ConsoleOption.obj
 0001:000181f4       GetConsoleOutMode          00000000000184b4 f   BootMaintenanceManagerUiLib:ConsoleOption.obj
 0001:00018278       UiCustomizeBMMPage         0000000000018538 f   BootMaintenanceManagerUiLib:BootMaintenanceManagerCustomizedUi.obj
 0001:000184b8       BmmListThirdPartyDrivers   0000000000018778 f   BootMaintenanceManagerUiLib:BootMaintenanceManagerCustomizedUiSupport.obj
 0001:00018b48       ZeroMem                    0000000000018e08 f   BaseMemoryLibRepStr:ZeroMemWrapper.obj
 0001:00018bac       SetMem                     0000000000018e6c f   BaseMemoryLibRepStr:SetMemWrapper.obj
 0001:00018bfc       SetMem16                   0000000000018ebc f   BaseMemoryLibRepStr:SetMem16Wrapper.obj
 0001:00018cc4       CompareMem                 0000000000018f84 f   BaseMemoryLibRepStr:CompareMemWrapper.obj
 0001:00018d9c       IsZeroBuffer               000000000001905c f   BaseMemoryLibRepStr:IsZeroBufferWrapper.obj
 0001:00018df8       InternalBaseLibIsListValid 00000000000190b8 f   BaseLib:LinkedList.obj
 0001:00018e64       InitializeListHead         0000000000019124 f   BaseLib:LinkedList.obj
 0001:00018e9c       InsertTailList             000000000001915c f   BaseLib:LinkedList.obj
 0001:00018ef0       GetFirstNode               00000000000191b0 f   BaseLib:LinkedList.obj
 0001:00018f24       GetNextNode                00000000000191e4 f   BaseLib:LinkedList.obj
 0001:00018f58       IsListEmpty                0000000000019218 f   BaseLib:LinkedList.obj
 0001:00018f90       IsNull                     0000000000019250 f   BaseLib:LinkedList.obj
 0001:00018fd4       RemoveEntryList            0000000000019294 f   BaseLib:LinkedList.obj
 0001:0001901c       EfiCreateEventReadyToBootEx 00000000000192dc f   UefiLib:UefiNotTiano.obj
 0001:000190c0       EfiGetNameGuidFromFwVolDevicePathNode 0000000000019380 f   UefiLib:UefiNotTiano.obj
 0001:0001910c       InternalPrint              00000000000193cc f   UefiLib:UefiLibPrint.obj
 0001:00019204       Print                      00000000000194c4 f   UefiLib:UefiLibPrint.obj
 0001:00019234       RegisterBasicVariablePolicy 00000000000194f4 f   VariablePolicyHelperLib:VariablePolicyHelperLib.obj
 0001:00019338       GetFileBufferByFilePath    00000000000195f8 f   DxeServicesLib:DxeServicesLib.obj
 0002:00000000       ??_C@_05NODKPMNK@UiApp?$AA@ 0000000000019a40     UiApp:AutoGen.obj
 0002:00000008       ??_C@_0CH@BBNBJKHK@?$CB?$CI?$CI?$CIINTN?$CJ?$CIRETURN_STATUS?$CJ?$CIStatus?$CJ@ 0000000000019a48     UiApp:AutoGen.obj
 0002:00000030       ??_C@_0HJ@FELIMHPN@c?3?2users?2mliang2x?2workspace?2edk2@ 0000000000019a70     UiApp:AutoGen.obj
 0002:000000b0       ??_C@_0CB@DMEJJJHA@?6ASSERT_EFI_ERROR?5?$CIStatus?5?$DN?5?$CFr?$CJ?6@ 0000000000019af0     UiApp:AutoGen.obj
 0002:000000d8       _gPcd_FixedAtBuild_PcdDriverHealthConfigureForm 0000000000019b18     UiApp:AutoGen.obj
 0002:000000e8       _gPcd_FixedAtBuild_PcdBootManagerMenuFile 0000000000019b28     UiApp:AutoGen.obj
 0002:000000f8       _gPcd_FixedAtBuild_PcdUefiVariableDefaultPlatformLangCodes 0000000000019b38     UiApp:AutoGen.obj
 0002:00000110       ??_C@_0CC@PIBHJFDN@StartOpCodeHandle?5?$CB?$DN?5?$CI?$CIvoid?5?$CK?$CJ?50@ 0000000000019b50     UiApp:FrontPage.obj
 0002:00000140       ??_C@_0EM@IBAPGNPH@c?3?2users?2mliang2x?2workspace?2edk2@ 0000000000019b80     UiApp:FrontPage.obj
 0002:00000190       ??_C@_0CA@FMKGPAPI@EndOpCodeHandle?5?$CB?$DN?5?$CI?$CIvoid?5?$CK?$CJ?50?$CJ?$AA@ 0000000000019bd0     UiApp:FrontPage.obj
 0002:000001b0       ??_C@_0CM@HGKGDJCC@gFrontPagePrivate?4HiiHandle?5?$CB?$DN?5?$CI@ 0000000000019bf0     UiApp:FrontPage.obj
 0002:000001e0       ??_C@_0BN@KDBDLHMK@StringBuffer?5?$CB?$DN?5?$CI?$CIvoid?5?$CK?$CJ?50?$CJ?$AA@ 0000000000019c20     UiApp:FrontPage.obj
 0002:00000200       ??_C@_13JOFGPIOO@?$AA?4?$AA?$AA@ 0000000000019c40     UiApp:FrontPage.obj
 0002:00000208       ??_C@_19JHPJJHFE@?$AA?5?$AAG?$AAH?$AAz?$AA?$AA@ 0000000000019c48     UiApp:FrontPage.obj
 0002:00000218       ??_C@_1BA@NLEEMPFA@?$AA?5?$AAM?$AAB?$AA?5?$AAR?$AAA?$AAM?$AA?$AA@ 0000000000019c58     UiApp:FrontPage.obj
 0002:00000228       ??_C@_0BK@KLJHMMPJ@HiiHandle?5?$CB?$DN?5?$CI?$CIvoid?5?$CK?$CJ?50?$CJ?$AA@ 0000000000019c68     UiApp:FrontPage.obj
 0002:00000248       ??_C@_0BO@IOFODAMB@StringBuffer1?5?$CB?$DN?5?$CI?$CIvoid?5?$CK?$CJ?50?$CJ?$AA@ 0000000000019c88     UiApp:FrontPage.obj
 0002:00000268       ??_C@_0BO@GENIONKD@StringBuffer2?5?$CB?$DN?5?$CI?$CIvoid?5?$CK?$CJ?50?$CJ?$AA@ 0000000000019ca8     UiApp:FrontPage.obj
 0002:00000290       ??_C@_1FM@DPJPLHJF@?$AAC?$AAo?$AAn?$AAf?$AAi?$AAg?$AAu?$AAr?$AAa?$AAt?$AAi?$AAo?$AAn?$AA?5?$AAc?$AAh?$AAa?$AAn?$AAg?$AAe?$AAd?$AA?4?$AA?5?$AAR?$AAe?$AAs?$AAe?$AAt?$AA?5?$AAt?$AAo?$AA?5@ 0000000000019cd0     UiApp:FrontPage.obj
 0002:000002f0       ??_C@_1CK@LOFHOMO@?$AAP?$AAr?$AAe?$AAs?$AAs?$AA?5?$AAE?$AAN?$AAT?$AAE?$AAR?$AA?5?$AAt?$AAo?$AA?5?$AAr?$AAe?$AAs?$AAe?$AAt?$AA?$AA@ 0000000000019d30     UiApp:FrontPage.obj
 0002:00000320       ??_C@_0CC@HFEIDHIP@gStringPackHandle?5?$CB?$DN?5?$CI?$CIvoid?5?$CK?$CJ?50@ 0000000000019d60     UiApp:String.obj
 0002:00000350       ??_C@_0EJ@OHOOMBDB@c?3?2users?2mliang2x?2workspace?2edk2@ 0000000000019d90     UiApp:String.obj
 0002:000003a0       ??_C@_0BJ@NJEGJHFI@LangCode?5?$CB?$DN?5?$CI?$CIvoid?5?$CK?$CJ?50?$CJ?$AA@ 0000000000019de0     UiApp:FrontPageCustomizedUiSupport.obj
 0002:000003c0       ??_C@_0FP@ICKLIPAL@c?3?2users?2mliang2x?2workspace?2edk2@ 0000000000019e00     UiApp:FrontPageCustomizedUiSupport.obj
 0002:00000420       ??_C@_0BK@FANDPBIH@?$CKLangCode?5?$CB?$DN?5?$CI?$CIvoid?5?$CK?$CJ?50?$CJ?$AA@ 0000000000019e60     UiApp:FrontPageCustomizedUiSupport.obj
 0002:00000440       ??_C@_0BF@KEEBGAAP@Lang?5?$CB?$DN?5?$CI?$CIvoid?5?$CK?$CJ?50?$CJ?$AA@ 0000000000019e80     UiApp:FrontPageCustomizedUiSupport.obj
 0002:00000458       ??_C@_1BK@GGGENMOA@?$AAP?$AAl?$AAa?$AAt?$AAf?$AAo?$AAr?$AAm?$AAL?$AAa?$AAn?$AAg?$AA?$AA@ 0000000000019e98     UiApp:FrontPageCustomizedUiSupport.obj
 0002:00000478       ??_C@_0BC@FEDIJHFF@?$CI?$CIBOOLEAN?$CJ?$CI0?$DN?$DN1?$CJ?$CJ?$AA@ 0000000000019eb8     UiApp:FrontPageCustomizedUiSupport.obj
 0002:00000490       ??_C@_0CE@KJODLANI@OptionsOpCodeHandle?5?$CB?$DN?5?$CI?$CIvoid?5?$CK?$CJ@ 0000000000019ed0     UiApp:FrontPageCustomizedUiSupport.obj
 0002:000004b8       ??_C@_1CE@GLBFGNOF@?$AAP?$AAl?$AAa?$AAt?$AAf?$AAo?$AAr?$AAm?$AAL?$AAa?$AAn?$AAg?$AAC?$AAo?$AAd?$AAe?$AAs?$AA?$AA@ 0000000000019ef8     UiApp:FrontPageCustomizedUiSupport.obj
 0002:000004e0       ??_C@_0CA@MJALGHG@gLanguageString?5?$CB?$DN?5?$CI?$CIvoid?5?$CK?$CJ?50?$CJ?$AA@ 0000000000019f20     UiApp:FrontPageCustomizedUiSupport.obj
 0002:00000500       ??_C@_0BP@CAHLJC@gLanguageToken?5?$CB?$DN?5?$CI?$CIvoid?5?$CK?$CJ?50?$CJ?$AA@ 0000000000019f40     UiApp:FrontPageCustomizedUiSupport.obj
 0002:00000520       ??_C@_0BH@OOIJJHNK@Handle?5?$CB?$DN?5?$CI?$CIvoid?5?$CK?$CJ?50?$CJ?$AA@ 0000000000019f60     UiApp:FrontPageCustomizedUiSupport.obj
 0002:00000538       ??_C@_0BL@IONPMOEP@HiiHandles?5?$CB?$DN?5?$CI?$CIvoid?5?$CK?$CJ?50?$CJ?$AA@ 0000000000019f78     UiApp:FrontPageCustomizedUiSupport.obj
 0002:00000558       ??_C@_0BP@DAEDPINL@gHiiDriverList?5?$CB?$DN?5?$CI?$CIvoid?5?$CK?$CJ?50?$CJ?$AA@ 0000000000019f98     UiApp:FrontPageCustomizedUiSupport.obj
 0002:00000578       ??_C@_0BH@MAAHKCPC@String?5?$CB?$DN?5?$CI?$CIvoid?5?$CK?$CJ?50?$CJ?$AA@ 0000000000019fb8     UiApp:FrontPageCustomizedUiSupport.obj
 0002:00000590       ??_C@_0BO@BDDNGENM@DriverListPtr?5?$CB?$DN?5?$CI?$CIvoid?5?$CK?$CJ?50?$CJ?$AA@ 0000000000019fd0     UiApp:FrontPageCustomizedUiSupport.obj
 0002:000005b0       ??_C@_0EG@MAJBHDFF@c?3?2users?2mliang2x?2workspace?2edk2@ 0000000000019ff0     DxePcdLib:DxePcdLib.obj
 0002:000005f8       ??_C@_0BF@OOKDELHM@mPcd?5?$CB?$DN?5?$CI?$CIvoid?5?$CK?$CJ?50?$CJ?$AA@ 000000000001a038     DxePcdLib:DxePcdLib.obj
 0002:00000610       ??_C@_0BH@IACGKAP@Buffer?5?$CB?$DN?5?$CI?$CIvoid?5?$CK?$CJ?50?$CJ?$AA@ 000000000001a050     DxePcdLib:DxePcdLib.obj
 0002:00000630       ??_C@_0ED@MKGCMJG@?$CILength?5?9?51?$CJ?5?$DM?$DN?5?$CI0xFFFFFFFFFFFFF@ 000000000001a070     BaseMemoryLibRepStr:CopyMemWrapper.obj
 0002:00000680       ??_C@_0FF@LLAFLLDM@c?3?2users?2mliang2x?2workspace?2edk2@ 000000000001a0c0     BaseMemoryLibRepStr:CopyMemWrapper.obj
 0002:000006d8       ??_C@_0DO@MAOBOFEG@?$CILength?5?9?51?$CJ?5?$DM?$DN?5?$CI0xFFFFFFFFFFFFF@ 000000000001a118     BaseMemoryLibRepStr:CopyMemWrapper.obj
 0002:00000718       ??_C@_0DG@EEENIGGL@Length?5?$DM?$DN?5?$CI0xFFFFFFFFFFFFFFFFULL@ 000000000001a158     BaseMemoryLibRepStr:MemLibGuid.obj
 0002:00000750       ??_C@_0CC@GFNLNIOC@?$CI?$CIUINTN?$CJString?5?$CG?50x00000001?$CJ?5?$DN?$DN?5@ 000000000001a190     BaseLib:SafeString.obj
 0002:00000780       ??_C@_0EF@MFKKFBPN@c?3?2users?2mliang2x?2workspace?2edk2@ 000000000001a1c0     BaseLib:SafeString.obj
 0002:000007c8       ??_C@_0CH@LALFPBMC@?$CI?$CIUINTN?$CJDestination?5?$CG?50x00000001@ 000000000001a208     BaseLib:SafeString.obj
 0002:000007f0       ??_C@_0CC@HEBCMBPF@?$CI?$CIUINTN?$CJSource?5?$CG?50x00000001?$CJ?5?$DN?$DN?5@ 000000000001a230     BaseLib:SafeString.obj
 0002:00000818       ??_C@_0BO@ECNIOIHG@?$CIDestination?5?$CB?$DN?5?$CI?$CIvoid?5?$CK?$CJ?50?$CJ?$CJ?$AA@ 000000000001a258     BaseLib:SafeString.obj
 0002:00000838       ??_C@_07KBGDFDAM@StrCpyS?$AA@ 000000000001a278     BaseLib:SafeString.obj
 0002:00000840       ??_C@_0EA@PDPDJJNN@?$CFa?$CI?$CFd?$CJ?5?$CFa?3?5SAFE_STRING_CONSTRAIN@ 000000000001a280     BaseLib:SafeString.obj
 0002:00000880       ??_C@_0BJ@EAEEJIP@?$CISource?5?$CB?$DN?5?$CI?$CIvoid?5?$CK?$CJ?50?$CJ?$CJ?$AA@ 000000000001a2c0     BaseLib:SafeString.obj
 0002:000008a0       ??_C@_0EA@BBALOHPI@?$CIDestMax?5?$DM?$DN?5?$CI_gPcd_FixedAtBuild_@ 000000000001a2e0     BaseLib:SafeString.obj
 0002:000008e0       ??_C@_0P@PMIMLIHM@?$CIDestMax?5?$CB?$DN?50?$CJ?$AA@ 000000000001a320     BaseLib:SafeString.obj
 0002:000008f0       ??_C@_0BG@EEGIIOKH@?$CIDestMax?5?$DO?5SourceLen?$CJ?$AA@ 000000000001a330     BaseLib:SafeString.obj
 0002:00000910       ??_C@_0FH@PPBLBDBJ@InternalSafeStringNoStrOverlap?5?$CI@ 000000000001a350     BaseLib:SafeString.obj
 0002:00000968       ??_C@_08INOAHJON@StrnCpyS?$AA@ 000000000001a3a8     BaseLib:SafeString.obj
 0002:00000978       ??_C@_0DP@PBOJGJC@?$CILength?5?$DM?$DN?5?$CI_gPcd_FixedAtBuild_P@ 000000000001a3b8     BaseLib:SafeString.obj
 0002:000009b8       ??_C@_07EBBOPAKF@StrCatS?$AA@ 000000000001a3f8     BaseLib:SafeString.obj
 0002:000009c0       ??_C@_0P@BHOOOJPD@?$CICopyLen?5?$CB?$DN?50?$CJ?$AA@ 000000000001a400     BaseLib:SafeString.obj
 0002:000009d0       ??_C@_0BG@BPGICNPK@?$CICopyLen?5?$DO?5SourceLen?$CJ?$AA@ 000000000001a410     BaseLib:SafeString.obj
 0002:000009e8       ??_C@_08GNJNNKEE@StrnCatS?$AA@ 000000000001a428     BaseLib:SafeString.obj
 0002:000009f8       ??_C@_0BJ@CNKJJNE@?$CIBuffer?5?$CB?$DN?5?$CI?$CIvoid?5?$CK?$CJ?50?$CJ?$CJ?$AA@ 000000000001a438     BaseLib:SafeString.obj
 0002:00000a18       ??_C@_0BG@MFINJFHO@AsciiStrToUnicodeStrS?$AA@ 000000000001a458     BaseLib:SafeString.obj
 0002:00000a30       ??_C@_0GF@GCLJAOAI@?$CBInternalSafeStringIsOverlap?5?$CIDe@ 000000000001a470     BaseLib:SafeString.obj
 0002:00000aa0       ??_C@_0EB@OHCINBMP@c?3?2users?2mliang2x?2workspace?2edk2@ 000000000001a4e0     BaseLib:String.obj
 0002:00000ae8       ??_C@_0DK@EOJCOAME@Length?5?$DM?5_gPcd_FixedAtBuild_PcdM@ 000000000001a528     BaseLib:String.obj
 0002:00000b28       ??_C@_0BL@JAAMOCAJ@StrSize?5?$CIFirstString?$CJ?5?$CB?$DN?50?$AA@ 000000000001a568     BaseLib:String.obj
 0002:00000b48       ??_C@_0BM@DALBOILC@StrSize?5?$CISecondString?$CJ?5?$CB?$DN?50?$AA@ 000000000001a588     BaseLib:String.obj
 0002:00000b68       ??_C@_0DL@LFIMEMJP@Length?5?$DM?$DN?5_gPcd_FixedAtBuild_Pcd@ 000000000001a5a8     BaseLib:String.obj
 0002:00000ba8       ??_C@_0BG@KBNOLIGE@StrSize?5?$CIString?$CJ?5?$CB?$DN?50?$AA@ 000000000001a5e8     BaseLib:String.obj
 0002:00000bc0       ??_C@_0BM@NNBLOHJD@StrSize?5?$CISearchString?$CJ?5?$CB?$DN?50?$AA@ 000000000001a600     BaseLib:String.obj
 0002:00000be0       ??_C@_0DI@MDIKFADO@Length?5?$DM?5_gPcd_FixedAtBuild_PcdM@ 000000000001a620     BaseLib:String.obj
 0002:00000c18       ??_C@_0BL@IKFBNFIL@AsciiStrSize?5?$CIFirstString?$CJ?$AA@ 000000000001a658     BaseLib:String.obj
 0002:00000c38       ??_C@_0BM@EDNOKLLE@AsciiStrSize?5?$CISecondString?$CJ?$AA@ 000000000001a678     BaseLib:String.obj
 0002:00000c58       ??_C@_0DJ@JJHGIFMP@Length?5?$DM?$DN?5_gPcd_FixedAtBuild_Pcd@ 000000000001a698     BaseLib:String.obj
 0002:00000ca0       ??_C@_0EE@FAJFAODK@c?3?2users?2mliang2x?2workspace?2edk2@ 000000000001a6e0     BaseLib:Unaligned.obj
 0002:00000ce8       ??_C@_0N@KGHEHMDL@Divisor?5?$CB?$DN?50?$AA@ 000000000001a728     BaseLib:DivU64x32.obj
 0002:00000cf8       ??_C@_0CI@BGLNHBLM@?$CI?$CI?$CIUINTN?$CJ?5?$CIStartOfBuffer?$CJ?$CJ?5?$CG?50x0@ 000000000001a738     BasePrintLib:PrintLib.obj
 0002:00000d20       ??_C@_0EI@PHEOPKNG@c?3?2users?2mliang2x?2workspace?2edk2@ 000000000001a760     BasePrintLib:PrintLib.obj
 0002:00000d68       ??_C@_0CH@KJLBGOBB@?$CI?$CI?$CIUINTN?$CJ?5?$CIFormatString?$CJ?$CJ?5?$CG?50x01@ 000000000001a7a8     BasePrintLib:PrintLib.obj
 0002:00000d90       ??_C@_0CB@LDBAOPMG@?$CI?$CI?$CIUINTN?$CJ?5?$CIBuffer?$CJ?$CJ?5?$CG?50x01?$CJ?5?$DN?$DN?50@ 000000000001a7d0     BasePrintLib:PrintLib.obj
 0002:00000dc0       ??_C@_0FA@JGMHCDLA@c?3?2users?2mliang2x?2workspace?2edk2@ 000000000001a800     BasePrintLib:PrintLibInternal.obj
 0002:00000e10       ??_C@_0EB@HDGIDCIO@?$CIBufferSize?5?$DM?$DN?5?$CI_gPcd_FixedAtBui@ 000000000001a850     BasePrintLib:PrintLibInternal.obj
 0002:00000e60       ??_C@_0FJ@HAEMOBLP@?$CIBufferSize?5?$DM?$DN?5?$CI_gPcd_FixedAtBui@ 000000000001a8a0     BasePrintLib:PrintLibInternal.obj
 0002:00000ec0       ??_C@_0CO@OJNGHNJG@?$CI?$CIFlags?5?$CG?5?$HO?$CI0x01?5?$HM?50x08?5?$HM?50x20?5?$HM@ 000000000001a900     BasePrintLib:PrintLibInternal.obj
 0002:00000ef0       ??_C@_0DB@HIDPIAGP@?$CI?$CI?$CIFlags?5?$CG?50x08?$CJ?5?$DN?$DN?50?$CJ?5?$HM?$HM?5?$CI?$CIFlag@ 000000000001a930     BasePrintLib:PrintLibInternal.obj
 0002:00000f28       ??_C@_0N@PNKFBKME@?$CIWidth?5?$DM?538?$CJ?$AA@ 000000000001a968     BasePrintLib:PrintLibInternal.obj
 0002:00000f38       ??_C@_0CI@HPJOGFNE@?$CIBufferSize?5?$DO?$DN?5?$CIWidth?5?$CL?51?$CJ?5?$CK?5Inc@ 000000000001a978     BasePrintLib:PrintLibInternal.obj
 0002:00000f60       ??_C@_0BJ@PPAKKDJG@?$CIFormat?5?$CB?$DN?5?$CI?$CIvoid?5?$CK?$CJ?50?$CJ?$CJ?$AA@ 000000000001a9a0     BasePrintLib:PrintLibInternal.obj
 0002:00000f80       ??_C@_0ED@LPDDCECB@?$CIBufferSize?5?$DM?$DN?5?$CI_gPcd_FixedAtBui@ 000000000001a9c0     BasePrintLib:PrintLibInternal.obj
 0002:00000fd0       ??_C@_0IM@BFJJFLGB@?$CIStrnLenS?5?$CI?$CICHAR16?5?$CK?$CJFormat?0?5?$CI_g@ 000000000001aa10     BasePrintLib:PrintLibInternal.obj
 0002:00001060       ??_C@_0ID@PLGJGION@?$CIAsciiStrnLenS?5?$CIFormat?0?5?$CI_gPcd_F@ 000000000001aaa0     BasePrintLib:PrintLibInternal.obj
 0002:000010e8       ??_C@_0O@MLOLIMFM@?$DMnull?5string?$DO?$AA@ 000000000001ab28     BasePrintLib:PrintLibInternal.obj
 0002:000010f8       ??_C@_0M@BJJDNPHK@?$DMnull?5guid?$DO?$AA@ 000000000001ab38     BasePrintLib:PrintLibInternal.obj
 0002:00001108       ??_C@_0DB@PMLHLBMO@?$CF08x?9?$CF04x?9?$CF04x?9?$CF02x?$CF02x?9?$CF02x?$CF02x@ 000000000001ab48     BasePrintLib:PrintLibInternal.obj
 0002:00001140       ??_C@_0M@LHGBCIKM@?$DMnull?5time?$DO?$AA@ 000000000001ab80     BasePrintLib:PrintLibInternal.obj
 0002:00001150       ??_C@_0BK@FCPKCIDD@?$CF02d?1?$CF02d?1?$CF04d?5?5?$CF02d?3?$CF02d?$AA@ 000000000001ab90     BasePrintLib:PrintLibInternal.obj
 0002:0000116c       ??_C@_04JIMNDDED@?$CF08X?$AA@ 000000000001abac     BasePrintLib:PrintLibInternal.obj
 0002:00001174       ??_C@_02PCIJFNDE@?$AN?6?$AA@ 000000000001abb4     BasePrintLib:PrintLibInternal.obj
 0002:00001178       ??_C@_01LIIJDEN@?$AN?$AA@  000000000001abb8     BasePrintLib:PrintLibInternal.obj
 0002:00001180       mWarningString             000000000001abc0     BasePrintLib:PrintLibInternal.obj
 0002:00001220       mErrorString               000000000001ac60     BasePrintLib:PrintLibInternal.obj
 0002:000014e0       mHexStr                    000000000001af20     BasePrintLib:PrintLibInternal.obj
 0002:000014f0       ??_C@_0BH@LKMBFCBF@Format?5?$CB?$DN?5?$CI?$CIvoid?5?$CK?$CJ?50?$CJ?$AA@ 000000000001af30     PlatformDebugLibIoPort:DebugLib.obj
 0002:00001510       ??_C@_0FD@OABGLBHF@c?3?2users?2mliang2x?2workspace?2edk2@ 000000000001af50     PlatformDebugLibIoPort:DebugLib.obj
 0002:00001568       ??_C@_0BE@ECBJLCDE@ASSERT?5?$CFa?$CI?$CFLu?$CJ?3?5?$CFa?6?$AA@ 000000000001afa8     PlatformDebugLibIoPort:DebugLib.obj
 0002:00001580       ??_C@_0BN@COECPDCC@gImageHandle?5?$CB?$DN?5?$CI?$CIvoid?5?$CK?$CJ?50?$CJ?$AA@ 000000000001afc0     UefiBootServicesTableLib:UefiBootServicesTableLib.obj
 0002:000015a0       ??_C@_0GE@FKBNDHHB@c?3?2users?2mliang2x?2workspace?2edk2@ 000000000001afe0     UefiBootServicesTableLib:UefiBootServicesTableLib.obj
 0002:00001608       ??_C@_0BE@DGNHAHIL@gST?5?$CB?$DN?5?$CI?$CIvoid?5?$CK?$CJ?50?$CJ?$AA@ 000000000001b048     UefiBootServicesTableLib:UefiBootServicesTableLib.obj
 0002:00001620       ??_C@_0BE@BDFJLGLN@gBS?5?$CB?$DN?5?$CI?$CIvoid?5?$CK?$CJ?50?$CJ?$AA@ 000000000001b060     UefiBootServicesTableLib:UefiBootServicesTableLib.obj
 0002:00001638       ??_C@_0L@LBCNCHJA@Pages?5?$CB?$DN?50?$AA@ 000000000001b078     UefiMemoryAllocationLib:MemoryAllocationLib.obj
 0002:00001650       ??_C@_0FO@BEMDJMPM@c?3?2users?2mliang2x?2workspace?2edk2@ 000000000001b090     UefiMemoryAllocationLib:MemoryAllocationLib.obj
 0002:000016b0       ??_C@_0DO@GEEICOOO@AllocationSize?5?$DM?$DN?5?$CI0xFFFFFFFFFFF@ 000000000001b0f0     UefiMemoryAllocationLib:MemoryAllocationLib.obj
 0002:000016f0       ??_C@_0BE@OBDFIHND@gRT?5?$CB?$DN?5?$CI?$CIvoid?5?$CK?$CJ?50?$CJ?$AA@ 000000000001b130     UefiRuntimeServicesTableLib:UefiRuntimeServicesTableLib.obj
 0002:00001710       ??_C@_0GK@FJIMGEPP@c?3?2users?2mliang2x?2workspace?2edk2@ 000000000001b150     UefiRuntimeServicesTableLib:UefiRuntimeServicesTableLib.obj
 0002:00001780       ??_C@_0GI@KEFAHLGJ@c?3?2users?2mliang2x?2workspace?2edk2@ 000000000001b1c0     UefiDevicePathLibDevicePathProtocol:UefiDevicePathLib.obj
 0002:000017e8       ??_C@_0DC@CNNBPJA@mDevicePathLibDevicePathUtilitie@ 000000000001b228     UefiDevicePathLibDevicePathProtocol:UefiDevicePathLib.obj
 0002:00001820       ??_C@_0BL@JFODOCGB@DevicePath?5?$CB?$DN?5?$CI?$CIvoid?5?$CK?$CJ?50?$CJ?$AA@ 000000000001b260     UefiDevicePathLibDevicePathProtocol:UefiDevicePathLib.obj
 0002:00001840       ??_C@_0BF@CBLMFKOC@Node?5?$CB?$DN?5?$CI?$CIvoid?5?$CK?$CJ?50?$CJ?$AA@ 000000000001b280     UefiDevicePathLibDevicePathProtocol:UefiDevicePathLib.obj
 0002:00001860       ??_C@_0EH@ENCEEKKL@?$CILength?5?$DO?$DN?5sizeof?5?$CIEFI_DEVICE_PA@ 000000000001b2a0     UefiDevicePathLibDevicePathProtocol:UefiDevicePathLib.obj
 0002:000018a8       ??_C@_0BF@MBJFHGBE@Size?5?$CB?$DN?5?$CI?$CIvoid?5?$CK?$CJ?50?$CJ?$AA@ 000000000001b2e8     UefiDevicePathLibDevicePathProtocol:UefiDevicePathLib.obj
 0002:000018c0       mUefiDevicePathLibEndDevicePath 000000000001b300     UefiDevicePathLibDevicePathProtocol:UefiDevicePathLib.obj
 0002:000018c8       ??_C@_0BK@PPOBBAMB@TableGuid?5?$CB?$DN?5?$CI?$CIvoid?5?$CK?$CJ?50?$CJ?$AA@ 000000000001b308     UefiLib:UefiLib.obj
 0002:000018f0       ??_C@_0EC@DCGCAOKF@c?3?2users?2mliang2x?2workspace?2edk2@ 000000000001b330     UefiLib:UefiLib.obj
 0002:00001938       ??_C@_0BG@JDKEGFNB@Table?5?$CB?$DN?5?$CI?$CIvoid?5?$CK?$CJ?50?$CJ?$AA@ 000000000001b378     UefiLib:UefiLib.obj
 0002:00001950       ??_C@_0BO@IJOPPPFL@Lock?9?$DOLock?5?$DN?$DN?5EfiLockReleased?$AA@ 000000000001b390     UefiLib:UefiLib.obj
 0002:00001970       ??_C@_0BO@FHNOFLFJ@Lock?9?$DOLock?5?$DN?$DN?5EfiLockAcquired?$AA@ 000000000001b3b0     UefiLib:UefiLib.obj
 0002:00001990       ??_C@_0EG@GOBFPEEP@Name?5?$CB?$DN?5?$CI?$CIvoid?5?$CK?$CJ?50?$CJ?5?$CG?$CG?5Guid?5?$CB?$DN?5@ 000000000001b3d0     UefiLib:UefiLib.obj
 0002:000019d8       ??_C@_0BH@FMEOEIBC@?$CKValue?5?$CB?$DN?5?$CI?$CIvoid?5?$CK?$CJ?50?$CJ?$AA@ 000000000001b418     UefiLib:UefiLib.obj
 0002:000019f0       ??_C@_0CD@OLFKAJF@SupportedLanguages?5?$CB?$DN?5?$CI?$CIvoid?5?$CK?$CJ?5@ 000000000001b430     UefiLib:UefiLib.obj
 0002:00001a18       ??_C@_0BD@BHENKNKP@NumberOfLines?5?$CB?$DN?50?$AA@ 000000000001b458     UefiLib:Console.obj
 0002:00001a30       ??_C@_0EC@EJLIGNPA@c?3?2users?2mliang2x?2workspace?2edk2@ 000000000001b470     UefiLib:Console.obj
 0002:00001a78       ??_C@_0P@ICDOOCHP@MaxLength?5?$CB?$DN?50?$AA@ 000000000001b4b8     UefiLib:Console.obj
 0002:00001a88       ??_C@_0BF@DMEONNDO@Line?5?$CB?$DN?5?$CI?$CIvoid?5?$CK?$CJ?50?$CJ?$AA@ 000000000001b4c8     UefiLib:Console.obj
 0002:00001aa0       ??_C@_0BK@IHAIHFJE@TmpString?5?$CB?$DN?5?$CI?$CIvoid?5?$CK?$CJ?50?$CJ?$AA@ 000000000001b4e0     UefiLib:Console.obj
 0002:00001ac0       ??_C@_17LGKOMLJ@?$AA?4?$AA?4?$AA?4?$AA?$AA@ 000000000001b500     UefiLib:Console.obj
 0002:00001ad0       ??_C@_0ED@HPBEEAH@c?3?2users?2mliang2x?2workspace?2edk2@ 000000000001b510     DxeHobLib:HobLib.obj
 0002:00001b18       ??_C@_0BJ@OBFMLLDO@mHobList?5?$CB?$DN?5?$CI?$CIvoid?5?$CK?$CJ?50?$CJ?$AA@ 000000000001b558     DxeHobLib:HobLib.obj
 0002:00001b38       ??_C@_0BJ@NOLLDKJB@HobStart?5?$CB?$DN?5?$CI?$CIvoid?5?$CK?$CJ?50?$CJ?$AA@ 000000000001b578     DxeHobLib:HobLib.obj
 0002:00001b60       ??_C@_0FO@HNLMMFDN@c?3?2users?2mliang2x?2workspace?2edk2@ 000000000001b5a0     UefiHiiServicesLib:UefiHiiServicesLib.obj
 0002:00001bc0       ??_C@_0FK@MDDBGHAH@c?3?2users?2mliang2x?2workspace?2edk2@ 000000000001b600     DxeServicesTableLib:DxeServicesTableLib.obj
 0002:00001c20       ??_C@_0BE@IOIFLNKO@gDS?5?$CB?$DN?5?$CI?$CIvoid?5?$CK?$CJ?50?$CJ?$AA@ 000000000001b660     DxeServicesTableLib:DxeServicesTableLib.obj
 0002:00001c40       ??_C@_0EN@DDBLCGFI@c?3?2users?2mliang2x?2workspace?2edk2@ 000000000001b680     UefiHiiLib:HiiString.obj
 0002:00001c90       ??_C@_06PLDEFKP@x?9UEFI?$AA@ 000000000001b6d0     UefiHiiLib:HiiString.obj
 0002:00001c98       ??_C@_0CA@OEKIMLLB@PackageListGuid?5?$CB?$DN?5?$CI?$CIvoid?5?$CK?$CJ?50?$CJ?$AA@ 000000000001b6d8     UefiHiiLib:HiiString.obj
 0002:00001cb8       ??_C@_0O@EMMLPDMJ@StringId?5?$CB?$DN?50?$AA@ 000000000001b6f8     UefiHiiLib:HiiString.obj
 0002:00001cc6       ??_C@_00CNPNBAHC@?$AA@     000000000001b706     UefiHiiLib:HiiString.obj
 0002:00001cd0       ??_C@_0EK@CCOCGB@c?3?2users?2mliang2x?2workspace?2edk2@ 000000000001b710     UefiHiiLib:HiiLib.obj
 0002:00001d20       ??_C@_0BN@EHPNHAIF@ConfigString?5?$CB?$DN?5?$CI?$CIvoid?5?$CK?$CJ?50?$CJ?$AA@ 000000000001b760     UefiHiiLib:HiiLib.obj
 0002:00001d40       ??_C@_0BO@KAEFIFMO@ConfigRequest?5?$CB?$DN?5?$CI?$CIvoid?5?$CK?$CJ?50?$CJ?$AA@ 000000000001b780     UefiHiiLib:HiiLib.obj
 0002:00001d60       ??_C@_0BG@MJAHJKJ@Block?5?$CB?$DN?5?$CI?$CIvoid?5?$CK?$CJ?50?$CJ?$AA@ 000000000001b7a0     UefiHiiLib:HiiLib.obj
 0002:00001d78       ??_C@_1M@DPLGJLCD@?$AAG?$AAU?$AAI?$AAD?$AA?$DN?$AA?$AA@ 000000000001b7b8     UefiHiiLib:HiiLib.obj
 0002:00001d88       ??_C@_1O@FMIENBLJ@?$AA?$CG?$AAN?$AAA?$AAM?$AAE?$AA?$DN?$AA?$AA@ 000000000001b7c8     UefiHiiLib:HiiLib.obj
 0002:00001d98       ??_C@_1O@GGMHNGIF@?$AA?$CG?$AAP?$AAA?$AAT?$AAH?$AA?$DN?$AA?$AA@ 000000000001b7d8     UefiHiiLib:HiiLib.obj
 0002:00001da8       ??_C@_1BC@KLGPJAMP@?$AA?$CG?$AAO?$AAF?$AAF?$AAS?$AAE?$AAT?$AA?$DN?$AA?$AA@ 000000000001b7e8     UefiHiiLib:HiiLib.obj
 0002:00001dc0       ??_C@_0BM@LENJOOBF@FirstString?5?$CB?$DN?5?$CI?$CIvoid?5?$CK?$CJ?50?$CJ?$AA@ 000000000001b800     UefiHiiLib:HiiLib.obj
 0002:00001de0       ??_C@_0BN@CGMEJHHH@SecondString?5?$CB?$DN?5?$CI?$CIvoid?5?$CK?$CJ?50?$CJ?$AA@ 000000000001b820     UefiHiiLib:HiiLib.obj
 0002:00001e00       ??_C@_0CC@BCKDEPBB@StartSearchString?5?$CB?$DN?5?$CI?$CIvoid?5?$CK?$CJ?50@ 000000000001b840     UefiHiiLib:HiiLib.obj
 0002:00001e28       ??_C@_0CB@NPMPBLHL@StopSearchString?5?$CB?$DN?5?$CI?$CIvoid?5?$CK?$CJ?50?$CJ@ 000000000001b868     UefiHiiLib:HiiLib.obj
 0002:00001e50       ??_C@_0BK@LFDBOAFJ@ConfigHdr?5?$CB?$DN?5?$CI?$CIvoid?5?$CK?$CJ?50?$CJ?$AA@ 000000000001b890     UefiHiiLib:HiiLib.obj
 0002:00001e70       ??_C@_1M@IDEFLMF@?$AA?$CF?$AAs?$AA?$CG?$AA?$CF?$AAs?$AA?$AA@ 000000000001b8b0     UefiHiiLib:HiiLib.obj
 0002:00001e80       ??_C@_1DC@EPJEBJEB@?$AA?$CF?$AAs?$AA?$CG?$AAO?$AAF?$AAF?$AAS?$AAE?$AAT?$AA?$DN?$AA0?$AA?$CG?$AAW?$AAI?$AAD?$AAT?$AAH?$AA?$DN?$AA?$CF?$AA0?$AA1?$AA6?$AAL?$AAX?$AA?$AA@ 000000000001b8c0     UefiHiiLib:HiiLib.obj
 0002:00001eb8       ??_C@_0BN@OKKMNGPH@OpCodeHandle?5?$CB?$DN?5?$CI?$CIvoid?5?$CK?$CJ?50?$CJ?$AA@ 000000000001b8f8     UefiHiiLib:HiiLib.obj
 0002:00001ed8       ??_C@_0BP@IOABAFLF@OpCodeTemplate?5?$CB?$DN?5?$CI?$CIvoid?5?$CK?$CJ?50?$CJ?$AA@ 000000000001b918     UefiHiiLib:HiiLib.obj
 0002:00001ef8       ??_C@_0CF@DPHCOLMP@?$CIOpCodeSize?5?$CL?5ExtensionSize?$CJ?5?$DM?$DN?5@ 000000000001b938     UefiHiiLib:HiiLib.obj
 0002:00001f20       ??_C@_0BK@JGHNIOOD@RawBuffer?5?$CB?$DN?5?$CI?$CIvoid?5?$CK?$CJ?50?$CJ?$AA@ 000000000001b960     UefiHiiLib:HiiLib.obj
 0002:00001f40       ??_C@_0CA@JCKPEJCB@RawOpCodeHandle?5?$CB?$DN?5?$CI?$CIvoid?5?$CK?$CJ?50?$CJ?$AA@ 000000000001b980     UefiHiiLib:HiiLib.obj
 0002:00001f60       ??_C@_0M@HDMCLEDO@Type?5?$DM?50x08?$AA@ 000000000001b9a0     UefiHiiLib:HiiLib.obj
 0002:00001f70       ??_C@_0CP@JCOCHGHI@?$CIQuestionFlags?5?$CG?5?$CI?$HO?$CI0x01?5?$HM?50x04?5@ 000000000001b9b0     UefiHiiLib:HiiLib.obj
 0002:00001fa0       ??_C@_0DG@CGCLKNEF@?$CIQuestionFlags?5?$CG?5?$CI?$HO?$CI0x01?5?$HM?50x04?5@ 000000000001b9e0     UefiHiiLib:HiiLib.obj
 0002:00001fd8       ??_C@_0DN@DNMIONI@?$CIQuestionFlags?5?$CG?5?$CI?$HO?$CI0x01?5?$HM?50x04?5@ 000000000001ba18     UefiHiiLib:HiiLib.obj
 0002:00002020       mConfigHdrTemplate         000000000001ba60     UefiHiiLib:HiiLib.obj
 0002:00002090       mHiiDefaultTypeToWidth     000000000001bad0     UefiHiiLib:HiiLib.obj
 0002:00002098       mEndOfPakageList           000000000001bad8     UefiHiiLib:HiiLib.obj
 0002:000020a0       ??_C@_0EP@LMJDKFAP@c?3?2users?2mliang2x?2workspace?2edk2@ 000000000001bae0     UefiHiiLib:HiiLanguage.obj
 0002:000020f0       ??_C@_0GD@PGPLJJNH@c?3?2users?2mliang2x?2workspace?2edk2@ 000000000001bb30     DxeReportStatusCodeLib:ReportStatusCodeLib.obj
 0002:00002158       ??_C@_0BM@HAIDGOCB@Description?5?$CB?$DN?5?$CI?$CIvoid?5?$CK?$CJ?50?$CJ?$AA@ 000000000001bb98     DxeReportStatusCodeLib:ReportStatusCodeLib.obj
 0002:00002178       ??_C@_0DN@HHIHPHHB@?$CB?$CI?$CIExtendedData?5?$DN?$DN?5?$CI?$CIvoid?5?$CK?$CJ?50?$CJ?$CJ@ 000000000001bbb8     DxeReportStatusCodeLib:ReportStatusCodeLib.obj
 0002:000021b8       ??_C@_0DN@BBBIFINB@?$CB?$CI?$CIExtendedData?5?$CB?$DN?5?$CI?$CIvoid?5?$CK?$CJ?50?$CJ?$CJ@ 000000000001bbf8     DxeReportStatusCodeLib:ReportStatusCodeLib.obj
 0002:00002200       ??_C@_0EP@CPFHHOMB@?$CI?$CI?$CIINTN?$CJ?$CIRETURN_STATUS?$CJ?$CIStatus?$CJ?$CJ@ 000000000001bc40     UefiBootManagerLib:BmConnect.obj
 0002:00002250       ??_C@_0FF@EONLEJNC@c?3?2users?2mliang2x?2workspace?2edk2@ 000000000001bc90     UefiBootManagerLib:BmConnect.obj
 0002:000022a8       ??_C@_1O@CJIOJFKI@?$AA?$CF?$AAs?$AA?$CF?$AA0?$AA4?$AAx?$AA?$AA@ 000000000001bce8     UefiBootManagerLib:BmBoot.obj
 0002:000022b8       ??_C@_0DG@JBPPOHBO@OptionToFind?9?$DOOptionNumber?5?$DN?$DN?5Bo@ 000000000001bcf8     UefiBootManagerLib:BmBoot.obj
 0002:000022f0       ??_C@_0FC@OMHJNCLL@c?3?2users?2mliang2x?2workspace?2edk2@ 000000000001bd30     UefiBootManagerLib:BmBoot.obj
 0002:00002348       ??_C@_19GDALFLBC@?$AAH?$AAD?$AAD?$AAP?$AA?$AA@ 000000000001bd88     UefiBootManagerLib:BmBoot.obj
 0002:00002358       ??_C@_0CB@HNPPGGEL@IsDevicePathEnd?5?$CITempDevicePath?$CJ@ 000000000001bd98     UefiBootManagerLib:BmBoot.obj
 0002:00002380       ??_C@_1CM@POLGBFKG@?$AA?2?$AAE?$AAF?$AAI?$AA?2?$AAB?$AAO?$AAO?$AAT?$AA?2?$AAB?$AAO?$AAO?$AAT?$AAX?$AA6?$AA4?$AA?4?$AAE?$AAF?$AAI?$AA?$AA@ 000000000001bdc0     UefiBootManagerLib:BmBoot.obj
 0002:000023b0       ??_C@_0CC@IJGCPIJN@RamDiskDevicePath?5?$CB?$DN?5?$CI?$CIvoid?5?$CK?$CJ?50@ 000000000001bdf0     UefiBootManagerLib:BmBoot.obj
 0002:000023e0       ??_C@_0GA@KMAJBBHE@?$CIDevicePathType?5?$CIRamDiskDevicePa@ 000000000001be20     UefiBootManagerLib:BmBoot.obj
 0002:00002440       ??_C@_0BB@DLJFOJCC@BmExpandLoadFile?$AA@ 000000000001be80     UefiBootManagerLib:BmBoot.obj
 0002:00002460       ??_C@_0FG@OIHFMLDO@?$CFa?3?$CFa?3?5failed?5to?5allocate?5reserv@ 000000000001bea0     UefiBootManagerLib:BmBoot.obj
 0002:000024b8       ??_C@_0BJ@LNALCLOM@FilePath?5?$CB?$DN?5?$CI?$CIvoid?5?$CK?$CJ?50?$CJ?$AA@ 000000000001bef8     UefiBootManagerLib:BmBoot.obj
 0002:000024e0       ??_C@_0EN@JHMJNHPF@?$CIErrorCode?5?$DN?$DN?5?$CI0x1000?5?$HM?50x000000@ 000000000001bf20     UefiBootManagerLib:BmBoot.obj
 0002:00002530       ??_C@_0DM@POBOKFGH@?$FLBds?$FN?5Failed?5to?5create?5Boot?$CD?$CD?$CD?$CD?5@ 000000000001bf70     UefiBootManagerLib:BmBoot.obj
 0002:00002570       ??_C@_1BI@LBNGELID@?$AAB?$AAo?$AAo?$AAt?$AAC?$AAu?$AAr?$AAr?$AAe?$AAn?$AAt?$AA?$AA@ 000000000001bfb0     UefiBootManagerLib:BmBoot.obj
 0002:00002588       ??_C@_0CC@HMPNCCAJ@?$FLBds?$FN?5Booting?5Boot?5Manager?5Menu?4@ 000000000001bfc8     UefiBootManagerLib:BmBoot.obj
 0002:000025b0       ??_C@_0CH@MAENAIDI@?$FLBds?$FNBooting?5from?5unknown?5device@ 000000000001bff0     UefiBootManagerLib:BmBoot.obj
 0002:000025d8       ??_C@_0BB@BJMHKPKN@?$FLBds?$FNBooting?5?$CFs?6?$AA@ 000000000001c018     UefiBootManagerLib:BmBoot.obj
 0002:000025f0       ??_C@_0BK@CCNIJCHI@Image?5Return?5Status?5?$DN?5?$CFr?6?$AA@ 000000000001c030     UefiBootManagerLib:BmBoot.obj
 0002:00002610       ??_C@_0EJ@CKFLEIKF@Status?5?$DN?$DN?50?5?$HM?$HM?5Status?5?$DN?$DN?5?$CI?$CIRETUR@ 000000000001c050     UefiBootManagerLib:BmBoot.obj
 0002:00002660       ??_C@_0CA@CKEJEPEJ@BootOptionCount?5?$CB?$DN?5?$CI?$CIvoid?5?$CK?$CJ?50?$CJ?$AA@ 000000000001c0a0     UefiBootManagerLib:BmBoot.obj
 0002:00002680       ??_C@_0BM@DJHLFDEF@BootOptions?5?$CB?$DN?5?$CI?$CIvoid?5?$CK?$CJ?50?$CJ?$AA@ 000000000001c0c0     UefiBootManagerLib:BmBoot.obj
 0002:000026a0       ??_C@_1M@NFPEGKHA@?$AAC?$AAo?$AAn?$AAI?$AAn?$AA?$AA@ 000000000001c0e0     UefiBootManagerLib:BmConsole.obj
 0002:000026b0       ??_C@_1O@MJHLOIFA@?$AAC?$AAo?$AAn?$AAO?$AAu?$AAt?$AA?$AA@ 000000000001c0f0     UefiBootManagerLib:BmConsole.obj
 0002:000026c0       ??_C@_1O@JOJMCOJC@?$AAE?$AAr?$AAr?$AAO?$AAu?$AAt?$AA?$AA@ 000000000001c100     UefiBootManagerLib:BmConsole.obj
 0002:000026d0       ??_C@_1BC@OBFMLJLI@?$AAC?$AAo?$AAn?$AAI?$AAn?$AAD?$AAe?$AAv?$AA?$AA@ 000000000001c110     UefiBootManagerLib:BmConsole.obj
 0002:000026e8       ??_C@_1BE@INNAKDAF@?$AAC?$AAo?$AAn?$AAO?$AAu?$AAt?$AAD?$AAe?$AAv?$AA?$AA@ 000000000001c128     UefiBootManagerLib:BmConsole.obj
 0002:00002700       ??_C@_1BE@JFPOEAHF@?$AAE?$AAr?$AAr?$AAO?$AAu?$AAt?$AAD?$AAe?$AAv?$AA?$AA@ 000000000001c140     UefiBootManagerLib:BmConsole.obj
 0002:00002720       ??_C@_0FF@IDLMDAJB@c?3?2users?2mliang2x?2workspace?2edk2@ 000000000001c160     UefiBootManagerLib:BmConsole.obj
 0002:00002778       ??_C@_0BI@LEGCJJJC@VarName?5?$CB?$DN?5?$CI?$CIvoid?5?$CK?$CJ?50?$CJ?$AA@ 000000000001c1b8     UefiBootManagerLib:BmConsole.obj
 0002:00002790       ??_C@_0BO@LGKGLLEA@ConsoleHandle?5?$CB?$DN?5?$CI?$CIvoid?5?$CK?$CJ?50?$CJ?$AA@ 000000000001c1d0     UefiBootManagerLib:BmConsole.obj
 0002:000027b0       ??_C@_0BM@CGHKLPCB@ConsoleGuid?5?$CB?$DN?5?$CI?$CIvoid?5?$CK?$CJ?50?$CJ?$AA@ 000000000001c1f0     UefiBootManagerLib:BmConsole.obj
 0002:000027d0       ??_C@_0CC@IEKIILIB@ProtocolInterface?5?$CB?$DN?5?$CI?$CIvoid?5?$CK?$CJ?50@ 000000000001c210     UefiBootManagerLib:BmConsole.obj
 0002:000027f8       ??_C@_0DC@IFPPFOCH@?$FLBds?$FN?5No?5valid?5console?5instance?5@ 000000000001c238     UefiBootManagerLib:BmConsole.obj
 0002:00002830       mConVarName                000000000001c270     UefiBootManagerLib:BmConsole.obj
 0002:00002860       mBmLoadOptionName          000000000001c2a0     UefiBootManagerLib:BmLoadOption.obj
 0002:00002880       ??_C@_1O@GAOCKAOK@?$AAD?$AAr?$AAi?$AAv?$AAe?$AAr?$AA?$AA@ 000000000001c2c0     UefiBootManagerLib:BmLoadOption.obj
 0002:00002890       ??_C@_1BA@IBFPPJON@?$AAS?$AAy?$AAs?$AAP?$AAr?$AAe?$AAp?$AA?$AA@ 000000000001c2d0     UefiBootManagerLib:BmLoadOption.obj
 0002:000028a0       ??_C@_19JCAOHIEH@?$AAB?$AAo?$AAo?$AAt?$AA?$AA@ 000000000001c2e0     UefiBootManagerLib:BmLoadOption.obj
 0002:000028b0       ??_C@_1CC@LGMJPJO@?$AAP?$AAl?$AAa?$AAt?$AAf?$AAo?$AAr?$AAm?$AAR?$AAe?$AAc?$AAo?$AAv?$AAe?$AAr?$AAy?$AA?$AA@ 000000000001c2f0     UefiBootManagerLib:BmLoadOption.obj
 0002:000028d8       ??_C@_1BI@PDMCFEDG@?$AAD?$AAr?$AAi?$AAv?$AAe?$AAr?$AAO?$AAr?$AAd?$AAe?$AAr?$AA?$AA@ 000000000001c318     UefiBootManagerLib:BmLoadOption.obj
 0002:000028f0       ??_C@_1BK@CHMLNGLH@?$AAS?$AAy?$AAs?$AAP?$AAr?$AAe?$AAp?$AAO?$AAr?$AAd?$AAe?$AAr?$AA?$AA@ 000000000001c330     UefiBootManagerLib:BmLoadOption.obj
 0002:00002910       ??_C@_1BE@CHCFCNKI@?$AAB?$AAo?$AAo?$AAt?$AAO?$AAr?$AAd?$AAe?$AAr?$AA?$AA@ 000000000001c350     UefiBootManagerLib:BmLoadOption.obj
 0002:00002930       ??_C@_0FI@IIKBJFKE@c?3?2users?2mliang2x?2workspace?2edk2@ 000000000001c370     UefiBootManagerLib:BmLoadOption.obj
 0002:00002988       ??_C@_0CB@PFDEGLPD@FreeOptionNumber?5?$CB?$DN?5?$CI?$CIvoid?5?$CK?$CJ?50?$CJ@ 000000000001c3c8     UefiBootManagerLib:BmLoadOption.obj
 0002:000029b0       ??_C@_0HK@DHJNPELJ@LoadOptionType?5?$DN?$DN?5LoadOptionType@ 000000000001c3f0     UefiBootManagerLib:BmLoadOption.obj
 0002:00002a30       ??_C@_0GP@HFLIMAAP@?$CIOptionOrder?5?$CB?$DN?5?$CI?$CIvoid?5?$CK?$CJ?50?$CJ?5?$CG?$CG?5@ 000000000001c470     UefiBootManagerLib:BmLoadOption.obj
 0002:00002aa0       ??_C@_1BC@HGEHGBBD@?$AAB?$AAo?$AAo?$AAt?$AAN?$AAe?$AAx?$AAt?$AA?$AA@ 000000000001c4e0     UefiBootManagerLib:BmLoadOption.obj
 0002:00002ab8       ??_C@_0BI@HMGPIBBB@OptionNumber?5?$DM?$DN?50x10000?$AA@ 000000000001c4f8     UefiBootManagerLib:BmLoadOption.obj
 0002:00002ad0       ??_C@_0BJ@DLOFCCCI@Variable?5?$CB?$DN?5?$CI?$CIvoid?5?$CK?$CJ?50?$CJ?$AA@ 000000000001c510     UefiBootManagerLib:BmLoadOption.obj
 0002:00002af0       ??_C@_0BP@NMMDNJFN@NewOptionOrder?5?$CB?$DN?5?$CI?$CIvoid?5?$CK?$CJ?50?$CJ?$AA@ 000000000001c530     UefiBootManagerLib:BmLoadOption.obj
 0002:00002b10       ??_C@_0BM@ILMIEJOJ@OptionOrder?5?$CB?$DN?5?$CI?$CIvoid?5?$CK?$CJ?50?$CJ?$AA@ 000000000001c550     UefiBootManagerLib:BmLoadOption.obj
 0002:00002b30       ??_C@_0CM@MAOCOHA@String?5?$CB?$DN?5?$CI?$CIvoid?5?$CK?$CJ?50?$CJ?5?$CG?$CG?5MaxStr@ 000000000001c570     UefiBootManagerLib:BmLoadOption.obj
 0002:00002b60       ??_C@_0BI@BEIPAHPN@Options?5?$CB?$DN?5?$CI?$CIvoid?5?$CK?$CJ?50?$CJ?$AA@ 000000000001c5a0     UefiBootManagerLib:BmLoadOption.obj
 0002:00002b80       ??_C@_0EN@EEPBAEH@?$FLBds?$FN?5?$CFs?5doesn?8t?5exist?5?9?5Update?5@ 000000000001c5c0     UefiBootManagerLib:BmLoadOption.obj
 0002:00002bd0       ??_C@_0DC@GPHPCJCG@Options?$FLOptionIndex?$FN?4OptionNumbe@ 000000000001c610     UefiBootManagerLib:BmLoadOption.obj
 0002:00002c08       ??_C@_0O@JAAHIOB@?$FLBds?$FN?5Expand?5?$AA@ 000000000001c648     UefiBootManagerLib:BmLoadOption.obj
 0002:00002c18       ??_C@_04BBDFLMDN@?5?9?$DO?5?$AA@ 000000000001c658     UefiBootManagerLib:BmLoadOption.obj
 0002:00002c20       ??_C@_01EEMJAFIK@?6?$AA@   000000000001c660     UefiBootManagerLib:BmLoadOption.obj
 0002:00002c28       mBmLoadOptionOrderName     000000000001c668     UefiBootManagerLib:BmLoadOption.obj
 0002:00002c50       ??_C@_0FN@OOLEKAAD@c?3?2users?2mliang2x?2workspace?2edk2@ 000000000001c690     UefiBootManagerLib:BmBootDescription.obj
 0002:00002cb0       ??_C@_0DD@MBGDIJCD@Length?5?$DN?$DN?5ModelNameLength?5?$CL?5Seri@ 000000000001c6f0     UefiBootManagerLib:BmBootDescription.obj
 0002:00002ce8       ??_C@_1BE@HCCIKJOI@?$AAS?$AAD?$AA?5?$AAD?$AAe?$AAv?$AAi?$AAc?$AAe?$AA?$AA@ 000000000001c728     UefiBootManagerLib:BmBootDescription.obj
 0002:00002d00       ??_C@_1BI@MOIBBPND@?$AAe?$AAM?$AAM?$AAC?$AA?5?$AAD?$AAe?$AAv?$AAi?$AAc?$AAe?$AA?$AA@ 000000000001c740     UefiBootManagerLib:BmBootDescription.obj
 0002:00002d18       ??_C@_13HOIJIPNN@?$AA?5?$AA?$AA@ 000000000001c758     UefiBootManagerLib:BmBootDescription.obj
 0002:00002d20       ??_C@_17IDOMPBMF@?$AAP?$AAX?$AAE?$AA?$AA@ 000000000001c760     UefiBootManagerLib:BmBootDescription.obj
 0002:00002d28       ??_C@_19BMGGGIKC@?$AAH?$AAT?$AAT?$AAP?$AA?$AA@ 000000000001c768     UefiBootManagerLib:BmBootDescription.obj
 0002:00002d40       ??_C@_1EK@KDADHDDD@?$AA?$CF?$AAs?$AAv?$AA?$CF?$AAd?$AA?5?$AA?$CI?$AAM?$AAA?$AAC?$AA?3?$AA?$CF?$AA0?$AA2?$AAx?$AA?$CF?$AA0?$AA2?$AAx?$AA?$CF?$AA0?$AA2?$AAx?$AA?$CF?$AA0?$AA2?$AAx?$AA?$CF?$AA0?$AA2?$AAx?$AA?$CF@ 000000000001c780     UefiBootManagerLib:BmBootDescription.obj
 0002:00002d90       ??_C@_1FI@BDHDKNGL@?$AA?$CF?$AAs?$AAv?$AA?$CF?$AAd?$AA?5?$AA?$CI?$AAM?$AAA?$AAC?$AA?3?$AA?$CF?$AA0?$AA2?$AAx?$AA?$CF?$AA0?$AA2?$AAx?$AA?$CF?$AA0?$AA2?$AAx?$AA?$CF?$AA0?$AA2?$AAx?$AA?$CF?$AA0?$AA2?$AAx?$AA?$CF@ 000000000001c7d0     UefiBootManagerLib:BmBootDescription.obj
 0002:00002de8       ??_C@_1O@CLMODHEM@?$AAF?$AAl?$AAo?$AAp?$AAp?$AAy?$AA?$AA@ 000000000001c828     UefiBootManagerLib:BmBootDescription.obj
 0002:00002df8       ??_C@_1BE@CAANMHKL@?$AAD?$AAV?$AAD?$AA?1?$AAC?$AAD?$AAR?$AAO?$AAM?$AA?$AA@ 000000000001c838     UefiBootManagerLib:BmBootDescription.obj
 0002:00002e10       ??_C@_1BG@FNOOENMH@?$AAH?$AAa?$AAr?$AAd?$AA?5?$AAD?$AAr?$AAi?$AAv?$AAe?$AA?$AA@ 000000000001c850     UefiBootManagerLib:BmBootDescription.obj
 0002:00002e28       ??_C@_1BG@PDJIKBEG@?$AAU?$AAS?$AAB?$AA?5?$AAD?$AAe?$AAv?$AAi?$AAc?$AAe?$AA?$AA@ 000000000001c868     UefiBootManagerLib:BmBootDescription.obj
 0002:00002e40       ??_C@_1BI@NPAIJFIJ@?$AAS?$AAC?$AAS?$AAI?$AA?5?$AAD?$AAe?$AAv?$AAi?$AAc?$AAe?$AA?$AA@ 000000000001c880     UefiBootManagerLib:BmBootDescription.obj
 0002:00002e58       ??_C@_1BO@NNOGFLGA@?$AAR?$AAe?$AAm?$AAo?$AAv?$AAa?$AAb?$AAl?$AAe?$AA?5?$AAD?$AAi?$AAs?$AAk?$AA?$AA@ 000000000001c898     UefiBootManagerLib:BmBootDescription.obj
 0002:00002e78       ??_C@_1BI@IIOANEKN@?$AAM?$AAi?$AAs?$AAc?$AA?5?$AAD?$AAe?$AAv?$AAi?$AAc?$AAe?$AA?$AA@ 000000000001c8b8     UefiBootManagerLib:BmBootDescription.obj
 0002:00002e90       ??_C@_1CM@CCDJEPCI@?$AAN?$AAo?$AAn?$AA?9?$AAB?$AAl?$AAo?$AAc?$AAk?$AA?5?$AAB?$AAo?$AAo?$AAt?$AA?5?$AAD?$AAe?$AAv?$AAi?$AAc?$AAe?$AA?$AA@ 000000000001c8d0     UefiBootManagerLib:BmBootDescription.obj
 0002:00002ec0       ??_C@_0BF@NDBIKIKC@CR?5has?5Bad?5Signature?$AA@ 000000000001c900     UefiBootManagerLib:BmBootDescription.obj
 0002:00002ed8       ??_C@_0BF@OIGBEABJ@Temp?5?$CB?$DN?5?$CI?$CIvoid?5?$CK?$CJ?50?$CJ?$AA@ 000000000001c918     UefiBootManagerLib:BmBootDescription.obj
 0002:00002ef0       ??_C@_0CD@NNLEHLIP@DefaultDescription?5?$CB?$DN?5?$CI?$CIvoid?5?$CK?$CJ?5@ 000000000001c930     UefiBootManagerLib:BmBootDescription.obj
 0002:00002f18       ??_C@_0BI@HAGDMNKK@Visited?5?$CB?$DN?5?$CI?$CIvoid?5?$CK?$CJ?50?$CJ?$AA@ 000000000001c958     UefiBootManagerLib:BmBootDescription.obj
 0002:00002f30       ??_C@_1M@DJFDNGE@?$AA?$CF?$AAs?$AA?5?$AA?$CF?$AAd?$AA?$AA@ 000000000001c970     UefiBootManagerLib:BmBootDescription.obj
 0002:00002f40       mBmBootDescriptionHandlers 000000000001c980     UefiBootManagerLib:BmBootDescription.obj
 0002:00002f70       ??_C@_0FE@BBPFHDL@c?3?2users?2mliang2x?2workspace?2edk2@ 000000000001c9b0     UefiBootManagerLib:BmHotkey.obj
 0002:00002fc8       ??_C@_0CC@JHGOKCAM@?$FLBds?$FNBmHotkeyCallback?3?5?$CF04x?3?$CF04x@ 000000000001ca08     UefiBootManagerLib:BmHotkey.obj
 0002:00002ff0       ??_C@_0EO@PGCGMAA@Hotkey?9?$DOWaitingKey?5?$DM?5?$CIsizeof?5?$CIHo@ 000000000001ca30     UefiBootManagerLib:BmHotkey.obj
 0002:00003040       ??_C@_0CB@PFLHPPPA@?$FLBds?$FNHotkey?5for?5?$CFs?5pressed?5?9?5?$CFr?6@ 000000000001ca80     UefiBootManagerLib:BmHotkey.obj
 0002:00003068       ??_C@_0BM@PIEMCHHP@?$FLBds?$FNContinue?5key?5pressed?$CB?6?$AA@ 000000000001caa8     UefiBootManagerLib:BmHotkey.obj
 0002:00003088       ??_C@_0CI@IEECCPEN@?$FLBds?$FNUnregisterKeyNotify?3?5?$CF04x?1?$CF@ 000000000001cac8     UefiBootManagerLib:BmHotkey.obj
 0002:000030b0       ??_C@_0BL@ELKNAPIO@?$FLBds?$FNStop?5Hotkey?5Service?$CB?6?$AA@ 000000000001caf0     UefiBootManagerLib:BmHotkey.obj
 0002:000030d0       ??_C@_1CM@OLBNONPD@?$AAM?$AAe?$AAm?$AAo?$AAr?$AAy?$AAT?$AAy?$AAp?$AAe?$AAI?$AAn?$AAf?$AAo?$AAr?$AAm?$AAa?$AAt?$AAi?$AAo?$AAn?$AA?$AA@ 000000000001cb10     UefiBootManagerLib:BmMisc.obj
 0002:00003100       ??_C@_0CG@JANCEMEA@Memory?5?5Previous?5?5Current?5?5?5?5Nex@ 000000000001cb40     UefiBootManagerLib:BmMisc.obj
 0002:00003128       ??_C@_0CG@GIAKKOHH@?5Type?5?5?5?5Pages?5?5?5?5?5Pages?5?5?5?5?5Pag@ 000000000001cb68     UefiBootManagerLib:BmMisc.obj
 0002:00003150       ??_C@_0CG@DHPBOGIK@?$DN?$DN?$DN?$DN?$DN?$DN?5?5?$DN?$DN?$DN?$DN?$DN?$DN?$DN?$DN?5?5?$DN?$DN?$DN?$DN?$DN?$DN?$DN?$DN?5?5?$DN?$DN?$DN?$DN@ 000000000001cb90     UefiBootManagerLib:BmMisc.obj
 0002:00003178       ??_C@_0BM@FKMFCHDC@?5?5?$CF02x?5?5?5?5?$CF08x?5?5?$CF08x?5?5?$CF08x?6?$AA@ 000000000001cbb8     UefiBootManagerLib:BmMisc.obj
 0002:00003198       ??_C@_0CK@JOALLLAO@Memory?5Type?5Information?5settings@ 000000000001cbd8     UefiBootManagerLib:BmMisc.obj
 0002:000031d0       ??_C@_0ED@IFKDJDAE@Memory?5Type?5Information?5settings@ 000000000001cc10     UefiBootManagerLib:BmMisc.obj
 0002:00003214       ??_C@_02DKCKIIND@?$CFs?$AA@ 000000000001cc54     UefiBootManagerLib:BmMisc.obj
 0002:00003218       ??_C@_1BA@OEPBAFIJ@?$AAH?$AAe?$AAa?$AAl?$AAt?$AAh?$AAy?$AA?$AA@ 000000000001cc58     UefiBootManagerLib:BmDriverHealth.obj
 0002:00003228       ??_C@_1CA@MECBMJF@?$AAR?$AAe?$AAp?$AAa?$AAi?$AAr?$AA?5?$AAR?$AAe?$AAq?$AAu?$AAi?$AAr?$AAe?$AAd?$AA?$AA@ 000000000001cc68     UefiBootManagerLib:BmDriverHealth.obj
 0002:00003248       ??_C@_1CO@FBBOCFDH@?$AAC?$AAo?$AAn?$AAf?$AAi?$AAg?$AAu?$AAr?$AAa?$AAt?$AAi?$AAo?$AAn?$AA?5?$AAR?$AAe?$AAq?$AAu?$AAi?$AAr?$AAe?$AAd?$AA?$AA@ 000000000001cc88     UefiBootManagerLib:BmDriverHealth.obj
 0002:00003278       ??_C@_1O@GCADHOOL@?$AAF?$AAa?$AAi?$AAl?$AAe?$AAd?$AA?$AA@ 000000000001ccb8     UefiBootManagerLib:BmDriverHealth.obj
 0002:00003288       ??_C@_1CG@MFKNOOC@?$AAR?$AAe?$AAc?$AAo?$AAn?$AAn?$AAe?$AAc?$AAt?$AA?5?$AAR?$AAe?$AAq?$AAu?$AAi?$AAr?$AAe?$AAd?$AA?$AA@ 000000000001ccc8     UefiBootManagerLib:BmDriverHealth.obj
 0002:000032b0       ??_C@_1CA@LMENMPKC@?$AAR?$AAe?$AAb?$AAo?$AAo?$AAt?$AA?5?$AAR?$AAe?$AAq?$AAu?$AAi?$AAr?$AAe?$AAd?$AA?$AA@ 000000000001ccf0     UefiBootManagerLib:BmDriverHealth.obj
 0002:000032d0       ??_C@_19BALNHBBC@?$AAL?$AAa?$AAn?$AAg?$AA?$AA@ 000000000001cd10     UefiBootManagerLib:BmDriverHealth.obj
 0002:000032dc       ??_C@_03LKLGDMJI@eng?$AA@  000000000001cd1c     UefiBootManagerLib:BmDriverHealth.obj
 0002:000032e0       ??_C@_05JJLPJMLG@en?9US?$AA@ 000000000001cd20     UefiBootManagerLib:BmDriverHealth.obj
 0002:000032e8       ??_C@_0BA@PJPGFCCB@Controller?3?5?$CFs?6?$AA@ 000000000001cd28     UefiBootManagerLib:BmDriverHealth.obj
 0002:000032f8       ??_C@_1CA@PLAOFDKP@?$AAC?$AAo?$AAn?$AAt?$AAr?$AAo?$AAl?$AAl?$AAe?$AAr?$AA?3?$AA?5?$AA?$CF?$AAs?$AA?6?$AA?$AA@ 000000000001cd38     UefiBootManagerLib:BmDriverHealth.obj
 0002:00003318       ??_C@_1M@IANLBCIB@?$AA?5?$AA?5?$AA?$CF?$AAs?$AA?6?$AA?$AA@ 000000000001cd58     UefiBootManagerLib:BmDriverHealth.obj
 0002:00003324       ??_C@_05LDOEBFOB@?5?5?$CFs?6?$AA@ 000000000001cd64     UefiBootManagerLib:BmDriverHealth.obj
 0002:00003330       ??_C@_0BK@NGFIGLGA@?$FLBDS?$FNRepairNotify?3?5?$CFd?1?$CFd?6?$AA@ 000000000001cd70     UefiBootManagerLib:BmDriverHealth.obj
 0002:00003350       ??_C@_1DE@KPAEMAID@?$AA?$FL?$AAB?$AAD?$AAS?$AA?$FN?$AAR?$AAe?$AAp?$AAa?$AAi?$AAr?$AAN?$AAo?$AAt?$AAi?$AAf?$AAy?$AA?3?$AA?5?$AA?$CF?$AAd?$AA?1?$AA?$CF?$AAd?$AA?6?$AA?$AA@ 000000000001cd90     UefiBootManagerLib:BmDriverHealth.obj
 0002:00003388       ??_C@_0CD@BOOHEENM@DriverHealthHandle?5?$CB?$DN?5?$CI?$CIvoid?5?$CK?$CJ?5@ 000000000001cdc8     UefiBootManagerLib:BmDriverHealth.obj
 0002:000033b0       ??_C@_0FK@NFNFEOGN@c?3?2users?2mliang2x?2workspace?2edk2@ 000000000001cdf0     UefiBootManagerLib:BmDriverHealth.obj
 0002:00003410       ??_C@_0CC@KGLGCPCA@?$CKDriverHealthInfo?5?$CB?$DN?5?$CI?$CIvoid?5?$CK?$CJ?50@ 000000000001ce50     UefiBootManagerLib:BmDriverHealth.obj
 0002:00003438       ??_C@_0CE@MFGOGKIA@DriverHealthHandles?5?$CB?$DN?5?$CI?$CIvoid?5?$CK?$CJ@ 000000000001ce78     UefiBootManagerLib:BmDriverHealth.obj
 0002:00003460       ??_C@_0P@JFBCBHIC@?$CF02d?3?5?$CFs?5?9?5?$CFs?6?$AA@ 000000000001cea0     UefiBootManagerLib:BmDriverHealth.obj
 0002:00003470       ??_C@_0BH@PIKEIHIM@BmRepairAllControllers?$AA@ 000000000001ceb0     UefiBootManagerLib:BmDriverHealth.obj
 0002:00003488       ??_C@_0CJ@OPCGBII@?$FL?$CFa?3?$CFd?$FN?5Repair?5failed?5after?5?$CFd?5r@ 000000000001cec8     UefiBootManagerLib:BmDriverHealth.obj
 0002:000034b8       ??_C@_0DO@HEBFPBBH@?$FLBDS?$FN?5One?5of?5the?5Driver?5Health?5i@ 000000000001cef8     UefiBootManagerLib:BmDriverHealth.obj
 0002:00003500       mBmHealthStatusText        000000000001cf40     UefiBootManagerLib:BmDriverHealth.obj
 0002:00003530       ??_C@_0CE@MDBJFLCA@MenuNumber?5?$DM?5MenuOption?9?$DOMenuNum@ 000000000001cf70     FileExplorerLib:FileExplorer.obj
 0002:00003560       ??_C@_0FF@NGAEBIMK@c?3?2users?2mliang2x?2workspace?2edk2@ 000000000001cfa0     FileExplorerLib:FileExplorer.obj
 0002:000035b8       ??_C@_0BH@GHAKFHML@ToText?5?$CB?$DN?5?$CI?$CIvoid?5?$CK?$CJ?50?$CJ?$AA@ 000000000001cff8     FileExplorerLib:FileExplorer.obj
 0002:000035d0       ??_C@_0BF@CPBCKIGP@Dest?5?$CB?$DN?5?$CI?$CIvoid?5?$CK?$CJ?50?$CJ?$AA@ 000000000001d010     FileExplorerLib:FileExplorer.obj
 0002:000035e8       ??_C@_0BH@FMMHHFDB@TmpStr?5?$CB?$DN?5?$CI?$CIvoid?5?$CK?$CJ?50?$CJ?$AA@ 000000000001d028     FileExplorerLib:FileExplorer.obj
 0002:00003600       ??_C@_0BE@LNIAOOBG@Str?5?$CB?$DN?5?$CI?$CIvoid?5?$CK?$CJ?50?$CJ?$AA@ 000000000001d040     FileExplorerLib:FileExplorer.obj
 0002:00003614       ??_C@_13FPGAJAPJ@?$AA?2?$AA?$AA@ 000000000001d054     FileExplorerLib:FileExplorer.obj
 0002:00003618       ??_C@_1CI@JGIGCDAN@?$AAN?$AAO?$AA?5?$AAF?$AAI?$AAL?$AAE?$AA?5?$AAS?$AAY?$AAS?$AAT?$AAE?$AAM?$AA?5?$AAI?$AAN?$AAF?$AAO?$AA?$AA@ 000000000001d058     FileExplorerLib:FileExplorer.obj
 0002:00003640       ??_C@_1CA@KOPNEOKK@?$AAN?$AAO?$AA?5?$AAV?$AAO?$AAL?$AAU?$AAM?$AAE?$AA?5?$AAL?$AAA?$AAB?$AAE?$AAL?$AA?$AA@ 000000000001d080     FileExplorerLib:FileExplorer.obj
 0002:00003660       ??_C@_0CJ@CDKCBEKC@MenuEntry?9?$DODisplayString?5?$CB?$DN?5?$CI?$CIvo@ 000000000001d0a0     FileExplorerLib:FileExplorer.obj
 0002:00003690       ??_C@_1BC@GMOFGFBO@?$AA?$CF?$AAs?$AA?0?$AA?5?$AA?$FL?$AA?$CF?$AAs?$AA?$FN?$AA?$AA@ 000000000001d0d0     FileExplorerLib:FileExplorer.obj
 0002:000036a8       ??_C@_19ECGOGJPA@?$AA?$DM?$AA?$CF?$AAs?$AA?$DO?$AA?$AA@ 000000000001d0e8     FileExplorerLib:FileExplorer.obj
 0002:000036b8       ??_C@_0CO@BKJCELCP@gFileExplorerPrivate?4FileType?5?$CB?$DN@ 000000000001d0f8     FileExplorerLib:FileExplorer.obj
 0002:000036e8       ??_C@_0CF@KMPENEEM@gHiiVendorDevicePath?5?$CB?$DN?5?$CI?$CIvoid?5?$CK@ 000000000001d128     FileExplorerLib:FileExplorer.obj
 0002:00003710       ??_C@_0DB@BODFOPAI@gFileExplorerPrivate?4FeHiiHandle@ 000000000001d150     FileExplorerLib:FileExplorer.obj
 0002:00003750       ??_C@_0FJ@KJONMDOF@c?3?2users?2mliang2x?2workspace?2edk2@ 000000000001d190     DeviceManagerUiLib:DeviceManager.obj
 0002:000037b0       ??_C@_0BP@KHCJJICF@MacAddressNode?5?$CB?$DN?5?$CI?$CIvoid?5?$CK?$CJ?50?$CJ?$AA@ 000000000001d1f0     DeviceManagerUiLib:DeviceManager.obj
 0002:000037d0       ??_C@_19IEFMLJON@?$AAM?$AAA?$AAC?$AA?3?$AA?$AA@ 000000000001d210     DeviceManagerUiLib:DeviceManager.obj
 0002:000037e0       ??_C@_1M@MOFLFCEC@?$AA?$CF?$AAs?$AA?5?$AA?$CF?$AAs?$AA?$AA@ 000000000001d220     DeviceManagerUiLib:DeviceManager.obj
 0002:000037f0       ??_C@_0DA@BBLDGEIM@gDeviceManagerPrivate?4HiiHandle?5@ 000000000001d230     DeviceManagerUiLib:DeviceManager.obj
 0002:00003820       ??_C@_1BG@DBHBDKIO@?$AAL?$AAe?$AAg?$AAa?$AAc?$AAy?$AA?5?$AAB?$AAE?$AAV?$AA?$AA@ 000000000001d260     BootManagerUiLib:BootManager.obj
 0002:00003838       ??_C@_1BM@IAJGCJBG@?$AAL?$AAe?$AAg?$AAa?$AAc?$AAy?$AA?5?$AAF?$AAl?$AAo?$AAp?$AAp?$AAy?$AA?$AA@ 000000000001d278     BootManagerUiLib:BootManager.obj
 0002:00003858       ??_C@_1CE@EJMDGBEH@?$AAL?$AAe?$AAg?$AAa?$AAc?$AAy?$AA?5?$AAH?$AAa?$AAr?$AAd?$AA?5?$AAD?$AAr?$AAi?$AAv?$AAe?$AA?$AA@ 000000000001d298     BootManagerUiLib:BootManager.obj
[...]
 0005:00000128       $unwind$InsertTailList     00000000000267c8     BaseLib:LinkedList.obj
 0005:00000128       $unwind$HiiGetSupportedLanguages 00000000000267c8     UefiHiiLib:HiiLanguage.obj
 0005:00000134       $unwind$InternalHiiGrowOpCodeHandle 00000000000267d4     UefiHiiLib:HiiLib.obj
 0005:00000134       $unwind$InternalHiiAppendOpCodes 00000000000267d4     UefiHiiLib:HiiLib.obj
 0005:00000134       $unwind$HiiIsConfigHdrMatch 00000000000267d4     UefiHiiLib:HiiLib.obj
 0005:00000134       $unwind$AsciiStrnCmp       00000000000267d4     BaseLib:String.obj
 0005:00000134       $unwind$BOpt_CreateMenuEntry 00000000000267d4     BootMaintenanceManagerUiLib:BootOption.obj
 0005:00000134       $unwind$CopyGuid           00000000000267d4     BaseMemoryLibRepStr:MemLibGuid.obj
 0005:00000134       $unwind$StrStr             00000000000267d4     BaseLib:String.obj
 0005:00000134       $unwind$BOpt_FreeMenu      00000000000267d4     BootMaintenanceManagerUiLib:BootOption.obj
 0005:00000134       $unwind$AddIdToMacDeviceList 00000000000267d4     DeviceManagerUiLib:DeviceManager.obj
 0005:00000134       $unwind$StrCmp             00000000000267d4     BaseLib:String.obj
 0005:00000134       $unwind$EfiBootManagerFreeLoadOptions 00000000000267d4     UefiBootManagerLib:BmLoadOption.obj
 0005:00000134       $unwind$StrLen             00000000000267d4     BaseLib:String.obj
 0005:00000134       $unwind$LibStrDuplicate    00000000000267d4     FileExplorerLib:FileExplorer.obj
 0005:00000134       $unwind$SetMem16           00000000000267d4     BaseMemoryLibRepStr:SetMem16Wrapper.obj
 0005:00000134       $unwind$BmCachePartitionDevicePath 00000000000267d4     UefiBootManagerLib:BmBoot.obj
 0005:00000134       $unwind$RetrieveUartUid    00000000000267d4     BootMaintenanceManagerUiLib:ConsoleOption.obj
 0005:00000134       $unwind$LibFreeMenu        00000000000267d4     FileExplorerLib:FileExplorer.obj
 0005:00000134       $unwind$EfiBootManagerFreeDriverHealthInfo 00000000000267d4     UefiBootManagerLib:BmDriverHealth.obj
 0005:00000144       $unwind$HiiCreateGotoOpCode 00000000000267e4     UefiHiiLib:HiiLib.obj
 0005:00000144       $unwind$StrCpyS            00000000000267e4     BaseLib:SafeString.obj
 0005:0000015c       $unwind$StrnCpyS           00000000000267fc     BaseLib:SafeString.obj
 0005:00000174       $unwind$StrnCatS           0000000000026814     BaseLib:SafeString.obj
 0005:00000174       $unwind$LibGetFileHandleFromDevicePath 0000000000026814     FileExplorerLib:FileExplorer.obj
 0005:00000174       $unwind$StrCatS            0000000000026814     BaseLib:SafeString.obj
 0005:00000190       $unwind$HiiCreateCheckBoxOpCode 0000000000026830     UefiHiiLib:HiiLib.obj
 0005:00000190       $unwind$BmGetControllerName 0000000000026830     UefiBootManagerLib:BmDriverHealth.obj
 0005:00000190       $unwind$AsciiStrToUnicodeStrS 0000000000026830     BaseLib:SafeString.obj
 0005:00000190       $unwind$HiiCreateActionOpCode 0000000000026830     UefiHiiLib:HiiLib.obj
 0005:000001a4       $unwind$Var_DelBootOption  0000000000026844     BootMaintenanceManagerUiLib:Variable.obj
 0005:000001a4       $unwind$Var_UpdateBootNext 0000000000026844     BootMaintenanceManagerUiLib:Variable.obj
 0005:000001a4       $unwind$InternalReportStatusCode 0000000000026844     DxeReportStatusCodeLib:ReportStatusCodeLib.obj
 0005:000001a4       $unwind$UnicodeVSPrint     0000000000026844     BasePrintLib:PrintLib.obj
 0005:000001a4       $unwind$UnicodeValueToStringS 0000000000026844     BasePrintLib:PrintLib.obj
 0005:000001b8       $unwind$UnicodeSPrint      0000000000026858     BasePrintLib:PrintLib.obj
 0005:000001c0       $unwind$AsciiSPrint        0000000000026860     BasePrintLib:PrintLib.obj
 0005:000001c8       $unwind$BasePrintLibConvertValueToStringS 0000000000026868     BasePrintLib:PrintLibInternal.obj
 0005:000001e4       $unwind$BasePrintLibSPrintMarker 0000000000026884     BasePrintLib:PrintLibInternal.obj
 0005:00000200       $unwind$BasePrintLibSPrint 00000000000268a0     BasePrintLib:PrintLibInternal.obj
 0005:00000208       $unwind$DebugPrint         00000000000268a8     PlatformDebugLibIoPort:DebugLib.obj
 0005:00000210       $unwind$DebugPrintMarker   00000000000268b0     PlatformDebugLibIoPort:DebugLib.obj
 0005:00000224       $unwind$DebugAssert        00000000000268c4     PlatformDebugLibIoPort:DebugLib.obj
 0005:0000022c       $unwind$UpdateProgress     00000000000268cc     BootMaintenanceManagerUiLib:BootMaintenance.obj
 0005:0000022c       $unwind$IsDevicePathValid  00000000000268cc     UefiDevicePathLibDevicePathProtocol:UefiDevicePathLib.obj
 0005:0000022c       $unwind$InternalHiiCreateOpCodeExtended 00000000000268cc     UefiHiiLib:HiiLib.obj
 0005:0000022c       $unwind$EfiGetSystemConfigurationTable 00000000000268cc     UefiLib:UefiLib.obj
 0005:0000022c       $unwind$InternalPrint      00000000000268cc     UefiLib:UefiLibPrint.obj
 0005:0000022c       $unwind$FileDevicePath     00000000000268cc     UefiDevicePathLibDevicePathProtocol:UefiDevicePathLib.obj
 0005:00000244       $unwind$BmIsBootManagerMenuFilePath 00000000000268e4     UefiBootManagerLib:BmBoot.obj
 0005:00000244       $unwind$UefiDevicePathLibLocateProtocol 00000000000268e4     UefiDevicePathLibDevicePathProtocol:UefiDevicePathLib.obj
 0005:0000024c       $unwind$GetVariable2       00000000000268ec     UefiLib:UefiLib.obj
 0005:00000260       $unwind$GetBestLanguage    0000000000026900     UefiLib:UefiLib.obj
 0005:00000274       $unwind$UefiLibGetStringWidth 0000000000026914     UefiLib:Console.obj
 0005:00000288       $unwind$CreatePopUp        0000000000026928     UefiLib:Console.obj
 0005:000002a0       $unwind$HiiSetString       0000000000026940     UefiHiiLib:HiiString.obj
 0005:000002b8       $unwind$HiiGetStringEx     0000000000026958     UefiHiiLib:HiiString.obj
 0005:000002cc       $unwind$HiiAddPackages     000000000002696c     UefiHiiLib:HiiLib.obj
 0005:000002e0       $unwind$HiiGetHiiHandles   0000000000026980     UefiHiiLib:HiiLib.obj
 0005:000002e8       $unwind$HiiGetFormSetFromHiiHandle 0000000000026988     UefiHiiLib:HiiLib.obj
 0005:00000300       $unwind$InternalHiiBrowserCallback 00000000000269a0     UefiHiiLib:HiiLib.obj
 0005:00000314       $unwind$HiiConstructConfigHdr 00000000000269b4     UefiHiiLib:HiiLib.obj
 0005:00000314       $unwind$BootMaintExtractConfig 00000000000269b4     BootMaintenanceManagerUiLib:BootMaintenance.obj
 0005:00000330       $unwind$HiiGetBrowserData  00000000000269d0     UefiHiiLib:HiiLib.obj
 0005:00000344       $unwind$HiiSetBrowserData  00000000000269e4     UefiHiiLib:HiiLib.obj
 0005:00000354       $unwind$HiiCreateEndOpCode 00000000000269f4     UefiHiiLib:HiiLib.obj
 0005:0000035c       $unwind$HiiCreateOneOfOptionOpCode 00000000000269fc     UefiHiiLib:HiiLib.obj
 0005:00000370       $unwind$HiiCreateGuidOpCode 0000000000026a10     UefiHiiLib:HiiLib.obj
 0005:00000378       $unwind$HiiCreateSubTitleOpCode 0000000000026a18     UefiHiiLib:HiiLib.obj
 0005:00000384       $unwind$HiiCreateGotoExOpCode 0000000000026a24     UefiHiiLib:HiiLib.obj
 0005:0000039c       $unwind$ChooseFile         0000000000026a3c     FileExplorerLib:FileExplorer.obj
 0005:0000039c       $unwind$HiiCreateStringOpCode 0000000000026a3c     UefiHiiLib:HiiLib.obj
 0005:000003ac       $unwind$HiiCreateOneOfOpCode 0000000000026a4c     UefiHiiLib:HiiLib.obj
 0005:000003c4       $unwind$InternalHiiUpdateFormPackageData 0000000000026a64     UefiHiiLib:HiiLib.obj
 0005:000003dc       $unwind$HiiUpdateForm      0000000000026a7c     UefiHiiLib:HiiLib.obj
 0005:000003f4       $unwind$ReportStatusCodeEx 0000000000026a94     DxeReportStatusCodeLib:ReportStatusCodeLib.obj
 0005:00000410       $unwind$EfiBootManagerConnectAll 0000000000026ab0     UefiBootManagerLib:BmConnect.obj
 0005:00000410       $unwind$EfiCreateEventReadyToBootEx 0000000000026ab0     UefiLib:UefiNotTiano.obj
 0005:00000410       $unwind$UpdatePageStart    0000000000026ab0     BootMaintenanceManagerUiLib:UpdatePage.obj
 0005:00000410       $unwind$BmGetActiveConsoleIn 0000000000026ab0     UefiBootManagerLib:BmHotkey.obj
 0005:00000410       $unwind$UpdatePageEnd      0000000000026ab0     BootMaintenanceManagerUiLib:UpdatePage.obj
 0005:00000418       $unwind$EfiBootManagerConnectDevicePath 0000000000026ab8     UefiBootManagerLib:BmConnect.obj
 0005:00000430       $unwind$BmExpandLoadFiles  0000000000026ad0     UefiBootManagerLib:BmBoot.obj
 0005:00000430       $unwind$BmConnectUsbShortFormDevicePath 0000000000026ad0     UefiBootManagerLib:BmConnect.obj
 0005:00000440       $unwind$BmFindBootOptionInVariable 0000000000026ae0     UefiBootManagerLib:BmBoot.obj
 0005:00000458       $unwind$BmAdjustFvFilePath 0000000000026af8     UefiBootManagerLib:BmBoot.obj
 0005:00000468       $unwind$BmMatchUsbClass    0000000000026b08     UefiBootManagerLib:BmBoot.obj
 0005:00000474       $unwind$BmMatchUsbWwid     0000000000026b14     UefiBootManagerLib:BmBoot.obj
 0005:00000488       $unwind$BmExpandUsbDevicePath 0000000000026b28     UefiBootManagerLib:BmBoot.obj
 0005:00000488       $unwind$GetConsoleMenu     0000000000026b28     BootMaintenanceManagerUiLib:ConsoleOption.obj
 0005:000004a0       $unwind$BmExpandFileDevicePath 0000000000026b40     UefiBootManagerLib:BmBoot.obj
 0005:000004b8       $unwind$BmExpandUriDevicePath 0000000000026b58     UefiBootManagerLib:BmBoot.obj
 0005:000004cc       $unwind$BmExpandPartitionDevicePath 0000000000026b6c     UefiBootManagerLib:BmBoot.obj
 0005:000004e0       $unwind$LibFindFileSystem  0000000000026b80     FileExplorerLib:FileExplorer.obj
 0005:000004e0       $unwind$BmExpandMediaDevicePath 0000000000026b80     UefiBootManagerLib:BmBoot.obj
 0005:000004f4       $unwind$BmExpandNetworkFileSystem 0000000000026b94     UefiBootManagerLib:BmBoot.obj
 0005:00000504       $unwind$BmGetRamDiskDevicePath 0000000000026ba4     UefiBootManagerLib:BmBoot.obj
 0005:00000510       $unwind$BmDestroyRamDisk   0000000000026bb0     UefiBootManagerLib:BmBoot.obj
 0005:00000524       $unwind$BmExpandLoadFile   0000000000026bc4     UefiBootManagerLib:BmBoot.obj
 0005:00000538       $unwind$BmGetNextLoadOptionDevicePath 0000000000026bd8     UefiBootManagerLib:BmBoot.obj
 0005:00000544       $unwind$UpdateDriverAddHandleDescPage 0000000000026be4     BootMaintenanceManagerUiLib:UpdatePage.obj
 0005:00000544       $unwind$BmReportLoadFailure 0000000000026be4     UefiBootManagerLib:BmBoot.obj
 0005:00000550       $unwind$EfiBootManagerBoot 0000000000026bf0     UefiBootManagerLib:BmBoot.obj
 0005:00000564       $unwind$BmEnumerateBootOptions 0000000000026c04     UefiBootManagerLib:BmBoot.obj
 0005:0000057c       $unwind$EfiBootManagerRefreshAllBootOption 0000000000026c1c     UefiBootManagerLib:BmBoot.obj
 0005:00000590       $unwind$BmUpdateSystemTableConsole 0000000000026c30     UefiBootManagerLib:BmConsole.obj
 0005:000005a8       $unwind$EfiBootManagerUpdateConsoleVariable 0000000000026c48     UefiBootManagerLib:BmConsole.obj
 0005:000005c0       $unwind$EfiBootManagerConnectConsoleVariable 0000000000026c60     UefiBootManagerLib:BmConsole.obj
 0005:000005d0       $unwind$BmGetFreeOptionNumber 0000000000026c70     UefiBootManagerLib:BmLoadOption.obj
 0005:000005e4       $unwind$EfiBootManagerLoadOptionToVariable 0000000000026c84     UefiBootManagerLib:BmLoadOption.obj
 0005:000005fc       $unwind$BmAddOptionNumberToOrderVariable 0000000000026c9c     UefiBootManagerLib:BmLoadOption.obj
 0005:00000614       $unwind$EfiBootManagerAddLoadOptionVariable 0000000000026cb4     UefiBootManagerLib:BmLoadOption.obj
 0005:00000620       $unwind$EfiBootManagerInitializeLoadOption 0000000000026cc0     UefiBootManagerLib:BmLoadOption.obj
 0005:00000638       $unwind$EfiBootManagerDeleteLoadOptionVariable 0000000000026cd8     UefiBootManagerLib:BmLoadOption.obj
 0005:0000064c       $unwind$GetBootOrder       0000000000026cec     BootMaintenanceManagerUiLib:BootOption.obj
 0005:0000064c       $unwind$GetDriverOrder     0000000000026cec     BootMaintenanceManagerUiLib:BootOption.obj
 0005:0000064c       $unwind$BmValidateOption   0000000000026cec     UefiBootManagerLib:BmLoadOption.obj
 0005:00000664       $unwind$IsTerminalDevicePath 0000000000026d04     BootMaintenanceManagerUiLib:ConsoleOption.obj
 0005:00000664       $unwind$EfiBootManagerIsValidLoadOptionVariableName 0000000000026d04     UefiBootManagerLib:BmLoadOption.obj
 0005:00000680       $unwind$EfiBootManagerVariableToLoadOptionEx 0000000000026d20     UefiBootManagerLib:BmLoadOption.obj
 0005:00000698       $unwind$EfiBootManagerGetLoadOptions 0000000000026d38     UefiBootManagerLib:BmLoadOption.obj
 0005:000006b0       $unwind$BmGetNextLoadOptionBuffer 0000000000026d50     UefiBootManagerLib:BmLoadOption.obj
 0005:000006c8       $unwind$BmGetDescriptionFromDiskInfo 0000000000026d68     UefiBootManagerLib:BmBootDescription.obj
 0005:000006dc       $unwind$LibCreateNewFile   0000000000026d7c     FileExplorerLib:FileExplorer.obj
 0005:000006dc       $unwind$BmGetUsbDescription 0000000000026d7c     UefiBootManagerLib:BmBootDescription.obj
 0005:000006ec       $unwind$BmGetNetworkDescription 0000000000026d8c     UefiBootManagerLib:BmBootDescription.obj
 0005:00000708       $unwind$BmGetNvmeDescription 0000000000026da8     UefiBootManagerLib:BmBootDescription.obj
 0005:00000718       $unwind$BmGetMiscDescription 0000000000026db8     UefiBootManagerLib:BmBootDescription.obj
 0005:00000728       $unwind$BmHotkeyCallback   0000000000026dc8     UefiBootManagerLib:BmHotkey.obj
 0005:0000073c       $unwind$BmStopHotkeyService 0000000000026ddc     UefiBootManagerLib:BmHotkey.obj
 0005:00000750       $unwind$BmDelPartMatchInstance 0000000000026df0     UefiBootManagerLib:BmMisc.obj
 0005:00000764       $unwind$MatchDevicePaths   0000000000026e04     BootMaintenanceManagerUiLib:ConsoleOption.obj
 0005:00000764       $unwind$BmMatchDevicePaths 0000000000026e04     UefiBootManagerLib:BmMisc.obj
 0005:00000770       $unwind$BmSetMemoryTypeInformationVariable 0000000000026e10     UefiBootManagerLib:BmMisc.obj
 0005:00000770       $unwind$SortedUartHandle   0000000000026e10     BootMaintenanceManagerUiLib:ConsoleOption.obj
 0005:00000788       $unwind$BmSetVariableAndReportStatusCodeOnError 0000000000026e28     UefiBootManagerLib:BmMisc.obj
 0005:000007a4       $unwind$BmGetSingleControllerHealthStatus 0000000000026e44     UefiBootManagerLib:BmDriverHealth.obj
 0005:000007bc       $unwind$EfiBootManagerGetDriverHealthInfo 0000000000026e5c     UefiBootManagerLib:BmDriverHealth.obj
 0005:000007d0       $unwind$BmRepairAllControllers 0000000000026e70     UefiBootManagerLib:BmDriverHealth.obj
 0005:000007e0       $unwind$UpdateConsoleContent 0000000000026e80     BootMaintenanceManagerUiLib:BootMaintenance.obj
 0005:000007e0       $unwind$LibCallback        0000000000026e80     FileExplorerLib:FileExplorer.obj
 0005:000007e0       $unwind$UpdateTerminalContent 0000000000026e80     BootMaintenanceManagerUiLib:BootMaintenance.obj
 0005:000007e0       $unwind$LibAppendFileName  0000000000026e80     FileExplorerLib:FileExplorer.obj
 0005:000007fc       $unwind$LibFindFiles       0000000000026e9c     FileExplorerLib:FileExplorer.obj
 0005:00000814       $unwind$LibUpdateFileExplorePage 0000000000026eb4     FileExplorerLib:FileExplorer.obj
 0005:00000830       $unwind$LibUpdateFileExplorer 0000000000026ed0     FileExplorerLib:FileExplorer.obj
 0005:00000844       $unwind$IsMacAddressDevicePath 0000000000026ee4     DeviceManagerUiLib:DeviceManager.obj
 0005:0000085c       $unwind$IsNeedAddNetworkMenu 0000000000026efc     DeviceManagerUiLib:DeviceManager.obj
 0005:00000870       $unwind$CreateDeviceManagerForm 0000000000026f10     DeviceManagerUiLib:DeviceManager.obj
 0005:00000888       $unwind$BmSetupResetReminder 0000000000026f28     BootManagerUiLib:BootManager.obj
 0005:00000888       $unwind$BmmSetupResetReminder 0000000000026f28     BootMaintenanceManagerUiLib:BootOption.obj
 0005:00000894       $unwind$GroupMultipleLegacyBootOption4SameType 0000000000026f34     BootManagerUiLib:BootManager.obj
 0005:000008b0       $unwind$UpdateBootManager  0000000000026f50     BootManagerUiLib:BootManager.obj
 0005:000008c8       $unwind$BootManagerCallback 0000000000026f68     BootManagerUiLib:BootManager.obj
 0005:000008dc       $unwind$BootManagerUiLibConstructor 0000000000026f7c     BootManagerUiLib:BootManager.obj
 0005:000008e4       $unwind$BootMaintRouteConfig 0000000000026f84     BootMaintenanceManagerUiLib:BootMaintenance.obj
 0005:000008fc       $unwind$BootMaintCallback  0000000000026f9c     BootMaintenanceManagerUiLib:BootMaintenance.obj
 0005:00000918       $unwind$CustomizeMenus     0000000000026fb8     BootMaintenanceManagerUiLib:BootMaintenance.obj
 0005:00000918       $unwind$CleanUpPage        0000000000026fb8     BootMaintenanceManagerUiLib:UpdatePage.obj
 0005:00000924       $unwind$InitializeBmmConfig 0000000000026fc4     BootMaintenanceManagerUiLib:BootMaintenance.obj
 0005:0000093c       $unwind$InitAllMenu        0000000000026fdc     BootMaintenanceManagerUiLib:BootMaintenance.obj
 0005:0000094c       $unwind$BootMaintenanceManagerUiLibConstructor 0000000000026fec     BootMaintenanceManagerUiLib:BootMaintenance.obj
 0005:00000958       $unwind$UpdateDrvDelPage   0000000000026ff8     BootMaintenanceManagerUiLib:UpdatePage.obj
 0005:00000958       $unwind$UpdateBootDelPage  0000000000026ff8     BootMaintenanceManagerUiLib:UpdatePage.obj
 0005:0000096c       $unwind$UpdateConsolePage  000000000002700c     BootMaintenanceManagerUiLib:UpdatePage.obj
 0005:00000984       $unwind$UpdateOrderPage    0000000000027024     BootMaintenanceManagerUiLib:UpdatePage.obj
 0005:0000099c       $unwind$UpdateConModePage  000000000002703c     BootMaintenanceManagerUiLib:UpdatePage.obj
 0005:000009b8       $unwind$UpdateTerminalPage 0000000000027058     BootMaintenanceManagerUiLib:UpdatePage.obj
 0005:000009d0       $unwind$UpdateOptionPage   0000000000027070     BootMaintenanceManagerUiLib:UpdatePage.obj
 0005:000009e4       $unwind$BOpt_GetBootOptions 0000000000027084     BootMaintenanceManagerUiLib:BootOption.obj
 0005:000009fc       $unwind$BOpt_GetOptionNumber 000000000002709c     BootMaintenanceManagerUiLib:BootOption.obj
 0005:00000a14       $unwind$BOpt_GetDriverOptions 00000000000270b4     BootMaintenanceManagerUiLib:BootOption.obj
 0005:00000a2c       $unwind$BootFromFile       00000000000270cc     BootMaintenanceManagerUiLib:BootOption.obj
 0005:00000a3c       $unwind$ReSendForm         00000000000270dc     BootMaintenanceManagerUiLib:BootOption.obj
 0005:00000a44       $unwind$Var_UpdateDriverOption 00000000000270e4     BootMaintenanceManagerUiLib:Variable.obj
 0005:00000a60       $unwind$Var_UpdateBootOption 0000000000027100     BootMaintenanceManagerUiLib:Variable.obj
 0005:00000a80       $unwind$Var_UpdateBootOrder 0000000000027120     BootMaintenanceManagerUiLib:Variable.obj
 0005:00000a98       $unwind$Var_UpdateDriverOrder 0000000000027138     BootMaintenanceManagerUiLib:Variable.obj
 0005:00000aa8       $unwind$ChangeTerminalDevicePath 0000000000027148     BootMaintenanceManagerUiLib:ConsoleOption.obj
 0005:00000abc       $unwind$LocateSerialIo     000000000002715c     BootMaintenanceManagerUiLib:ConsoleOption.obj
 0005:00000ad0       $unwind$UpdateComAttributeFromVariable 0000000000027170     BootMaintenanceManagerUiLib:ConsoleOption.obj
 0005:00000aec       $unwind$GetConsoleOutMode  000000000002718c     BootMaintenanceManagerUiLib:ConsoleOption.obj
 0005:00000b00       $unwind$UiCustomizeBMMPage 00000000000271a0     BootMaintenanceManagerUiLib:BootMaintenanceManagerCustomizedUi.obj
 0005:00000b1c       $unwind$Print              00000000000271bc     UefiLib:UefiLibPrint.obj
 0005:00000b24       $unwind$RegisterBasicVariablePolicy 00000000000271c4     VariablePolicyHelperLib:VariablePolicyHelperLib.obj
 0005:00000b3c       $unwind$GetFileBufferByFilePath 00000000000271dc     DxeServicesLib:DxeServicesLib.obj
