 IScsiDxe

 Timestamp is 647841dd (Thu Jun  1 14:59:41 2023)

 Preferred load address is 0000000000000000

 Start         Length     Name                   Class
 0001:00000000 00000348H .text                   CODE
 0001:00000348 00017f4fH .text$mn                CODE
 0002:00000000 00005444H .rdata                  DATA
 0002:00005444 00000130H .rdata$zzzdbg           DATA
 0003:00000000 00001c88H .data                   DATA
 0003:00001c88 000000b8H .bss                    DATA
 0004:00000000 00000cb4H .pdata                  DATA
 0005:00000000 00000a34H .xdata                  DATA

  Address         Publics by Value              Rva+Base               Lib:Object

 0000:00000000       __dynamic_value_reloc_table 0000000000000000     <absolute>
 0000:00000000       __guard_longjmp_count      0000000000000000     <absolute>
 0000:00000000       __guard_fids_count         0000000000000000     <absolute>
 0000:00000000       __guard_flags              0000000000000000     <absolute>
 0000:00000000       __guard_longjmp_table      0000000000000000     <absolute>
 0000:00000000       __guard_fids_table         0000000000000000     <absolute>
 0000:00000000       __guard_iat_table          0000000000000000     <absolute>
 0000:00000000       __guard_iat_count          0000000000000000     <absolute>
 0001:00000000       InternalMemCopyMem         00000000000002c0     BaseMemoryLibRepStr:CopyMem.obj
 0001:00000040       InternalMemCompareMem      0000000000000300     BaseMemoryLibRepStr:CompareMem.obj
 0001:00000060       InternalMemZeroMem         0000000000000320     BaseMemoryLibRepStr:ZeroMem.obj
 0001:00000080       InternalMemSetMem          0000000000000340     BaseMemoryLibRepStr:SetMem.obj
 0001:000000a0       InternalMemSetMem64        0000000000000360     BaseMemoryLibRepStr:SetMem64.obj
 0001:000000c0       InternalMemSetMem32        0000000000000380     BaseMemoryLibRepStr:SetMem32.obj
 0001:000000e0       InternalMemSetMem16        00000000000003a0     BaseMemoryLibRepStr:SetMem16.obj
 0001:00000100       CpuPause                   00000000000003c0     BaseLib:CpuPause.obj
 0001:00000110       SevNoRepIo                 00000000000003d0     BaseIoLibIntrinsicSev:IoFifoSev.obj
 0001:00000150       SevIoReadFifo8             0000000000000410     BaseIoLibIntrinsicSev:IoFifoSev.obj
 0001:00000172       SevIoReadFifo16            0000000000000432     BaseIoLibIntrinsicSev:IoFifoSev.obj
 0001:00000198       SevIoReadFifo32            0000000000000458     BaseIoLibIntrinsicSev:IoFifoSev.obj
 0001:000001bb       SevIoWriteFifo8            000000000000047b     BaseIoLibIntrinsicSev:IoFifoSev.obj
 0001:000001dd       SevIoWriteFifo16           000000000000049d     BaseIoLibIntrinsicSev:IoFifoSev.obj
 0001:00000203       SevIoWriteFifo32           00000000000004c3     BaseIoLibIntrinsicSev:IoFifoSev.obj
 0001:00000230       TdVmCall                   00000000000004f0     BaseLib:TdVmcall.obj
 0001:000002c0       EnableInterrupts           0000000000000580     BaseLib:EnableInterrupts.obj
 0001:000002d0       DisableInterrupts          0000000000000590     BaseLib:DisableInterrupts.obj
 0001:000002e0       AsmReadEflags              00000000000005a0     BaseLib:ReadEflags.obj
 0001:000002f0       TdCall                     00000000000005b0     BaseLib:TdCall.obj
 0001:00000348       _DriverUnloadHandler       0000000000000608 f   UefiDriverEntryPoint:DriverEntryPoint.obj
 0001:00000350       _ModuleEntryPoint          0000000000000610 f   UefiDriverEntryPoint:DriverEntryPoint.obj
 0001:000003cc       ProcessLibraryConstructorList 000000000000068c f   IScsiDxe:AutoGen.obj
 0001:00000758       IScsiCheckAip              0000000000000a18 f   IScsiDxe:IScsiDriver.obj
 0001:00000984       IScsiSupported             0000000000000c44 f   IScsiDxe:IScsiDriver.obj
 0001:00000b28       IScsiStart                 0000000000000de8 f   IScsiDxe:IScsiDriver.obj
 0001:00001538       IScsiStop                  00000000000017f8 f   IScsiDxe:IScsiDriver.obj
 0001:000017dc       IScsiIp4DriverBindingSupported 0000000000001a9c f   IScsiDxe:IScsiDriver.obj
 0001:000017e4       IScsiIp4DriverBindingStart 0000000000001aa4 f   IScsiDxe:IScsiDriver.obj
 0001:0000180c       IScsiIp4DriverBindingStop  0000000000001acc f   IScsiDxe:IScsiDriver.obj
 0001:00001820       IScsiIp6DriverBindingSupported 0000000000001ae0 f   IScsiDxe:IScsiDriver.obj
 0001:00001828       IScsiIp6DriverBindingStart 0000000000001ae8 f   IScsiDxe:IScsiDriver.obj
 0001:00001850       IScsiIp6DriverBindingStop  0000000000001b10 f   IScsiDxe:IScsiDriver.obj
 0001:00001864       IScsiUnload                0000000000001b24 f   IScsiDxe:IScsiDriver.obj
 0001:00001b68       IScsiDriverEntryPoint      0000000000001e28 f   IScsiDxe:IScsiDriver.obj
 0001:00001dcc       IScsiCHAPCalculateResponse 000000000000208c f   IScsiDxe:IScsiCHAP.obj
 0001:00001ec4       IScsiCHAPAuthTarget        0000000000002184 f   IScsiDxe:IScsiCHAP.obj
 0001:00001f9c       IScsiCHAPOnRspReceived     000000000000225c f   IScsiDxe:IScsiCHAP.obj
 0001:0000233c       IScsiCHAPToSendReq         00000000000025fc f   IScsiDxe:IScsiCHAP.obj
 0001:0000264c       IScsiCHAPInitHashList      000000000000290c f   IScsiDxe:IScsiCHAP.obj
 0001:00002740       IScsiGetSubnetMaskPrefixLength 0000000000002a00 f   IScsiDxe:IScsiMisc.obj
 0001:00002780       IScsiAsciiStrToLun         0000000000002a40 f   IScsiDxe:IScsiMisc.obj
 0001:00002874       IScsiLunToUnicodeStr       0000000000002b34 f   IScsiDxe:IScsiMisc.obj
 0001:00002a38       IScsiAsciiStrToIp          0000000000002cf8 f   IScsiDxe:IScsiMisc.obj
 0001:00002ac8       IScsiMacAddrToStr          0000000000002d88 f   IScsiDxe:IScsiMisc.obj
 0001:00002b60       IScsiBinToHex              0000000000002e20 f   IScsiDxe:IScsiMisc.obj
 0001:00002c0c       IScsiHexToBin              0000000000002ecc f   IScsiDxe:IScsiMisc.obj
 0001:00002d00       IScsiNetNtoi               0000000000002fc0 f   IScsiDxe:IScsiMisc.obj
 0001:00002d3c       IScsiGenRandom             0000000000002ffc f   IScsiDxe:IScsiMisc.obj
 0001:00002de4       IScsiCheckIpv6Support      00000000000030a4 f   IScsiDxe:IScsiMisc.obj
 0001:00002f74       IScsiAddNic                0000000000003234 f   IScsiDxe:IScsiMisc.obj
 0001:00003174       IScsiRemoveNic             0000000000003434 f   IScsiDxe:IScsiMisc.obj
 0001:0000330c       IScsiCreateAttempts        00000000000035cc f   IScsiDxe:IScsiMisc.obj
 0001:000034fc       IScsiCreateKeywords        00000000000037bc f   IScsiDxe:IScsiMisc.obj
 0001:0000432c       IScsiGetVariableAndSize    00000000000045ec f   IScsiDxe:IScsiMisc.obj
 0001:000043d8       IScsiCreateDriverData      0000000000004698 f   IScsiDxe:IScsiMisc.obj
 0001:000044ac       IScsiCleanDriverData       000000000000476c f   IScsiDxe:IScsiMisc.obj
 0001:00004560       IScsiDhcpIsConfigured      0000000000004820 f   IScsiDxe:IScsiMisc.obj
 0001:00004728       IScsiDnsIsConfigured       00000000000049e8 f   IScsiDxe:IScsiMisc.obj
 0001:000048bc       IScsiGetConfigData         0000000000004b7c f   IScsiDxe:IScsiMisc.obj
 0001:00004ef4       IScsiGetTcpConnDevicePath  00000000000051b4 f   IScsiDxe:IScsiMisc.obj
 0001:0000508c       IScsiOnExitBootService     000000000000534c f   IScsiDxe:IScsiMisc.obj
 0001:000050c0       IScsiTestManagedDevice     0000000000005380 f   IScsiDxe:IScsiMisc.obj
 0001:00005198       IScsiComponentNameGetDriverName 0000000000005458 f   IScsiDxe:ComponentName.obj
 0001:000051cc       UpdateName                 000000000000548c f   IScsiDxe:ComponentName.obj
 0001:000052bc       IScsiComponentNameGetControllerName 000000000000557c f   IScsiDxe:ComponentName.obj
 0001:00005418       IScsiIpToStr               00000000000056d8 f   IScsiDxe:IScsiConfig.obj
 0001:000055c0       IpIsUnicast                0000000000005880 f   IScsiDxe:IScsiConfig.obj
 0001:0000568c       IScsiParseIsIdFromString   000000000000594c f   IScsiDxe:IScsiConfig.obj
 0001:00005778       IScsiConvertIsIdToString   0000000000005a38 f   IScsiDxe:IScsiConfig.obj
 0001:000057f8       IScsiGetValue              0000000000005ab8 f   IScsiDxe:IScsiConfig.obj
 0001:00005984       IScsiConfigGetAttemptByConfigIndex 0000000000005c44 f   IScsiDxe:IScsiConfig.obj
 0001:000059a8       IScsiGetAttemptIndexList   0000000000005c68 f   IScsiDxe:IScsiConfig.obj
 0001:00005a58       IScsiConvertAttemptConfigDataToIfrNvData 0000000000005d18 f   IScsiDxe:IScsiConfig.obj
 0001:00005cd8       IScsiConvertAttemptConfigDataToIfrNvDataByKeyword 0000000000005f98 f   IScsiDxe:IScsiConfig.obj
 0001:00006168       IScsiConvertIfrNvDataToAttemptConfigData 0000000000006428 f   IScsiDxe:IScsiConfig.obj
 0001:000068b0       IScsiConvertlfrNvDataToAttemptConfigDataByKeyword 0000000000006b70 f   IScsiDxe:IScsiConfig.obj
 0001:000074a0       IScsiCreateOpCode          0000000000007760 f   IScsiDxe:IScsiConfig.obj
 0001:00007590       IScsiConfigUpdateAttempt   0000000000007850 f   IScsiDxe:IScsiConfig.obj
 0001:00007690       IScsiConfigAddAttempt      0000000000007950 f   IScsiDxe:IScsiConfig.obj
 0001:00007828       IScsiConfigAddAttemptsByKeywords 0000000000007ae8 f   IScsiDxe:IScsiConfig.obj
 0001:00007b3c       IScsiConfigDeleteAttempts  0000000000007dfc f   IScsiDxe:IScsiConfig.obj
 0001:00007dd8       IScsiConfigDisplayDeleteAttempts 0000000000008098 f   IScsiDxe:IScsiConfig.obj
 0001:00007f38       IScsiConfigDisplayOrderAttempts 00000000000081f8 f   IScsiDxe:IScsiConfig.obj
 0001:000080d8       IScsiConfigOrderAttempts   0000000000008398 f   IScsiDxe:IScsiConfig.obj
 0001:0000824c       IScsiConfigProcessDefault  000000000000850c f   IScsiDxe:IScsiConfig.obj
 0001:00008510       IScsiFormExtractConfig     00000000000087d0 f   IScsiDxe:IScsiConfig.obj
 0001:00008758       IScsiFormRouteConfig       0000000000008a18 f   IScsiDxe:IScsiConfig.obj
 0001:00008af0       IScsiFormCallback          0000000000008db0 f   IScsiDxe:IScsiConfig.obj
 0001:000093a8       IScsiConfigFormInit        0000000000009668 f   IScsiDxe:IScsiConfig.obj
 0001:000094f0       IScsiConfigFormUnload      00000000000097b0 f   IScsiDxe:IScsiConfig.obj
 0001:0000968c       IScsiCheckSN               000000000000994c f   IScsiDxe:IScsiProto.obj
 0001:000096d0       IScsiUpdateCmdSN           0000000000009990 f   IScsiDxe:IScsiProto.obj
 0001:00009754       IScsiConnReset             0000000000009a14 f   IScsiDxe:IScsiProto.obj
 0001:000097e8       IScsiCreateConnection      0000000000009aa8 f   IScsiDxe:IScsiProto.obj
 0001:00009a1c       IScsiGetIp6NicInfo         0000000000009cdc f   IScsiDxe:IScsiProto.obj
 0001:00009c88       IScsiSessionLogin          0000000000009f48 f   IScsiDxe:IScsiProto.obj
 0001:0000a074       IScsiSessionReLogin        000000000000a334 f   IScsiDxe:IScsiProto.obj
 0001:0000a134       IScsiAddKeyValuePair       000000000000a3f4 f   IScsiDxe:IScsiProto.obj
 0001:0000a238       IScsiPrepareLoginReq       000000000000a4f8 f   IScsiDxe:IScsiProto.obj
 0001:0000a3e8       IScsiProcessLoginRsp       000000000000a6a8 f   IScsiDxe:IScsiProto.obj
 0001:0000a740       IScsiUpdateTargetAddress   000000000000aa00 f   IScsiDxe:IScsiProto.obj
 0001:0000a90c       IScsiFreeNbufList          000000000000abcc f   IScsiDxe:IScsiProto.obj
 0001:0000a948       IScsiNbufExtFree           000000000000ac08 f   IScsiDxe:IScsiProto.obj
 0001:0000a94c       IScsiReceivePdu            000000000000ac0c f   IScsiDxe:IScsiProto.obj
 0001:0000abac       IScsiCheckOpParams         000000000000ae6c f   IScsiDxe:IScsiProto.obj
 0001:0000b0a4       IScsiFillOpParams          000000000000b364 f   IScsiDxe:IScsiProto.obj
 0001:0000b3bc       IScsiBuildKeyValueList     000000000000b67c f   IScsiDxe:IScsiProto.obj
 0001:0000b490       IScsiGetValueByKeyFromList 000000000000b750 f   IScsiDxe:IScsiProto.obj
 0001:0000b4fc       IScsiFreeKeyValueList      000000000000b7bc f   IScsiDxe:IScsiProto.obj
 0001:0000b530       IScsiNormalizeName         000000000000b7f0 f   IScsiDxe:IScsiProto.obj
 0001:0000b5b0       IScsiNewTcb                000000000000b870 f   IScsiDxe:IScsiProto.obj
 0001:0000b698       IScsiNewDataSegment        000000000000b958 f   IScsiDxe:IScsiProto.obj
 0001:0000b6ec       IScsiNewScsiCmdPdu         000000000000b9ac f   IScsiDxe:IScsiProto.obj
 0001:0000b9e4       IScsiNewDataOutPdu         000000000000bca4 f   IScsiDxe:IScsiProto.obj
 0001:0000bba0       IScsiSendDataOutPduSequence 000000000000be60 f   IScsiDxe:IScsiProto.obj
 0001:0000bcb4       IScsiOnDataInRcvd          000000000000bf74 f   IScsiDxe:IScsiProto.obj
 0001:0000be6c       IScsiOnR2TRcvd             000000000000c12c f   IScsiDxe:IScsiProto.obj
 0001:0000bfe8       IScsiOnScsiRspRcvd         000000000000c2a8 f   IScsiDxe:IScsiProto.obj
 0001:0000c250       IScsiOnNopInRcvd           000000000000c510 f   IScsiDxe:IScsiProto.obj
 0001:0000c324       IScsiExecuteScsiCommand    000000000000c5e4 f   IScsiDxe:IScsiProto.obj
 0001:0000c660       IScsiSessionInit           000000000000c920 f   IScsiDxe:IScsiProto.obj
 0001:0000c714       IScsiSessionAbort          000000000000c9d4 f   IScsiDxe:IScsiProto.obj
 0001:0000c838       IScsiGetAuthenticationInfo 000000000000caf8 f   IScsiDxe:IScsiAuthenticationInfo.obj
 0001:0000c844       IScsiExtScsiPassThruResetChannel 000000000000cb04 f   IScsiDxe:IScsiExtScsiPassThru.obj
 0001:0000c844       IScsiExtScsiPassThruResetTargetLun 000000000000cb04 f   IScsiDxe:IScsiExtScsiPassThru.obj
 0001:0000c844       IScsiSetAuthenticationInfo 000000000000cb04 f   IScsiDxe:IScsiAuthenticationInfo.obj
 0001:0000c850       IScsiGetInitiatorName      000000000000cb10 f   IScsiDxe:IScsiInitiatorName.obj
 0001:0000c894       IScsiSetInitiatorName      000000000000cb54 f   IScsiDxe:IScsiInitiatorName.obj
 0001:0000c90c       IScsiInitIbfTableHeader    000000000000cbcc f   IScsiDxe:IScsiIbft.obj
 0001:0000c95c       IScsiAddHeapItem           000000000000cc1c f   IScsiDxe:IScsiIbft.obj
 0001:0000c990       IScsiMapV4ToV6Addr         000000000000cc50 f   IScsiDxe:IScsiIbft.obj
 0001:0000c9dc       IScsiFillNICAndTargetSections 000000000000cc9c f   IScsiDxe:IScsiIbft.obj
 0001:0000ceb8       IScsiPublishIbft           000000000000d178 f   IScsiDxe:IScsiIbft.obj
 0001:0000d134       IScsiDhcp6ExtractRootPath  000000000000d3f4 f   IScsiDxe:IScsiDhcp6.obj
 0001:0000d470       IScsiDhcp6ParseReply       000000000000d730 f   IScsiDxe:IScsiDhcp6.obj
 0001:0000d624       IScsiDoDhcp6               000000000000d8e4 f   IScsiDxe:IScsiDhcp6.obj
 0001:0000d8c4       IScsiDhcpExtractRootPath   000000000000db84 f   IScsiDxe:IScsiDhcp.obj
 0001:0000db94       IScsiDhcpSelectOffer       000000000000de54 f   IScsiDxe:IScsiDhcp.obj
 0001:0000dc98       IScsiParseDhcpAck          000000000000df58 f   IScsiDxe:IScsiDhcp.obj
 0001:0000de38       IScsiDoDhcp                000000000000e0f8 f   IScsiDxe:IScsiDhcp.obj
 0001:0000e0b8       IScsiExtScsiPassThruFunction 000000000000e378 f   IScsiDxe:IScsiExtScsiPassThru.obj
 0001:0000e1bc       IScsiExtScsiPassThruGetNextTargetLun 000000000000e47c f   IScsiDxe:IScsiExtScsiPassThru.obj
 0001:0000e298       IScsiExtScsiPassThruBuildDevicePath 000000000000e558 f   IScsiDxe:IScsiExtScsiPassThru.obj
 0001:0000e3fc       IScsiExtScsiPassThruGetTargetLun 000000000000e6bc f   IScsiDxe:IScsiExtScsiPassThru.obj
 0001:0000e4fc       IScsiExtScsiPassThruGetNextTarget 000000000000e7bc f   IScsiDxe:IScsiExtScsiPassThru.obj
 0001:0000e558       IScsiCommonNotify          000000000000e818 f   IScsiDxe:IScsiDns.obj
 0001:0000e55c       IScsiDns4                  000000000000e81c f   IScsiDxe:IScsiDns.obj
 0001:0000e870       IScsiDns6                  000000000000eb30 f   IScsiDxe:IScsiDns.obj
 0001:0000eb54       CopyMem                    000000000000ee14 f   BaseMemoryLibRepStr:CopyMemWrapper.obj
 0001:0000ebf0       CopyGuid                   000000000000eeb0 f   BaseMemoryLibRepStr:MemLibGuid.obj
 0001:0000ec74       CompareGuid                000000000000ef34 f   BaseMemoryLibRepStr:MemLibGuid.obj
 0001:0000ecdc       CompareMem                 000000000000ef9c f   BaseMemoryLibRepStr:CompareMemWrapper.obj
 0001:0000edb4       ZeroMem                    000000000000f074 f   BaseMemoryLibRepStr:ZeroMemWrapper.obj
 0001:0000ee18       SetMem                     000000000000f0d8 f   BaseMemoryLibRepStr:SetMemWrapper.obj
 0001:0000ee78       InternalBaseLibIsListValid 000000000000f138 f   BaseLib:LinkedList.obj
 0001:0000eee4       InitializeListHead         000000000000f1a4 f   BaseLib:LinkedList.obj
 0001:0000ef1c       InsertTailList             000000000000f1dc f   BaseLib:LinkedList.obj
 0001:0000ef70       IsListEmpty                000000000000f230 f   BaseLib:LinkedList.obj
 0001:0000efa8       RemoveEntryList            000000000000f268 f   BaseLib:LinkedList.obj
 0001:0000eff0       StrLen                     000000000000f2b0 f   BaseLib:String.obj
 0001:0000f084       StrCmp                     000000000000f344 f   BaseLib:String.obj
 0001:0000f120       StrnCmp                    000000000000f3e0 f   BaseLib:String.obj
 0001:0000f208       StrStr                     000000000000f4c8 f   BaseLib:String.obj
 0001:0000f2d0       InternalHexCharToUintn     000000000000f590 f   BaseLib:String.obj
 0001:0000f300       StrHexToUint64             000000000000f5c0 f   BaseLib:String.obj
 0001:0000f458       AsciiStrLen                000000000000f718 f   BaseLib:String.obj
 0001:0000f4c4       AsciiStrCmp                000000000000f784 f   BaseLib:String.obj
 0001:0000f548       InternalAsciiHexCharToUintn 000000000000f808 f   BaseLib:String.obj
 0001:0000f578       AsciiStrnCmp               000000000000f838 f   BaseLib:String.obj
 0001:0000f644       AsciiStrHexToUint64        000000000000f904 f   BaseLib:String.obj
 0001:0000f75c       StrnLenS                   000000000000fa1c f   BaseLib:SafeString.obj
 0001:0000f7c4       StrCpyS                    000000000000fa84 f   BaseLib:SafeString.obj
 0001:0000f954       StrnCpyS                   000000000000fc14 f   BaseLib:SafeString.obj
 0001:0000fb2c       StrCatS                    000000000000fdec f   BaseLib:SafeString.obj
 0001:0000fd14       StrDecimalToUintnS         000000000000ffd4 f   BaseLib:SafeString.obj
 0001:0000fe7c       StrHexToUintnS             000000000001013c f   BaseLib:SafeString.obj
 0001:0000fff0       AsciiStrnLenS              00000000000102b0 f   BaseLib:SafeString.obj
 0001:0001001c       AsciiStrCpyS               00000000000102dc f   BaseLib:SafeString.obj
 0001:00010158       AsciiStrDecimalToUintnS    0000000000010418 f   BaseLib:SafeString.obj
 0001:00010280       AsciiStrHexToUintnS        0000000000010540 f   BaseLib:SafeString.obj
 0001:000103d4       UnicodeStrToAsciiStrS      0000000000010694 f   BaseLib:SafeString.obj
 0001:00010560       AsciiStrToUnicodeStrS      0000000000010820 f   BaseLib:SafeString.obj
 0001:000106d8       AsciiStrToIpv6Address      0000000000010998 f   BaseLib:SafeString.obj
 0001:00010918       ReadUnaligned16            0000000000010bd8 f   BaseLib:Unaligned.obj
 0001:00010948       WriteUnaligned16           0000000000010c08 f   BaseLib:Unaligned.obj
 0001:00010984       ReadUnaligned32            0000000000010c44 f   BaseLib:Unaligned.obj
 0001:000109b4       WriteUnaligned32           0000000000010c74 f   BaseLib:Unaligned.obj
 0001:000109f0       ReadUnaligned64            0000000000010cb0 f   BaseLib:Unaligned.obj
 0001:00010a20       UnicodeVSPrint             0000000000010ce0 f   BasePrintLib:PrintLib.obj
 0001:00010aac       UnicodeSPrint              0000000000010d6c f   BasePrintLib:PrintLib.obj
 0001:00010acc       UnicodeVSPrintAsciiFormat  0000000000010d8c f   BasePrintLib:PrintLib.obj
 0001:00010b2c       UnicodeValueToStringS      0000000000010dec f   BasePrintLib:PrintLib.obj
 0001:00010b8c       AsciiSPrint                0000000000010e4c f   BasePrintLib:PrintLib.obj
 0001:00010bb4       BasePrintLibFillBuffer     0000000000010e74 f   BasePrintLib:PrintLibInternal.obj
 0001:00010be8       BasePrintLibValueToString  0000000000010ea8 f   BasePrintLib:PrintLibInternal.obj
 0001:00010c60       BasePrintLibConvertValueToStringS 0000000000010f20 f   BasePrintLib:PrintLibInternal.obj
 0001:00010e14       BasePrintLibSPrintMarker   00000000000110d4 f   BasePrintLib:PrintLibInternal.obj
 0001:00011c48       BasePrintLibSPrint         0000000000011f08 f   BasePrintLib:PrintLibInternal.obj
 0001:00011c6c       DebugPrint                 0000000000011f2c f   PlatformDebugLibIoPort:DebugLib.obj
 0001:00011c90       DebugPrintMarker           0000000000011f50 f   PlatformDebugLibIoPort:DebugLib.obj
 0001:00011d18       DebugAssert                0000000000011fd8 f   PlatformDebugLibIoPort:DebugLib.obj
 0001:00011d88       PlatformDebugLibIoPortFound 0000000000012048 f   PlatformDebugLibIoPort:DebugLibDetect.obj
 0001:00011dd0       InternalAllocatePool       0000000000012090 f   UefiMemoryAllocationLib:MemoryAllocationLib.obj
 0001:00011e00       AllocateZeroPool           00000000000120c0 f   UefiMemoryAllocationLib:MemoryAllocationLib.obj
 0001:00011e2c       InternalAllocateCopyPool   00000000000120ec f   UefiMemoryAllocationLib:MemoryAllocationLib.obj
 0001:00011ea4       InternalReallocatePool     0000000000012164 f   UefiMemoryAllocationLib:MemoryAllocationLib.obj
 0001:00011f24       FreePool                   00000000000121e4 f   UefiMemoryAllocationLib:MemoryAllocationLib.obj
 0001:00011f68       DevicePathType             0000000000012228 f   UefiDevicePathLibDevicePathProtocol:UefiDevicePathLib.obj
 0001:00011f98       DevicePathSubType          0000000000012258 f   UefiDevicePathLibDevicePathProtocol:UefiDevicePathLib.obj
 0001:00011fc8       DevicePathNodeLength       0000000000012288 f   UefiDevicePathLibDevicePathProtocol:UefiDevicePathLib.obj
 0001:00012000       NextDevicePathNode         00000000000122c0 f   UefiDevicePathLibDevicePathProtocol:UefiDevicePathLib.obj
 0001:00012038       IsDevicePathEnd            00000000000122f8 f   UefiDevicePathLibDevicePathProtocol:UefiDevicePathLib.obj
 0001:000120a4       SetDevicePathNodeLength    0000000000012364 f   UefiDevicePathLibDevicePathProtocol:UefiDevicePathLib.obj
 0001:0001210c       DevicePathFromHandle       00000000000123cc f   UefiDevicePathLibDevicePathProtocol:UefiDevicePathLib.obj
 0001:00012140       CompareIso639LanguageCode  0000000000012400 f   UefiLib:UefiLib.obj
 0001:000121a8       EfiGetSystemConfigurationTable 0000000000012468 f   UefiLib:UefiLib.obj
 0001:0001226c       EfiTestChildHandle         000000000001252c f   UefiLib:UefiLib.obj
 0001:00012324       IsLanguageSupported        00000000000125e4 f   UefiLib:UefiLib.obj
 0001:000123a4       LookupUnicodeString2       0000000000012664 f   UefiLib:UefiLib.obj
 0001:000124b0       AddUnicodeString2          0000000000012770 f   UefiLib:UefiLib.obj
 0001:00012684       FreeUnicodeStringTable     0000000000012944 f   UefiLib:UefiLib.obj
 0001:000126ec       GetVariable2               00000000000129ac f   UefiLib:UefiLib.obj
 0001:000127e0       EfiLibInstallDriverBindingComponentName2 0000000000012aa0 f   UefiLib:UefiDriverModel.obj
 0001:000128b0       EfiLibUninstallDriverBindingComponentName2 0000000000012b70 f   UefiLib:UefiDriverModel.obj
 0001:00012960       UefiLibGetStringWidth      0000000000012c20 f   UefiLib:Console.obj
 0001:00012a08       CreatePopUp                0000000000012cc8 f   UefiLib:Console.obj
 0001:00012dcc       AsciiInternalPrint         000000000001308c f   UefiLib:UefiLibPrint.obj
 0001:00012ea4       AsciiPrint                 0000000000013164 f   UefiLib:UefiLibPrint.obj
 0001:00012efc       GetHobList                 00000000000131bc f   DxeHobLib:HobLib.obj
 0001:00012f80       GetNextHob                 0000000000013240 f   DxeHobLib:HobLib.obj
 0001:00012fd0       Md5GetContextSize          0000000000013290 f   BaseCryptLib:CryptMd5.obj
 0001:00012fd8       Md5Init                    0000000000013298 f   BaseCryptLib:CryptMd5.obj
 0001:0001301c       Md5Update                  00000000000132dc f   BaseCryptLib:CryptMd5.obj
 0001:00013034       Md5Final                   00000000000132f4 f   BaseCryptLib:CryptMd5.obj
 0001:00013050       Sha256GetContextSize       0000000000013310 f   BaseCryptLib:CryptSha256.obj
 0001:00013058       Sha256Init                 0000000000013318 f   BaseCryptLib:CryptSha256.obj
 0001:00013068       Sha256Update               0000000000013328 f   BaseCryptLib:CryptSha256.obj
 0001:00013080       Sha256Final                0000000000013340 f   BaseCryptLib:CryptSha256.obj
 0001:0001309c       HiiSetString               000000000001335c f   UefiHiiLib:HiiString.obj
 0001:00013218       HiiAddPackages             00000000000134d8 f   UefiHiiLib:HiiLib.obj
 0001:00013354       InternalHiiBrowserCallback 0000000000013614 f   UefiHiiLib:HiiLib.obj
 0001:00013450       HiiConstructConfigHdr      0000000000013710 f   UefiHiiLib:HiiLib.obj
 0001:00013694       InternalHiiCompareSubString 0000000000013954 f   UefiHiiLib:HiiLib.obj
 0001:000137b0       HiiIsConfigHdrMatch        0000000000013a70 f   UefiHiiLib:HiiLib.obj
 0001:00013848       HiiGetBrowserData          0000000000013b08 f   UefiHiiLib:HiiLib.obj
 0001:0001390c       HiiSetBrowserData          0000000000013bcc f   UefiHiiLib:HiiLib.obj
 0001:00013a34       HiiAllocateOpCodeHandle    0000000000013cf4 f   UefiHiiLib:HiiLib.obj
 0001:00013a84       HiiFreeOpCodeHandle        0000000000013d44 f   UefiHiiLib:HiiLib.obj
 0001:00013ac4       InternalHiiGrowOpCodeHandle 0000000000013d84 f   UefiHiiLib:HiiLib.obj
 0001:00013b68       InternalHiiCreateOpCodeExtended 0000000000013e28 f   UefiHiiLib:HiiLib.obj
 0001:00013c1c       InternalHiiAppendOpCodes   0000000000013edc f   UefiHiiLib:HiiLib.obj
 0001:00013c9c       HiiCreateEndOpCode         0000000000013f5c f   UefiHiiLib:HiiLib.obj
 0001:00013cc4       HiiCreateGuidOpCode        0000000000013f84 f   UefiHiiLib:HiiLib.obj
 0001:00013d18       HiiCreateGotoOpCode        0000000000013fd8 f   UefiHiiLib:HiiLib.obj
 0001:00013d94       HiiCreateNumericOpCode     0000000000014054 f   UefiHiiLib:HiiLib.obj
 0001:00013ea8       HiiCreateStringOpCode      0000000000014168 f   UefiHiiLib:HiiLib.obj
 0001:00013f68       HiiCreateOrderedListOpCode 0000000000014228 f   UefiHiiLib:HiiLib.obj
 0001:00014014       InternalHiiUpdateFormPackageData 00000000000142d4 f   UefiHiiLib:HiiLib.obj
 0001:00014264       HiiUpdateForm              0000000000014524 f   UefiHiiLib:HiiLib.obj
 0001:000144bc       HiiGetSupportedLanguages   000000000001477c f   UefiHiiLib:HiiLanguage.obj
 0001:00014560       NetIp4IsUnicast            0000000000014820 f   DxeNetLib:DxeNetLib.obj
 0001:000145f8       NetListRemoveHead          00000000000148b8 f   DxeNetLib:DxeNetLib.obj
 0001:00014650       NetLibCreateServiceChild   0000000000014910 f   DxeNetLib:DxeNetLib.obj
 0001:000146e4       NetLibDestroyServiceChild  00000000000149a4 f   DxeNetLib:DxeNetLib.obj
 0001:00014774       NetLibGetSnpHandle         0000000000014a34 f   DxeNetLib:DxeNetLib.obj
 0001:0001483c       NetLibGetVlanId            0000000000014afc f   DxeNetLib:DxeNetLib.obj
 0001:00014890       NetLibGetMacAddress        0000000000014b50 f   DxeNetLib:DxeNetLib.obj
 0001:00014a10       NetLibDetectMedia          0000000000014cd0 f   DxeNetLib:DxeNetLib.obj
 0001:00014c44       NetLibDetectMediaWaitTimeout 0000000000014f04 f   DxeNetLib:DxeNetLib.obj
 0001:00014e74       NetLibGetNicHandle         0000000000015134 f   DxeNetLib:DxeNetLib.obj
 0001:00014f1c       NetLibAsciiStrToIp4        00000000000151dc f   DxeNetLib:DxeNetLib.obj
 0001:00015044       NetLibStrToIp4             0000000000015304 f   DxeNetLib:DxeNetLib.obj
 0001:0001519c       NetbufAllocStruct          000000000001545c f   DxeNetLib:NetBuffer.obj
 0001:00015254       NetbufAlloc                0000000000015514 f   DxeNetLib:NetBuffer.obj
 0001:000152fc       NetbufFreeVector           00000000000155bc f   DxeNetLib:NetBuffer.obj
 0001:000153c8       NetbufFree                 0000000000015688 f   DxeNetLib:NetBuffer.obj
 0001:00015450       NetbufFreeList             0000000000015710 f   DxeNetLib:NetBuffer.obj
 0001:000154f4       NetbufGetByte              00000000000157b4 f   DxeNetLib:NetBuffer.obj
 0001:00015598       NetbufSetBlock             0000000000015858 f   DxeNetLib:NetBuffer.obj
 0001:0001567c       NetbufFromExt              000000000001593c f   DxeNetLib:NetBuffer.obj
 0001:00015744       NetbufBuildExt             0000000000015a04 f   DxeNetLib:NetBuffer.obj
 0001:000157b8       NetbufFromBufList          0000000000015a78 f   DxeNetLib:NetBuffer.obj
 0001:000158f8       NetbufAllocSpace           0000000000015bb8 f   DxeNetLib:NetBuffer.obj
 0001:00015a18       NetblockTrim               0000000000015cd8 f   DxeNetLib:NetBuffer.obj
 0001:00015a74       NetbufTrim                 0000000000015d34 f   DxeNetLib:NetBuffer.obj
 0001:00015b50       NetbufCopy                 0000000000015e10 f   DxeNetLib:NetBuffer.obj
 0001:00015ce4       NetbufQueCopy              0000000000015fa4 f   DxeNetLib:NetBuffer.obj
 0001:00015e44       NetbufQueFlush             0000000000016104 f   DxeNetLib:NetBuffer.obj
 0001:00015e8c       TcpIoCommonNotify          000000000001614c f   DxeTcpIoLib:DxeTcpIoLib.obj
 0001:00015e9c       TcpIoGetMapping            000000000001615c f   DxeTcpIoLib:DxeTcpIoLib.obj
 0001:00015f6c       TcpIoCreateSocket          000000000001622c f   DxeTcpIoLib:DxeTcpIoLib.obj
 0001:000163b4       TcpIoDestroySocket         0000000000016674 f   DxeTcpIoLib:DxeTcpIoLib.obj
 0001:00016534       TcpIoTransmit              00000000000167f4 f   DxeTcpIoLib:DxeTcpIoLib.obj
 0001:0001669c       TcpIoReceive               000000000001695c f   DxeTcpIoLib:DxeTcpIoLib.obj
 0001:000168b8       GetPcdProtocol             0000000000016b78 f   DxePcdLib:DxePcdLib.obj
 0001:00016944       SetMem16                   0000000000016c04 f   BaseMemoryLibRepStr:SetMem16Wrapper.obj
 0001:00016a0c       IoWriteFifo8               0000000000016ccc f   BaseIoLibIntrinsicSev:IoLibFifo.obj
 0001:00016a60       IoRead32                   0000000000016d20 f   BaseIoLibIntrinsicSev:IoLibMsc.obj
 0001:00016aa8       IoWrite32                  0000000000016d68 f   BaseIoLibIntrinsicSev:IoLibMsc.obj
 0001:00016ad8       TdIoRead8                  0000000000016d98 f   BaseIoLibIntrinsicSev:IoLibInternalTdx.obj
 0001:00016b28       TdIoRead32                 0000000000016de8 f   BaseIoLibIntrinsicSev:IoLibInternalTdx.obj
 0001:00016b9c       TdIoWrite8                 0000000000016e5c f   BaseIoLibIntrinsicSev:IoLibInternalTdx.obj
 0001:00016bf0       TdIoWrite32                0000000000016eb0 f   BaseIoLibIntrinsicSev:IoLibInternalTdx.obj
 0001:00016c6c       PciExpressRead32           0000000000016f2c f   BasePciExpressLib:PciExpressLib.obj
 0001:00016cbc       PciCf8Read32               0000000000016f7c f   BasePciCf8Lib:PciCf8Lib.obj
 0001:00016d58       MD5_Update                 0000000000017018 f   OpensslLibCrypto:md5_dgst.obj
 0001:00016e60       MD5_Final                  0000000000017120 f   OpensslLibCrypto:md5_dgst.obj
 0001:00016ff0       md5_block_data_order       00000000000172b0 f   OpensslLibCrypto:md5_dgst.obj
 0001:00017a98       SHA256_Init                0000000000017d58 f   OpensslLibCrypto:sha256.obj
 0001:00017af8       SHA256_Update              0000000000017db8 f   OpensslLibCrypto:sha256.obj
 0001:00017c00       SHA256_Final               0000000000017ec0 f   OpensslLibCrypto:sha256.obj
 0001:00018158       SaveAndDisableInterrupts   0000000000018418 f   BaseLib:Cpu.obj
 0001:0001817c       GetTdInfo                  000000000001843c f   TdxLib:TdInfo.obj
 0001:000181e0       TdSharedPageMask           00000000000184a0 f   TdxLib:TdInfo.obj
 0001:0001820c       MmioRead32                 00000000000184cc f   BaseIoLibIntrinsicSev:IoLib.obj
 0001:00018280       memset                     0000000000018540 f   BaseIntrinsicLib:MemoryIntrinsics.obj
 0002:00000000       ??_C@_0CB@DMEJJJHA@?6ASSERT_EFI_ERROR?5?$CIStatus?5?$DN?5?$CFr?$CJ?6@ 0000000000018560     UefiDriverEntryPoint:DriverEntryPoint.obj
 0002:00000028       ??_C@_0CH@BBNBJKHK@?$CB?$CI?$CI?$CIINTN?$CJ?$CIRETURN_STATUS?$CJ?$CIStatus?$CJ@ 0000000000018588     UefiDriverEntryPoint:DriverEntryPoint.obj
 0002:00000050       ??_C@_0FI@PIDCFOGG@c?3?2users?2mliang2x?2workspace?2edk2@ 00000000000185b0     UefiDriverEntryPoint:DriverEntryPoint.obj
 0002:000000a8       ??_C@_0CE@IBFOBMLB@?6ASSERT_RETURN_ERROR?5?$CIStatus?5?$DN?5?$CF@ 0000000000018608     IScsiDxe:AutoGen.obj
 0002:000000d0       ??_C@_0HA@GGDCMHAB@c?3?2users?2mliang2x?2workspace?2edk2@ 0000000000018630     IScsiDxe:AutoGen.obj
 0002:00000140       ??_C@_0CA@HACALLLF@AipHandleBuffer?5?$CB?$DN?5?$CI?$CIvoid?5?$CK?$CJ?50?$CJ?$AA@ 00000000000186a0     IScsiDxe:IScsiDriver.obj
 0002:00000160       ??_C@_0ED@DPEJEBML@c?3?2users?2mliang2x?2workspace?2edk2@ 00000000000186c0     IScsiDxe:IScsiDriver.obj
 0002:000001a8       ??_C@_0BE@LGDFPDAJ@Aip?5?$CB?$DN?5?$CI?$CIvoid?5?$CK?$CJ?50?$CJ?$AA@ 0000000000018708     IScsiDxe:IScsiDriver.obj
 0002:000001c0       ??_C@_0BF@NDBIKIKC@CR?5has?5Bad?5Signature?$AA@ 0000000000018720     IScsiDxe:IScsiDriver.obj
 0002:000001d8       ??_C@_1BG@HANLGHEF@?$AAA?$AAt?$AAt?$AAe?$AAm?$AAp?$AAt?$AA?5?$AA?$CF?$AAd?$AA?$AA@ 0000000000018738     IScsiDxe:IScsiDriver.obj
 0002:000001f0       ??_C@_1BK@ELJKIAPE@?$AAA?$AAt?$AAt?$AAe?$AAm?$AAp?$AAt?$AAO?$AAr?$AAd?$AAe?$AAr?$AA?$AA@ 0000000000018750     IScsiDxe:IScsiDriver.obj
 0002:00000210       ??_C@_0BI@GONLCNCH@Private?5?$CB?$DN?5?$CI?$CIvoid?5?$CK?$CJ?50?$CJ?$AA@ 0000000000018770     IScsiDxe:IScsiDriver.obj
 0002:00000228       ??_C@_0BF@GEKOGLOJ@Hash?5?$CB?$DN?5?$CI?$CIvoid?5?$CK?$CJ?50?$CJ?$AA@ 0000000000018788     IScsiDxe:IScsiCHAP.obj
 0002:00000240       ??_C@_0EB@BJPABIKE@c?3?2users?2mliang2x?2workspace?2edk2@ 00000000000187a0     IScsiDxe:IScsiCHAP.obj
 0002:00000288       ??_C@_0BP@MDANAGBA@AuthData?9?$DOHash?5?$CB?$DN?5?$CI?$CIvoid?5?$CK?$CJ?50?$CJ?$AA@ 00000000000187e8     IScsiDxe:IScsiCHAP.obj
 0002:000002a8       ??_C@_0BI@GHHLBLGE@Conn?9?$DOCurrentStage?5?$DN?$DN?50?$AA@ 0000000000018808     IScsiDxe:IScsiCHAP.obj
 0002:000002c0       ??_C@_0BJ@OKLBHGHH@Conn?9?$DORspQue?4BufNum?5?$CB?$DN?50?$AA@ 0000000000018820     IScsiDxe:IScsiCHAP.obj
 0002:000002e0       ??_C@_0BF@IANBPGNJ@TargetPortalGroupTag?$AA@ 0000000000018840     IScsiDxe:IScsiCHAP.obj
 0002:000002f8       ??_C@_0L@PAKANODK@AuthMethod?$AA@ 0000000000018858     IScsiDxe:IScsiCHAP.obj
 0002:00000304       ??_C@_04OHJIHAFH@None?$AA@ 0000000000018864     IScsiDxe:IScsiCHAP.obj
 0002:0000030c       ??_C@_04LDMNOAAK@CHAP?$AA@ 000000000001886c     IScsiDxe:IScsiCHAP.obj
 0002:00000314       ??_C@_06NEGHKOPG@CHAP_A?$AA@ 0000000000018874     IScsiDxe:IScsiCHAP.obj
 0002:00000320       ??_C@_0BP@ICAIOLEG@AuthData?9?$DOHash?5?$DN?$DN?5?$CI?$CIvoid?5?$CK?$CJ?50?$CJ?$AA@ 0000000000018880     IScsiDxe:IScsiCHAP.obj
 0002:00000340       ??_C@_06BMLOCEPO@CHAP_I?$AA@ 00000000000188a0     IScsiDxe:IScsiCHAP.obj
 0002:00000348       ??_C@_06OGFBMMHE@CHAP_C?$AA@ 00000000000188a8     IScsiDxe:IScsiCHAP.obj
 0002:00000350       ??_C@_0CE@FMOMPILK@AuthData?9?$DOAuthConfig?9?$DOCHAPType?5?$DN@ 00000000000188b0     IScsiDxe:IScsiCHAP.obj
 0002:00000374       ??_C@_06FDPPLCDJ@CHAP_N?$AA@ 00000000000188d4     IScsiDxe:IScsiCHAP.obj
 0002:0000037c       ??_C@_06LFIIOPGE@CHAP_R?$AA@ 00000000000188dc     IScsiDxe:IScsiCHAP.obj
 0002:00000388       ??_C@_0O@IHIGCLKB@InitiatorName?$AA@ 00000000000188e8     IScsiDxe:IScsiCHAP.obj
 0002:00000398       ??_C@_06EFAGIKOH@Normal?$AA@ 00000000000188f8     IScsiDxe:IScsiCHAP.obj
 0002:000003a0       ??_C@_0M@CNGHNCIE@SessionType?$AA@ 0000000000018900     IScsiDxe:IScsiCHAP.obj
 0002:000003b0       ??_C@_0L@BDKAFAEA@TargetName?$AA@ 0000000000018910     IScsiDxe:IScsiCHAP.obj
 0002:000003c0       ??_C@_0CP@DCPEABMB@?$CB?$CI?$CI?$CIINTN?$CJ?$CIRETURN_STATUS?$CJ?$CIBinToHe@ 0000000000018920     IScsiDxe:IScsiCHAP.obj
 0002:000003f0       ??_C@_02DPKJAMEF@?$CFd?$AA@ 0000000000018950     IScsiDxe:IScsiCHAP.obj
 0002:000003f8       ??_C@_09EOGFNIHE@Left?5?$DO?$DN?52?$AA@ 0000000000018958     IScsiDxe:IScsiCHAP.obj
 0002:00000402       ??_C@_00CNPNBAHC@?$AA@     0000000000018962     IScsiDxe:IScsiCHAP.obj
 0002:00000404       ??_C@_01IHBHIGKO@?0?$AA@   0000000000018964     IScsiDxe:IScsiCHAP.obj
 0002:00000408       ??_C@_04IMHBBCFI@?$CFa?$CFd?$AA@ 0000000000018968     IScsiDxe:IScsiCHAP.obj
 0002:00000410       ??_C@_0BD@DKPFENLA@Printed?5?$CL?51?5?$DM?5Left?$AA@ 0000000000018970     IScsiDxe:IScsiCHAP.obj
 0002:00000428       ??_C@_0BH@MDAKALIE@Hash?9?$DODigestSize?5?$DM?$DN?532?$AA@ 0000000000018988     IScsiDxe:IScsiCHAP.obj
 0002:00000490       ??_C@_15BIBPCOBC@?$AA0?$AA?9?$AA?$AA@ 00000000000189f0     IScsiDxe:IScsiMisc.obj
 0002:00000498       ??_C@_0BC@FAONMJPI@StrLen?5?$CIStr?$CJ?5?$DO?$DN?51?$AA@ 00000000000189f8     IScsiDxe:IScsiMisc.obj
 0002:000004b0       ??_C@_0EB@LMEAAJMD@c?3?2users?2mliang2x?2workspace?2edk2@ 0000000000018a10     IScsiDxe:IScsiMisc.obj
 0002:000004f8       ??_C@_1M@KAICHIDM@?$AA?2?$AA?$CF?$AA0?$AA4?$AAx?$AA?$AA@ 0000000000018a58     IScsiDxe:IScsiMisc.obj
 0002:00000508       ??_C@_0BM@KLIDFGLC@Ipv6Support?5?$CB?$DN?5?$CI?$CIvoid?5?$CK?$CJ?50?$CJ?$AA@ 0000000000018a68     IScsiDxe:IScsiMisc.obj
 0002:00000528       ??_C@_1CI@PHDJCGLB@?$AAI?$AAn?$AAi?$AAt?$AAi?$AAa?$AAl?$AAA?$AAt?$AAt?$AAe?$AAm?$AAp?$AAt?$AAO?$AAr?$AAd?$AAe?$AAr?$AA?$AA@ 0000000000018a88     IScsiDxe:IScsiMisc.obj
 0002:00000550       ??_C@_0BE@OLCIKBCC@IScsiCreateAttempts?$AA@ 0000000000018ab0     IScsiDxe:IScsiMisc.obj
 0002:00000568       ??_C@_0DM@EMCCJOPP@?$CFa?3?5Failed?5to?5set?5?8InitialAttemp@ 0000000000018ac8     IScsiDxe:IScsiMisc.obj
 0002:000005b0       ??_C@_0EG@HPJPAPJF@?$CFa?3?5Failed?5to?5set?5variable?5?$CImPri@ 0000000000018b10     IScsiDxe:IScsiMisc.obj
 0002:00000600       ??_C@_1EC@HNHKMKMB@?$AAS?$AAT?$AAR?$AA_?$AAI?$AAS?$AAC?$AAS?$AAI?$AA_?$AAA?$AAT?$AAT?$AAE?$AAM?$AAP?$AAT?$AAT?$AA_?$AAN?$AAA?$AAM?$AAE?$AA_?$AAP?$AAR?$AAO?$AAM?$AAP?$AAT?$AA?$CF?$AAd@ 0000000000018b60     IScsiDxe:IScsiMisc.obj
 0002:00000648       ??_C@_1CI@HEIGCBOD@?$AAi?$AAS?$AAC?$AAS?$AAI?$AAA?$AAt?$AAt?$AAe?$AAm?$AAp?$AAt?$AAN?$AAa?$AAm?$AAe?$AA?3?$AA?$CF?$AAd?$AA?$AA@ 0000000000018ba8     IScsiDxe:IScsiMisc.obj
 0002:00000670       ??_C@_09BJEBPINI@x?9UEFI?9ns?$AA@ 0000000000018bd0     IScsiDxe:IScsiMisc.obj
 0002:00000680       ??_C@_1DA@BJMNBGMF@?$AAS?$AAT?$AAR?$AA_?$AAI?$AAS?$AAC?$AAS?$AAI?$AA_?$AAM?$AAO?$AAD?$AAE?$AA_?$AAP?$AAR?$AAO?$AAM?$AAP?$AAT?$AA?$CF?$AAd?$AA?$AA@ 0000000000018be0     IScsiDxe:IScsiMisc.obj
 0002:000006b0       ??_C@_1CG@HFJGGIEK@?$AAi?$AAS?$AAC?$AAS?$AAI?$AAB?$AAo?$AAo?$AAt?$AAE?$AAn?$AAa?$AAb?$AAl?$AAe?$AA?3?$AA?$CF?$AAd?$AA?$AA@ 0000000000018c10     IScsiDxe:IScsiMisc.obj
 0002:000006d8       ??_C@_1DG@HCOKEFHE@?$AAS?$AAT?$AAR?$AA_?$AAI?$AAS?$AAC?$AAS?$AAI?$AA_?$AAI?$AAP?$AA_?$AAM?$AAO?$AAD?$AAE?$AA_?$AAP?$AAR?$AAO?$AAM?$AAP?$AAT?$AA?$CF?$AAd?$AA?$AA@ 0000000000018c38     IScsiDxe:IScsiMisc.obj
 0002:00000710       ??_C@_1CM@CBPAADNE@?$AAi?$AAS?$AAC?$AAS?$AAI?$AAI?$AAp?$AAA?$AAd?$AAd?$AAr?$AAe?$AAs?$AAs?$AAT?$AAy?$AAp?$AAe?$AA?3?$AA?$CF?$AAd?$AA?$AA@ 0000000000018c70     IScsiDxe:IScsiMisc.obj
 0002:00000740       ??_C@_1EC@DPEODOHN@?$AAS?$AAT?$AAR?$AA_?$AAI?$AAS?$AAC?$AAS?$AAI?$AA_?$AAC?$AAO?$AAN?$AAN?$AAE?$AAC?$AAT?$AA_?$AAR?$AAE?$AAT?$AAR?$AAY?$AA_?$AAP?$AAR?$AAO?$AAM?$AAP?$AAT?$AA?$CF?$AAd@ 0000000000018ca0     IScsiDxe:IScsiMisc.obj
 0002:00000788       ??_C@_1CK@LPKJOHD@?$AAi?$AAS?$AAC?$AAS?$AAI?$AAC?$AAo?$AAn?$AAn?$AAe?$AAc?$AAt?$AAR?$AAe?$AAt?$AAr?$AAy?$AA?3?$AA?$CF?$AAd?$AA?$AA@ 0000000000018ce8     IScsiDxe:IScsiMisc.obj
 0002:000007c0       ??_C@_1EG@FOEHCAKJ@?$AAS?$AAT?$AAR?$AA_?$AAI?$AAS?$AAC?$AAS?$AAI?$AA_?$AAC?$AAO?$AAN?$AAN?$AAE?$AAC?$AAT?$AA_?$AAT?$AAI?$AAM?$AAE?$AAO?$AAU?$AAT?$AA_?$AAP?$AAR?$AAO?$AAM?$AAP?$AAT@ 0000000000018d20     IScsiDxe:IScsiMisc.obj
 0002:00000808       ??_C@_1CO@LCOHAIEK@?$AAi?$AAS?$AAC?$AAS?$AAI?$AAC?$AAo?$AAn?$AAn?$AAe?$AAc?$AAt?$AAT?$AAi?$AAm?$AAe?$AAo?$AAu?$AAt?$AA?3?$AA?$CF?$AAd?$AA?$AA@ 0000000000018d68     IScsiDxe:IScsiMisc.obj
 0002:00000838       ??_C@_1DA@OHPDKBKN@?$AAS?$AAT?$AAR?$AA_?$AAI?$AAS?$AAC?$AAS?$AAI?$AA_?$AAI?$AAS?$AAI?$AAD?$AA_?$AAP?$AAR?$AAO?$AAM?$AAP?$AAT?$AA?$CF?$AAd?$AA?$AA@ 0000000000018d98     IScsiDxe:IScsiMisc.obj
 0002:00000868       ??_C@_1BK@GHCBGJK@?$AAi?$AAS?$AAC?$AAS?$AAI?$AAI?$AAS?$AAI?$AAD?$AA?3?$AA?$CF?$AAd?$AA?$AA@ 0000000000018dc8     IScsiDxe:IScsiMisc.obj
 0002:00000890       ??_C@_1EM@CDJCPBKN@?$AAS?$AAT?$AAR?$AA_?$AAI?$AAS?$AAC?$AAS?$AAI?$AA_?$AAI?$AAN?$AAI?$AAT?$AAI?$AAA?$AAT?$AAO?$AAR?$AA_?$AAV?$AAI?$AAA?$AA_?$AAD?$AAH?$AAC?$AAP?$AA_?$AAP?$AAR?$AAO@ 0000000000018df0     IScsiDxe:IScsiMisc.obj
 0002:000008e0       ??_C@_1DK@MNMHMNMI@?$AAi?$AAS?$AAC?$AAS?$AAI?$AAI?$AAn?$AAi?$AAt?$AAi?$AAa?$AAt?$AAo?$AAr?$AAI?$AAn?$AAf?$AAo?$AAV?$AAi?$AAa?$AAD?$AAH?$AAC?$AAP?$AA?3?$AA?$CF?$AAd?$AA?$AA@ 0000000000018e40     IScsiDxe:IScsiMisc.obj
 0002:00000920       ??_C@_1FA@KPPEFLHA@?$AAS?$AAT?$AAR?$AA_?$AAI?$AAS?$AAC?$AAS?$AAI?$AA_?$AAI?$AAN?$AAI?$AAT?$AAI?$AAA?$AAT?$AAO?$AAR?$AA_?$AAI?$AAP?$AA_?$AAA?$AAD?$AAD?$AAR?$AAE?$AAS?$AAS?$AA_?$AAP@ 0000000000018e80     IScsiDxe:IScsiMisc.obj
 0002:00000970       ??_C@_1DG@BDOEDFB@?$AAi?$AAS?$AAC?$AAS?$AAI?$AAI?$AAn?$AAi?$AAt?$AAi?$AAa?$AAt?$AAo?$AAr?$AAI?$AAp?$AAA?$AAd?$AAd?$AAr?$AAe?$AAs?$AAs?$AA?3?$AA?$CF?$AAd?$AA?$AA@ 0000000000018ed0     IScsiDxe:IScsiMisc.obj
 0002:000009b0       ??_C@_1EM@KKJJLIHN@?$AAS?$AAT?$AAR?$AA_?$AAI?$AAS?$AAC?$AAS?$AAI?$AA_?$AAI?$AAN?$AAI?$AAT?$AAI?$AAA?$AAT?$AAO?$AAR?$AA_?$AAN?$AAE?$AAT?$AA_?$AAM?$AAA?$AAS?$AAK?$AA_?$AAP?$AAR?$AAO@ 0000000000018f10     IScsiDxe:IScsiMisc.obj
 0002:00000a00       ??_C@_1DC@HFNAHCNF@?$AAi?$AAS?$AAC?$AAS?$AAI?$AAI?$AAn?$AAi?$AAt?$AAi?$AAa?$AAt?$AAo?$AAr?$AAN?$AAe?$AAt?$AAm?$AAa?$AAs?$AAk?$AA?3?$AA?$CF?$AAd?$AA?$AA@ 0000000000018f60     IScsiDxe:IScsiMisc.obj
 0002:00000a40       ??_C@_1EE@PKEMPLOI@?$AAS?$AAT?$AAR?$AA_?$AAI?$AAS?$AAC?$AAS?$AAI?$AA_?$AAI?$AAN?$AAI?$AAT?$AAI?$AAA?$AAT?$AAO?$AAR?$AA_?$AAG?$AAA?$AAT?$AAE?$AA_?$AAP?$AAR?$AAO?$AAM?$AAP?$AAT?$AA?$CF@ 0000000000018fa0     IScsiDxe:IScsiMisc.obj
 0002:00000a88       ??_C@_1DC@LLENBBGP@?$AAi?$AAS?$AAC?$AAS?$AAI?$AAI?$AAn?$AAi?$AAt?$AAi?$AAa?$AAt?$AAo?$AAr?$AAG?$AAa?$AAt?$AAe?$AAw?$AAa?$AAy?$AA?3?$AA?$CF?$AAd?$AA?$AA@ 0000000000018fe8     IScsiDxe:IScsiMisc.obj
 0002:00000ac0       ??_C@_1EG@GAJNCGJH@?$AAS?$AAT?$AAR?$AA_?$AAI?$AAS?$AAC?$AAS?$AAI?$AA_?$AAT?$AAA?$AAR?$AAG?$AAE?$AAT?$AA_?$AAV?$AAI?$AAA?$AA_?$AAD?$AAH?$AAC?$AAP?$AA_?$AAP?$AAR?$AAO?$AAM?$AAP?$AAT@ 0000000000019020     IScsiDxe:IScsiMisc.obj
 0002:00000b08       ??_C@_1DE@OGOGAJBO@?$AAi?$AAS?$AAC?$AAS?$AAI?$AAT?$AAa?$AAr?$AAg?$AAe?$AAt?$AAI?$AAn?$AAf?$AAo?$AAV?$AAi?$AAa?$AAD?$AAH?$AAC?$AAP?$AA?3?$AA?$CF?$AAd?$AA?$AA@ 0000000000019068     IScsiDxe:IScsiMisc.obj
 0002:00000b40       ??_C@_1EG@KMENBILK@?$AAS?$AAT?$AAR?$AA_?$AAI?$AAS?$AAC?$AAS?$AAI?$AA_?$AAT?$AAA?$AAR?$AAG?$AAE?$AAT?$AA_?$AAT?$AAC?$AAP?$AA_?$AAP?$AAO?$AAR?$AAT?$AA_?$AAP?$AAR?$AAO?$AAM?$AAP?$AAT@ 00000000000190a0     IScsiDxe:IScsiMisc.obj
 0002:00000b88       ??_C@_1CM@HDFAPMME@?$AAi?$AAS?$AAC?$AAS?$AAI?$AAT?$AAa?$AAr?$AAg?$AAe?$AAt?$AAT?$AAc?$AAp?$AAP?$AAo?$AAr?$AAt?$AA?3?$AA?$CF?$AAd?$AA?$AA@ 00000000000190e8     IScsiDxe:IScsiMisc.obj
 0002:00000bb8       ??_C@_1DO@NNEJJHC@?$AAS?$AAT?$AAR?$AA_?$AAI?$AAS?$AAC?$AAS?$AAI?$AA_?$AAT?$AAA?$AAR?$AAG?$AAE?$AAT?$AA_?$AAN?$AAA?$AAM?$AAE?$AA_?$AAP?$AAR?$AAO?$AAM?$AAP?$AAT?$AA?$CF?$AAd?$AA?$AA@ 0000000000019118     IScsiDxe:IScsiMisc.obj
 0002:00000bf8       ??_C@_1CG@IMIDKEEM@?$AAi?$AAS?$AAC?$AAS?$AAI?$AAT?$AAa?$AAr?$AAg?$AAe?$AAt?$AAN?$AAa?$AAm?$AAe?$AA?3?$AA?$CF?$AAd?$AA?$AA@ 0000000000019158     IScsiDxe:IScsiMisc.obj
 0002:00000c20       ??_C@_1EK@NAOJGMOF@?$AAS?$AAT?$AAR?$AA_?$AAI?$AAS?$AAC?$AAS?$AAI?$AA_?$AAT?$AAA?$AAR?$AAG?$AAE?$AAT?$AA_?$AAI?$AAP?$AA_?$AAA?$AAD?$AAD?$AAR?$AAE?$AAS?$AAS?$AA_?$AAP?$AAR?$AAO?$AAM@ 0000000000019180     IScsiDxe:IScsiMisc.obj
 0002:00000c70       ??_C@_1DA@BNHFHCKF@?$AAi?$AAS?$AAC?$AAS?$AAI?$AAT?$AAa?$AAr?$AAg?$AAe?$AAt?$AAI?$AAp?$AAA?$AAd?$AAd?$AAr?$AAe?$AAs?$AAs?$AA?3?$AA?$CF?$AAd?$AA?$AA@ 00000000000191d0     IScsiDxe:IScsiMisc.obj
 0002:00000ca0       ??_C@_1CO@LKFGDNLP@?$AAS?$AAT?$AAR?$AA_?$AAI?$AAS?$AAC?$AAS?$AAI?$AA_?$AAL?$AAU?$AAN?$AA_?$AAP?$AAR?$AAO?$AAM?$AAP?$AAT?$AA?$CF?$AAd?$AA?$AA@ 0000000000019200     IScsiDxe:IScsiMisc.obj
 0002:00000cd0       ??_C@_1BI@CCOOIPBK@?$AAi?$AAS?$AAC?$AAS?$AAI?$AAL?$AAU?$AAN?$AA?3?$AA?$CF?$AAd?$AA?$AA@ 0000000000019230     IScsiDxe:IScsiMisc.obj
 0002:00000cf0       ??_C@_1FC@BBEHEHML@?$AAS?$AAT?$AAR?$AA_?$AAI?$AAS?$AAC?$AAS?$AAI?$AA_?$AAA?$AAU?$AAT?$AAH?$AAE?$AAN?$AAT?$AAI?$AAC?$AAA?$AAT?$AAI?$AAO?$AAN?$AA_?$AAM?$AAE?$AAT?$AAH?$AAO?$AAD?$AA_@ 0000000000019250     IScsiDxe:IScsiMisc.obj
 0002:00000d48       ??_C@_1DK@GMLHAFCO@?$AAi?$AAS?$AAC?$AAS?$AAI?$AAA?$AAu?$AAt?$AAh?$AAe?$AAn?$AAt?$AAi?$AAc?$AAa?$AAt?$AAi?$AAo?$AAn?$AAM?$AAe?$AAt?$AAh?$AAo?$AAd?$AA?3?$AA?$CF?$AAd?$AA?$AA@ 00000000000192a8     IScsiDxe:IScsiMisc.obj
 0002:00000d88       ??_C@_1DI@CPGEKLIM@?$AAS?$AAT?$AAR?$AA_?$AAI?$AAS?$AAC?$AAS?$AAI?$AA_?$AAC?$AAH?$AAA?$AAR?$AAT?$AAY?$AAP?$AAE?$AA_?$AAP?$AAR?$AAO?$AAM?$AAP?$AAT?$AA?$CF?$AAd?$AA?$AA@ 00000000000192e8     IScsiDxe:IScsiMisc.obj
 0002:00000dc0       ??_C@_1CC@PNCOMNAM@?$AAi?$AAS?$AAC?$AAS?$AAI?$AAC?$AAh?$AAa?$AAp?$AAT?$AAy?$AAp?$AAe?$AA?3?$AA?$CF?$AAd?$AA?$AA@ 0000000000019320     IScsiDxe:IScsiMisc.obj
 0002:00000df0       ??_C@_1EE@BDEAJPAA@?$AAS?$AAT?$AAR?$AA_?$AAI?$AAS?$AAC?$AAS?$AAI?$AA_?$AAC?$AAH?$AAA?$AAR?$AA_?$AAU?$AAS?$AAE?$AAR?$AA_?$AAN?$AAA?$AAM?$AAE?$AA_?$AAP?$AAR?$AAO?$AAM?$AAP?$AAT?$AA?$CF@ 0000000000019350     IScsiDxe:IScsiMisc.obj
 0002:00000e38       ??_C@_1CK@HMKCAOIH@?$AAi?$AAS?$AAC?$AAS?$AAI?$AAC?$AAh?$AAa?$AAp?$AAU?$AAs?$AAe?$AAr?$AAn?$AAa?$AAm?$AAe?$AA?3?$AA?$CF?$AAd?$AA?$AA@ 0000000000019398     IScsiDxe:IScsiMisc.obj
 0002:00000e68       ??_C@_1DO@ILKFOLHO@?$AAS?$AAT?$AAR?$AA_?$AAI?$AAS?$AAC?$AAS?$AAI?$AA_?$AAC?$AAH?$AAA?$AAR?$AA_?$AAS?$AAE?$AAC?$AAR?$AAE?$AAT?$AA_?$AAP?$AAR?$AAO?$AAM?$AAP?$AAT?$AA?$CF?$AAd?$AA?$AA@ 00000000000193c8     IScsiDxe:IScsiMisc.obj
 0002:00000ea8       ??_C@_1CG@LPJEJPEJ@?$AAi?$AAS?$AAC?$AAS?$AAI?$AAC?$AAh?$AAa?$AAp?$AAS?$AAe?$AAc?$AAr?$AAe?$AAt?$AA?3?$AA?$CF?$AAd?$AA?$AA@ 0000000000019408     IScsiDxe:IScsiMisc.obj
 0002:00000ed0       ??_C@_1FE@GBGGNCNN@?$AAS?$AAT?$AAR?$AA_?$AAI?$AAS?$AAC?$AAS?$AAI?$AA_?$AAC?$AAH?$AAA?$AAR?$AA_?$AAR?$AAE?$AAV?$AAE?$AAR?$AAS?$AAE?$AA_?$AAU?$AAS?$AAE?$AAR?$AA_?$AAN?$AAA?$AAM?$AAE@ 0000000000019430     IScsiDxe:IScsiMisc.obj
 0002:00000f28       ??_C@_1DI@JGKDKGKI@?$AAi?$AAS?$AAC?$AAS?$AAI?$AAR?$AAe?$AAv?$AAe?$AAr?$AAs?$AAe?$AAC?$AAh?$AAa?$AAp?$AAU?$AAs?$AAe?$AAr?$AAn?$AAa?$AAm?$AAe?$AA?3?$AA?$CF?$AAd?$AA?$AA@ 0000000000019488     IScsiDxe:IScsiMisc.obj
 0002:00000f60       ??_C@_1EO@OFKHBAND@?$AAS?$AAT?$AAR?$AA_?$AAI?$AAS?$AAC?$AAS?$AAI?$AA_?$AAC?$AAH?$AAA?$AAR?$AA_?$AAR?$AAE?$AAV?$AAE?$AAR?$AAS?$AAE?$AA_?$AAS?$AAE?$AAC?$AAR?$AAE?$AAT?$AA_?$AAP?$AAR@ 00000000000194c0     IScsiDxe:IScsiMisc.obj
 0002:00000fb0       ??_C@_1DE@OMHAAAJE@?$AAi?$AAS?$AAC?$AAS?$AAI?$AAR?$AAe?$AAv?$AAe?$AAr?$AAs?$AAe?$AAC?$AAh?$AAa?$AAp?$AAS?$AAe?$AAc?$AAr?$AAe?$AAt?$AA?3?$AA?$CF?$AAd?$AA?$AA@ 0000000000019510     IScsiDxe:IScsiMisc.obj
 0002:00000fe8       ??_C@_0DM@EDFBLLHA@AttemptConfigOrder?$FLIndex?$FN?5?$DN?$DN?5Att@ 0000000000019548     IScsiDxe:IScsiMisc.obj
 0002:00001028       ??_C@_0BI@KGIBPGM@NicInfo?5?$CB?$DN?5?$CI?$CIvoid?5?$CK?$CJ?50?$CJ?$AA@ 0000000000019588     IScsiDxe:IScsiMisc.obj
 0002:00001040       ??_C@_0ED@FHEGFGOH@AttemptConfigOrder?$FLIndex?$FN?5?$DN?$DN?5Att@ 00000000000195a0     IScsiDxe:IScsiMisc.obj
 0002:00001088       ??_C@_1BC@FGCJDNHA@?$AAD?$AAi?$AAs?$AAa?$AAb?$AAl?$AAe?$AAd?$AA?$AA@ 00000000000195e8     IScsiDxe:IScsiMisc.obj
 0002:000010a0       ??_C@_1BA@NPJPKIM@?$AAE?$AAn?$AAa?$AAb?$AAl?$AAe?$AAd?$AA?$AA@ 0000000000019600     IScsiDxe:IScsiMisc.obj
 0002:000010b0       ??_C@_1CC@HOPKGJBM@?$AAE?$AAn?$AAa?$AAb?$AAl?$AAe?$AAd?$AA?5?$AAf?$AAo?$AAr?$AA?5?$AAM?$AAP?$AAI?$AAO?$AA?$AA@ 0000000000019610     IScsiDxe:IScsiMisc.obj
 0002:000010d8       ??_C@_17NPMIJOFB@?$AAI?$AAP?$AA4?$AA?$AA@ 0000000000019638     IScsiDxe:IScsiMisc.obj
 0002:000010e0       ??_C@_17HFMBFGNK@?$AAI?$AAP?$AA6?$AA?$AA@ 0000000000019640     IScsiDxe:IScsiMisc.obj
 0002:000010e8       ??_C@_1BM@LLBKNBMC@?$AAA?$AAu?$AAt?$AAo?$AAc?$AAo?$AAn?$AAf?$AAi?$AAg?$AAu?$AAr?$AAe?$AA?$AA@ 0000000000019648     IScsiDxe:IScsiMisc.obj
 0002:00001110       ??_C@_1JA@LJOCICLJ@?$AAM?$AAA?$AAC?$AA?3?$AA?5?$AA?$CF?$AAs?$AA?0?$AA?5?$AAP?$AAF?$AAA?$AA?3?$AA?5?$AAB?$AAu?$AAs?$AA?5?$AA?$CF?$AAd?$AA?5?$AA?$HM?$AA?5?$AAD?$AAe?$AAv?$AA?5?$AA?$CF?$AAd?$AA?5?$AA?$HM?$AA?5@ 0000000000019670     IScsiDxe:IScsiMisc.obj
 0002:000011a0       ??_C@_0BN@HHGHCLME@ProtocolGuid?5?$CB?$DN?5?$CI?$CIvoid?5?$CK?$CJ?50?$CJ?$AA@ 0000000000019700     IScsiDxe:IScsiMisc.obj
 0002:000011c0       IScsiHexString             0000000000019720     IScsiDxe:IScsiMisc.obj
 0002:000011d8       ??_C@_03LKLGDMJI@eng?$AA@  0000000000019738     IScsiDxe:ComponentName.obj
 0002:000011dc       ??_C@_02LFNMGJAP@en?$AA@   000000000001973c     IScsiDxe:ComponentName.obj
 0002:000011e0       ??_C@_06DALJLGPG@eng?$DLen?$AA@ 0000000000019740     IScsiDxe:ComponentName.obj
 0002:000011e8       ??_C@_1BK@DKDHMMII@?$AAi?$AAS?$AAC?$AAS?$AAI?$AA?5?$AAD?$AAr?$AAi?$AAv?$AAe?$AAr?$AA?$AA@ 0000000000019748     IScsiDxe:ComponentName.obj
 0002:00001210       ??_C@_0EF@EEJOHKJD@c?3?2users?2mliang2x?2workspace?2edk2@ 0000000000019770     IScsiDxe:ComponentName.obj
 0002:00001258       ??_C@_19CDMHABIE@?$AAI?$AAP?$AAv?$AA6?$AA?$AA@ 00000000000197b8     IScsiDxe:ComponentName.obj
 0002:00001268       ??_C@_19IJMOMJAP@?$AAI?$AAP?$AAv?$AA4?$AA?$AA@ 00000000000197c8     IScsiDxe:ComponentName.obj
 0002:00001278       ??_C@_1DA@MCMPEFMN@?$AAi?$AAS?$AAC?$AAS?$AAI?$AA?5?$AA?$CI?$AA?$CF?$AAs?$AA?0?$AA?5?$AAN?$AAi?$AAc?$AAI?$AAn?$AAd?$AAe?$AAx?$AA?$DN?$AA?$CF?$AAd?$AA?$CJ?$AA?$AA@ 00000000000197d8     IScsiDxe:ComponentName.obj
 0002:000012a8       ??_C@_1BI@FCMLLAGN@?$AA?$CF?$AAd?$AA?4?$AA?$CF?$AAd?$AA?4?$AA?$CF?$AAd?$AA?4?$AA?$CF?$AAd?$AA?$AA@ 0000000000019808     IScsiDxe:IScsiConfig.obj
 0002:000012c0       ??_C@_0L@PEIHAPBP@Index?5?$DM?515?$AA@ 0000000000019820     IScsiDxe:IScsiConfig.obj
 0002:000012d0       ??_C@_0ED@NINAHOEB@c?3?2users?2mliang2x?2workspace?2edk2@ 0000000000019830     IScsiDxe:IScsiConfig.obj
 0002:00001318       ??_C@_17FDKMNLMN@?$AA?$CF?$AAx?$AA?3?$AA?$AA@ 0000000000019878     IScsiDxe:IScsiConfig.obj
 0002:00001320       ??_C@_1O@OEEHBOOE@?$AA?$CF?$AAx?$AA0?$AA?$CF?$AAx?$AA?3?$AA?$AA@ 0000000000019880     IScsiDxe:IScsiConfig.obj
 0002:00001330       ??_C@_1M@CIFHKLEP@?$AA?$CF?$AAx?$AA?$CF?$AAx?$AA?3?$AA?$AA@ 0000000000019890     IScsiDxe:IScsiConfig.obj
 0002:00001340       ??_C@_0DM@GAEIBCOM@IpMode?5?$CFd?5is?5invalid?5when?5config@ 00000000000198a0     IScsiDxe:IScsiConfig.obj
 0002:00001380       ??_C@_1PM@NKCILPCF@?$AAE?$AAr?$AAr?$AAo?$AAr?$AA?$CB?$AA?5?$AAO?$AAn?$AAl?$AAy?$AA?5?$AAl?$AAa?$AAs?$AAt?$AA?5?$AA3?$AA?5?$AAb?$AAy?$AAt?$AAe?$AAs?$AA?5?$AAa?$AAr?$AAe?$AA?5?$AAc?$AAo?$AAn@ 00000000000198e0     IScsiDxe:IScsiConfig.obj
 0002:00001480       ??_C@_17EGMIMACD@?$AA0?$AA?$CF?$AAX?$AA?$AA@ 00000000000199e0     IScsiDxe:IScsiConfig.obj
 0002:00001488       ??_C@_15BHOFONJE@?$AA?$CF?$AAX?$AA?$AA@ 00000000000199e8     IScsiDxe:IScsiConfig.obj
 0002:00001490       ??_C@_0BK@OHHEMHCC@StringPtr?5?$CB?$DN?5?$CI?$CIvoid?5?$CK?$CJ?50?$CJ?$AA@ 00000000000199f0     IScsiDxe:IScsiConfig.obj
 0002:000014b0       ??_C@_1BC@FPHENPJJ@?$AAa?$AAt?$AAt?$AAe?$AAm?$AAp?$AAt?$AA?3?$AA?$AA@ 0000000000019a10     IScsiDxe:IScsiConfig.obj
 0002:000014d0       ??_C@_0EM@KLICEKGL@?$CIAttempt?9?$DOAttemptConfigIndex?5?$DO?50@ 0000000000019a30     IScsiDxe:IScsiConfig.obj
 0002:00001520       ??_C@_0O@IKONHJNJ@StringLen?5?$DO?52?$AA@ 0000000000019a80     IScsiDxe:IScsiConfig.obj
 0002:00001530       ??_C@_1IE@FMPFFHNB@?$AAC?$AAo?$AAn?$AAn?$AAe?$AAc?$AAt?$AAi?$AAo?$AAn?$AA?5?$AAE?$AAs?$AAt?$AAa?$AAb?$AAl?$AAi?$AAs?$AAh?$AAi?$AAn?$AAg?$AA?5?$AAT?$AAi?$AAm?$AAe?$AAo?$AAu?$AAt?$AA?5@ 0000000000019a90     IScsiDxe:IScsiConfig.obj
 0002:000015c0       ??_C@_1GA@GADAOPJN@?$AAG?$AAa?$AAt?$AAe?$AAw?$AAa?$AAy?$AA?5?$AAa?$AAd?$AAd?$AAr?$AAe?$AAs?$AAs?$AA?5?$AAi?$AAs?$AA?5?$AAs?$AAe?$AAt?$AA?5?$AAb?$AAu?$AAt?$AA?5?$AAs?$AAu?$AAb?$AAn?$AAe@ 0000000000019b20     IScsiDxe:IScsiConfig.obj
 0002:00001620       ??_C@_1GC@NOKIOPCN@?$AAL?$AAo?$AAc?$AAa?$AAl?$AA?5?$AAI?$AAP?$AA?5?$AAa?$AAn?$AAd?$AA?5?$AAG?$AAa?$AAt?$AAe?$AAw?$AAa?$AAy?$AA?5?$AAa?$AAr?$AAe?$AA?5?$AAn?$AAo?$AAt?$AA?5?$AAi?$AAn?$AA?5@ 0000000000019b80     IScsiDxe:IScsiConfig.obj
 0002:00001688       ??_C@_1CM@DIGHAABF@?$AAT?$AAa?$AAr?$AAg?$AAe?$AAt?$AA?5?$AAI?$AAP?$AA?5?$AAi?$AAs?$AA?5?$AAi?$AAn?$AAv?$AAa?$AAl?$AAi?$AAd?$AA?$CB?$AA?$AA@ 0000000000019be8     IScsiDxe:IScsiConfig.obj
 0002:000016c0       ??_C@_1EK@KKIJKOOP@?$AAi?$AAS?$AAC?$AAS?$AAI?$AA?5?$AAt?$AAa?$AAr?$AAg?$AAe?$AAt?$AA?5?$AAU?$AAr?$AAl?$AA?5?$AAs?$AAh?$AAo?$AAu?$AAl?$AAd?$AA?5?$AAn?$AAo?$AAt?$AA?5?$AAb?$AAe?$AA?5?$AAN@ 0000000000019c20     IScsiDxe:IScsiConfig.obj
 0002:00001710       ??_C@_1DG@CLIBEBMD@?$AAi?$AAS?$AAC?$AAS?$AAI?$AA?5?$AAt?$AAa?$AAr?$AAg?$AAe?$AAt?$AA?5?$AAn?$AAa?$AAm?$AAe?$AA?5?$AAi?$AAs?$AA?5?$AAN?$AAU?$AAL?$AAL?$AA?$CB?$AA?$AA@ 0000000000019c70     IScsiDxe:IScsiConfig.obj
 0002:00001750       ??_C@_1EK@CICAMCED@?$AAC?$AAH?$AAA?$AAP?$AA?5?$AAN?$AAa?$AAm?$AAe?$AA?5?$AAo?$AAr?$AA?5?$AAC?$AAH?$AAA?$AAP?$AA?5?$AAS?$AAe?$AAc?$AAr?$AAe?$AAt?$AA?5?$AAi?$AAs?$AA?5?$AAi?$AAn?$AAv?$AAa@ 0000000000019cb0     IScsiDxe:IScsiConfig.obj
 0002:000017a0       ??_C@_1GK@ILMFAFOE@?$AAR?$AAe?$AAv?$AAe?$AAr?$AAs?$AAe?$AA?5?$AAC?$AAH?$AAA?$AAP?$AA?5?$AAN?$AAa?$AAm?$AAe?$AA?5?$AAo?$AAr?$AA?5?$AAR?$AAe?$AAv?$AAe?$AAr?$AAs?$AAe?$AA?5?$AAC?$AAH?$AAA@ 0000000000019d00     IScsiDxe:IScsiConfig.obj
 0002:00001810       ??_C@_1GK@DNBKIGEI@?$AAW?$AAa?$AAr?$AAn?$AAi?$AAn?$AAg?$AA?$CB?$AA?5?$AAA?$AAt?$AAt?$AAe?$AAm?$AAp?$AAt?$AA?5?$AA?$CC?$AA?$CF?$AAs?$AA?$CC?$AA?5?$AAu?$AAs?$AAe?$AAs?$AA?5?$AAs?$AAa?$AAm?$AAe?$AA?5@ 0000000000019d70     IScsiDxe:IScsiConfig.obj
 0002:00001880       ??_C@_0BI@IGFDHHON@ExistAttempt?5?$DN?$DN?5Attempt?$AA@ 0000000000019de0     IScsiDxe:IScsiConfig.obj
 0002:000018a0       ??_C@_1FK@ELEIPALG@?$AAW?$AAa?$AAr?$AAn?$AAi?$AAn?$AAg?$AA?$CB?$AA?5?$AA?$CC?$AA?$CF?$AAs?$AA?$CC?$AA?5?$AAu?$AAs?$AAe?$AAs?$AA?5?$AAs?$AAa?$AAm?$AAe?$AA?5?$AAN?$AAI?$AAC?$AA?5?$AAa?$AAs?$AA?5?$AAA@ 0000000000019e00     IScsiDxe:IScsiConfig.obj
 0002:00001900       ??_C@_1IA@OPOCHDEG@?$AAT?$AAh?$AAe?$AA?5?$AAm?$AAi?$AAn?$AAi?$AAm?$AAu?$AAm?$AA?5?$AAv?$AAa?$AAl?$AAu?$AAe?$AA?5?$AAi?$AAs?$AA?5?$AA0?$AA?5?$AAa?$AAn?$AAd?$AA?5?$AAt?$AAh?$AAe?$AA?5?$AAm@ 0000000000019e60     IScsiDxe:IScsiConfig.obj
 0002:00001980       ??_C@_1IK@OKCMAFBM@?$AAT?$AAh?$AAe?$AA?5?$AAm?$AAi?$AAn?$AAi?$AAm?$AAu?$AAm?$AA?5?$AAv?$AAa?$AAl?$AAu?$AAe?$AA?5?$AAi?$AAs?$AA?5?$AA1?$AA0?$AA0?$AA?5?$AAm?$AAi?$AAl?$AAl?$AAi?$AAs?$AAe@ 0000000000019ee0     IScsiDxe:IScsiConfig.obj
 0002:00001a10       ??_C@_1HK@PKNPBNOI@?$AAI?$AAn?$AAv?$AAa?$AAl?$AAi?$AAd?$AA?5?$AAC?$AAo?$AAn?$AAf?$AAi?$AAg?$AAu?$AAr?$AAa?$AAt?$AAi?$AAo?$AAn?$AA?0?$AA?5?$AAC?$AAh?$AAe?$AAc?$AAk?$AA?5?$AAv?$AAa?$AAl@ 0000000000019f70     IScsiDxe:IScsiConfig.obj
 0002:00001a90       ??_C@_1IC@POFCKNAH@?$AAI?$AAn?$AAv?$AAa?$AAl?$AAi?$AAd?$AA?5?$AAC?$AAo?$AAn?$AAf?$AAi?$AAg?$AAu?$AAr?$AAa?$AAt?$AAi?$AAo?$AAn?$AA?0?$AA?5?$AAC?$AAh?$AAe?$AAc?$AAk?$AA?5?$AAv?$AAa?$AAl@ 0000000000019ff0     IScsiDxe:IScsiConfig.obj
 0002:00001b18       ??_C@_1CI@LMPBJGDM@?$AAI?$AAn?$AAv?$AAa?$AAl?$AAi?$AAd?$AA?5?$AAI?$AAP?$AA?5?$AAa?$AAd?$AAd?$AAr?$AAe?$AAs?$AAs?$AA?$CB?$AA?$AA@ 000000000001a078     IScsiDxe:IScsiConfig.obj
 0002:00001b40       ??_C@_1CK@EKOBMLHN@?$AAI?$AAn?$AAv?$AAa?$AAl?$AAi?$AAd?$AA?5?$AAS?$AAu?$AAb?$AAn?$AAe?$AAt?$AA?5?$AAM?$AAa?$AAs?$AAk?$AA?$CB?$AA?$AA@ 000000000001a0a0     IScsiDxe:IScsiConfig.obj
 0002:00001b70       ??_C@_1CC@EECKCHGK@?$AAI?$AAn?$AAv?$AAa?$AAl?$AAi?$AAd?$AA?5?$AAG?$AAa?$AAt?$AAe?$AAw?$AAa?$AAy?$AA?$CB?$AA?$AA@ 000000000001a0d0     IScsiDxe:IScsiConfig.obj
 0002:00001b98       ??_C@_1CI@GPNFKPNE@?$AAI?$AAn?$AAv?$AAa?$AAl?$AAi?$AAd?$AA?5?$AAi?$AAS?$AAC?$AAS?$AAI?$AA?5?$AAN?$AAa?$AAm?$AAe?$AA?$CB?$AA?$AA@ 000000000001a0f8     IScsiDxe:IScsiConfig.obj
 0002:00001bc0       ??_C@_1KA@DCMDPHDG@?$AAI?$AAn?$AAv?$AAa?$AAl?$AAi?$AAd?$AA?5?$AAL?$AAU?$AAN?$AA?5?$AAs?$AAt?$AAr?$AAi?$AAn?$AAg?$AA?0?$AA?5?$AAE?$AAx?$AAa?$AAm?$AAp?$AAl?$AAe?$AAs?$AA?5?$AAa?$AAr?$AAe@ 000000000001a120     IScsiDxe:IScsiConfig.obj
 0002:00001c60       ??_C@_1CM@KIGHCEPH@?$AAC?$AAH?$AAA?$AAP?$AA?5?$AAN?$AAa?$AAm?$AAe?$AA?5?$AAi?$AAs?$AA?5?$AAi?$AAn?$AAv?$AAa?$AAl?$AAi?$AAd?$AA?$CB?$AA?$AA@ 000000000001a1c0     IScsiDxe:IScsiConfig.obj
 0002:00001c90       ??_C@_1HE@GHDDKPP@?$AAI?$AAn?$AAv?$AAa?$AAl?$AAi?$AAd?$AA?5?$AAC?$AAo?$AAn?$AAf?$AAi?$AAg?$AAu?$AAr?$AAa?$AAt?$AAi?$AAo?$AAn?$AA?0?$AA?5?$AAC?$AAh?$AAe?$AAc?$AAk?$AA?5?$AAv?$AAa?$AAl@ 000000000001a1f0     IScsiDxe:IScsiConfig.obj
 0002:00001d10       ??_C@_1JO@IECLLNNM@?$AAT?$AAh?$AAe?$AA?5?$AAC?$AAh?$AAa?$AAp?$AA?5?$AAS?$AAe?$AAc?$AAr?$AAe?$AAt?$AA?5?$AAm?$AAi?$AAn?$AAi?$AAm?$AAu?$AAm?$AA?5?$AAl?$AAe?$AAn?$AAg?$AAt?$AAh?$AA?5?$AAi@ 000000000001a270     IScsiDxe:IScsiConfig.obj
 0002:00001db0       ??_C@_1DM@EBKLMKDD@?$AAR?$AAe?$AAv?$AAe?$AAr?$AAs?$AAe?$AA?5?$AAC?$AAH?$AAA?$AAP?$AA?5?$AAN?$AAa?$AAm?$AAe?$AA?5?$AAi?$AAs?$AA?5?$AAi?$AAn?$AAv?$AAa?$AAl?$AAi?$AAd?$AA?$CB?$AA?$AA@ 000000000001a310     IScsiDxe:IScsiConfig.obj
 0002:00001df0       ??_C@_1IO@JOOAFOHI@?$AAI?$AAn?$AAv?$AAa?$AAl?$AAi?$AAd?$AA?5?$AAC?$AAo?$AAn?$AAf?$AAi?$AAg?$AAu?$AAr?$AAa?$AAt?$AAi?$AAo?$AAn?$AA?0?$AA?5?$AAC?$AAh?$AAe?$AAc?$AAk?$AA?5?$AAv?$AAa?$AAl@ 000000000001a350     IScsiDxe:IScsiConfig.obj
 0002:00001e80       ??_C@_1KO@GCLOJAIA@?$AAT?$AAh?$AAe?$AA?5?$AAR?$AAe?$AAv?$AAe?$AAr?$AAs?$AAe?$AA?5?$AAC?$AAH?$AAA?$AAP?$AA?5?$AAS?$AAe?$AAc?$AAr?$AAe?$AAt?$AA?5?$AAm?$AAi?$AAn?$AAi?$AAm?$AAu?$AAm?$AA?5@ 000000000001a3e0     IScsiDxe:IScsiConfig.obj
 0002:00001f30       ??_C@_1O@NBNBLPAP@?$AAM?$AAA?$AAC?$AA?5?$AA?$CF?$AAs?$AA?$AA@ 000000000001a490     IScsiDxe:IScsiConfig.obj
 0002:00001f40       ??_C@_1DO@OOHFBPEO@?$AAP?$AAF?$AAA?$AA?3?$AA?5?$AAB?$AAu?$AAs?$AA?5?$AA?$CF?$AAd?$AA?5?$AA?$HM?$AA?5?$AAD?$AAe?$AAv?$AA?5?$AA?$CF?$AAd?$AA?5?$AA?$HM?$AA?5?$AAF?$AAu?$AAn?$AAc?$AA?5?$AA?$CF?$AAd?$AA?$AA@ 000000000001a4a0     IScsiDxe:IScsiConfig.obj
 0002:00001f80       ??_C@_0CC@PIBHJFDN@StartOpCodeHandle?5?$CB?$DN?5?$CI?$CIvoid?5?$CK?$CJ?50@ 000000000001a4e0     IScsiDxe:IScsiConfig.obj
 0002:00001fa8       ??_C@_0CA@MFFPKHJH@Index?5?$DN?$DN?5mPrivate?9?$DOAttemptCount?$AA@ 000000000001a508     IScsiDxe:IScsiConfig.obj
 0002:00001fd0       ??_C@_1KO@CMAFGNCI@?$AAC?$AAa?$AAn?$AA?5?$AAn?$AAo?$AAt?$AA?5?$AAc?$AAr?$AAe?$AAa?$AAt?$AAe?$AA?5?$AAm?$AAo?$AAr?$AAe?$AA?5?$AAa?$AAt?$AAt?$AAe?$AAm?$AAp?$AAt?$AAs?$AA?0?$AA?5?$AAP?$AAl@ 000000000001a530     IScsiDxe:IScsiConfig.obj
 0002:00002080       ??_C@_0CC@NCPBIMNJ@AttemptConfigData?5?$CB?$DN?5?$CI?$CIvoid?5?$CK?$CJ?50@ 000000000001a5e0     IScsiDxe:IScsiConfig.obj
 0002:000020b0       ??_C@_1FA@BNOKFEIK@?$AAM?$AAA?$AAC?$AA?3?$AA?5?$AA?$CF?$AAs?$AA?0?$AA?5?$AAP?$AAF?$AAA?$AA?3?$AA?5?$AAB?$AAu?$AAs?$AA?5?$AA?$CF?$AAd?$AA?5?$AA?$HM?$AA?5?$AAD?$AAe?$AAv?$AA?5?$AA?$CF?$AAd?$AA?5?$AA?$HM?$AA?5@ 000000000001a610     IScsiDxe:IScsiConfig.obj
 0002:00002100       ??_C@_0DI@KOIDKGNG@Corresponding?5configuration?5data@ 000000000001a660     IScsiDxe:IScsiConfig.obj
 0002:00002138       ??_C@_1O@LFMAFHMH@?$AAO?$AAF?$AAF?$AAS?$AAE?$AAT?$AA?$AA@ 000000000001a698     IScsiDxe:IScsiConfig.obj
 0002:00002148       ??_C@_1DC@EPJEBJEB@?$AA?$CF?$AAs?$AA?$CG?$AAO?$AAF?$AAF?$AAS?$AAE?$AAT?$AA?$DN?$AA0?$AA?$CG?$AAW?$AAI?$AAD?$AAT?$AAH?$AA?$DN?$AA?$CF?$AA0?$AA1?$AA6?$AAL?$AAX?$AA?$AA@ 000000000001a6a8     IScsiDxe:IScsiConfig.obj
 0002:00002180       ??_C@_1BC@KLGPJAMP@?$AA?$CG?$AAO?$AAF?$AAF?$AAS?$AAE?$AAT?$AA?$DN?$AA?$AA@ 000000000001a6e0     IScsiDxe:IScsiConfig.obj
 0002:000021a0       ??_C@_1GI@FGGMGBGN@?$AAE?$AAr?$AAr?$AAo?$AAr?$AA?3?$AA?5?$AAp?$AAl?$AAe?$AAa?$AAs?$AAe?$AA?5?$AAc?$AAo?$AAn?$AAf?$AAi?$AAg?$AAu?$AAr?$AAe?$AA?5?$AAi?$AAS?$AAC?$AAS?$AAI?$AA?5?$AAi?$AAn@ 000000000001a700     IScsiDxe:IScsiConfig.obj
 0002:00002210       ??_C@_1EO@FLPILACC@?$AAE?$AAr?$AAr?$AAo?$AAr?$AA?3?$AA?5?$AAT?$AAh?$AAe?$AA?5?$AAa?$AAd?$AAd?$AA?5?$AAa?$AAt?$AAt?$AAe?$AAm?$AAp?$AAt?$AA?5?$AAl?$AAi?$AAs?$AAt?$AA?5?$AAi?$AAs?$AA?5?$AAi@ 000000000001a770     IScsiDxe:IScsiConfig.obj
 0002:00002260       ??_C@_1FE@DJKEEMLI@?$AAE?$AAr?$AAr?$AAo?$AAr?$AA?3?$AA?5?$AAT?$AAh?$AAe?$AA?5?$AAd?$AAe?$AAl?$AAe?$AAt?$AAe?$AA?5?$AAa?$AAt?$AAt?$AAe?$AAm?$AAp?$AAt?$AA?5?$AAl?$AAi?$AAs?$AAt?$AA?5?$AAi@ 000000000001a7c0     IScsiDxe:IScsiConfig.obj
 0002:000022c0       ??_C@_1FK@DCGFDFEP@?$AAE?$AAr?$AAr?$AAo?$AAr?$AA?3?$AA?5?$AAT?$AAh?$AAe?$AA?5?$AAn?$AAe?$AAw?$AA?5?$AAa?$AAt?$AAt?$AAe?$AAm?$AAp?$AAt?$AA?5?$AAo?$AAr?$AAd?$AAe?$AAr?$AA?5?$AAl?$AAi?$AAs@ 000000000001a820     IScsiDxe:IScsiConfig.obj
 0002:00002320       ??_C@_1EE@FFBFOLIE@?$AAC?$AAu?$AAr?$AAr?$AAe?$AAn?$AAt?$AA?5?$AAN?$AAI?$AAC?$AA?5?$AAd?$AAo?$AAe?$AAs?$AAn?$AA?8?$AAt?$AA?5?$AAS?$AAu?$AAp?$AAp?$AAo?$AAr?$AAt?$AA?5?$AAI?$AAP?$AAv?$AA6@ 000000000001a880     IScsiDxe:IScsiConfig.obj
 0002:00002368       ??_C@_1CI@GENBJJAB@?$AAI?$AAn?$AAv?$AAa?$AAl?$AAi?$AAd?$AA?5?$AAL?$AAU?$AAN?$AA?5?$AAs?$AAt?$AAr?$AAi?$AAn?$AAg?$AA?$CB?$AA?$AA@ 000000000001a8c8     IScsiDxe:IScsiConfig.obj
 0002:00002390       ??_C@_0BM@FGCLBLHH@mPrivate?9?$DOAttemptCount?5?$DN?$DN?50?$AA@ 000000000001a8f0     IScsiDxe:IScsiConfig.obj
 0002:000023b0       ??_C@_0BI@MEJLBIAC@mPrivate?9?$DONicCount?5?$DN?$DN?50?$AA@ 000000000001a910     IScsiDxe:IScsiConfig.obj
 0002:000023d0       ??_C@_0EH@NJGCLBKC@The?5configuration?5of?5Target?5addr@ 000000000001a930     IScsiDxe:IScsiProto.obj
 0002:00002420       ??_C@_0EC@DDFIKPBA@c?3?2users?2mliang2x?2workspace?2edk2@ 000000000001a980     IScsiDxe:IScsiProto.obj
 0002:00002468       ??_C@_0BE@OAEFJCLC@Pdu?5?$CB?$DN?5?$CI?$CIvoid?5?$CK?$CJ?50?$CJ?$AA@ 000000000001a9c8     IScsiDxe:IScsiProto.obj
 0002:00002480       ??_C@_0O@DMHNKPDD@TargetAddress?$AA@ 000000000001a9e0     IScsiDxe:IScsiProto.obj
 0002:00002490       ??_C@_0BE@MAANAFFD@Arg?5?$CB?$DN?5?$CI?$CIvoid?5?$CK?$CJ?50?$CJ?$AA@ 000000000001a9f0     IScsiDxe:IScsiProto.obj
 0002:000024a8       ??_C@_0N@LDJCJGDI@HeaderDigest?$AA@ 000000000001aa08     IScsiDxe:IScsiProto.obj
 0002:000024b8       ??_C@_05MHNOECFO@CRC32?$AA@ 000000000001aa18     IScsiDxe:IScsiProto.obj
 0002:000024c0       ??_C@_0L@NIHDLAKD@DataDigest?$AA@ 000000000001aa20     IScsiDxe:IScsiProto.obj
 0002:000024d0       ??_C@_0BD@OAAHBPKN@ErrorRecoveryLevel?$AA@ 000000000001aa30     IScsiDxe:IScsiProto.obj
 0002:000024e8       ??_C@_0L@DHPBNECN@InitialR2T?$AA@ 000000000001aa48     IScsiDxe:IScsiProto.obj
 0002:000024f4       ??_C@_03CCLAEDDF@Yes?$AA@  000000000001aa54     IScsiDxe:IScsiProto.obj
 0002:000024f8       ??_C@_0O@GKGOMOLB@ImmediateData?$AA@ 000000000001aa58     IScsiDxe:IScsiProto.obj
 0002:00002508       ??_C@_0BJ@FCLHOFCN@MaxRecvDataSegmentLength?$AA@ 000000000001aa68     IScsiDxe:IScsiProto.obj
 0002:00002528       ??_C@_0P@KOEHAIP@MaxBurstLength?$AA@ 000000000001aa88     IScsiDxe:IScsiProto.obj
 0002:00002538       ??_C@_0BB@IPNJPAAG@FirstBurstLength?$AA@ 000000000001aa98     IScsiDxe:IScsiProto.obj
 0002:00002550       ??_C@_0P@DDHINENC@MaxConnections?$AA@ 000000000001aab0     IScsiDxe:IScsiProto.obj
 0002:00002560       ??_C@_0P@BAPPFDGI@DataPDUInOrder?$AA@ 000000000001aac0     IScsiDxe:IScsiProto.obj
 0002:00002570       ??_C@_0BE@KICALKDN@DataSequenceInOrder?$AA@ 000000000001aad0     IScsiDxe:IScsiProto.obj
 0002:00002588       ??_C@_0BB@HADJICGK@DefaultTime2Wait?$AA@ 000000000001aae8     IScsiDxe:IScsiProto.obj
 0002:000025a0       ??_C@_0BD@BGMCDOLB@DefaultTime2Retain?$AA@ 000000000001ab00     IScsiDxe:IScsiProto.obj
 0002:000025b8       ??_C@_0BC@HPPCAHHC@MaxOutstandingR2T?$AA@ 000000000001ab18     IScsiDxe:IScsiProto.obj
 0002:000025d0       ??_C@_0M@PDHAICBK@TargetAlias?$AA@ 000000000001ab30     IScsiDxe:IScsiProto.obj
 0002:000025e0       ??_C@_0L@LNPOJIAE@None?0CRC32?$AA@ 000000000001ab40     IScsiDxe:IScsiProto.obj
 0002:000025ec       ??_C@_02ECNOPIAA@?$CFa?$AA@ 000000000001ab4c     IScsiDxe:IScsiProto.obj
 0002:000025f0       ??_C@_02JINPPBEP@No?$AA@   000000000001ab50     IScsiDxe:IScsiProto.obj
 0002:000025f4       ??_C@_04DHDCDFCB@iqn?4?$AA@ 000000000001ab54     IScsiDxe:IScsiProto.obj
 0002:00002600       ??_C@_0BE@CLBLKENM@Tcb?5?$CB?$DN?5?$CI?$CIvoid?5?$CK?$CJ?50?$CJ?$AA@ 000000000001ab60     IScsiDxe:IScsiProto.obj
 0002:00002618       ??_C@_0BE@MNMOFMCK@Session?9?$DOState?5?$CB?$DN?50?$AA@ 000000000001ab78     IScsiDxe:IScsiProto.obj
 0002:00002630       ??_C@_0BP@GEGOHMJ@?$CBIsListEmpty?5?$CI?$CGSession?9?$DOConns?$CJ?$AA@ 000000000001ab90     IScsiDxe:IScsiProto.obj
 0002:00002650       ??_C@_1O@PFAMAPCJ@?$AAI?$AA_?$AAN?$AAA?$AAM?$AAE?$AA?$AA@ 000000000001abb0     IScsiDxe:IScsiInitiatorName.obj
 0002:00002660       ??_C@_0CI@PJANFIEL@Attempt?9?$DOSessionConfigData?4Enabl@ 000000000001abc0     IScsiDxe:IScsiIbft.obj
 0002:00002690       ??_C@_0EB@EHAGKKMH@c?3?2users?2mliang2x?2workspace?2edk2@ 000000000001abf0     IScsiDxe:IScsiIbft.obj
 0002:000026d8       ??_C@_0BC@FEDIJHFF@?$CI?$CIBOOLEAN?$CJ?$CI0?$DN?$DN1?$CJ?$CJ?$AA@ 000000000001ac38     IScsiDxe:IScsiIbft.obj
 0002:000026ec       ??_C@_06DELMHKOB@iscsi?3?$AA@ 000000000001ac4c     IScsiDxe:IScsiDhcp6.obj
 0002:000026f8       ??_C@_0DA@NKGOKBK@?6?5?5Error?3?5Could?5not?5detect?5netwo@ 000000000001ac58     IScsiDxe:IScsiDhcp6.obj
 0002:00002730       ??_C@_0EM@OHHFFIDO@c?3?2users?2mliang2x?2workspace?2edk2@ 000000000001ac90     IScsiDxe:IScsiExtScsiPassThru.obj
 0002:00002780       ??_C@_0ED@MKGCMJG@?$CILength?5?9?51?$CJ?5?$DM?$DN?5?$CI0xFFFFFFFFFFFFF@ 000000000001ace0     BaseMemoryLibRepStr:CopyMemWrapper.obj
 0002:000027d0       ??_C@_0FF@LLAFLLDM@c?3?2users?2mliang2x?2workspace?2edk2@ 000000000001ad30     BaseMemoryLibRepStr:CopyMemWrapper.obj
 0002:00002828       ??_C@_0DO@MAOBOFEG@?$CILength?5?9?51?$CJ?5?$DM?$DN?5?$CI0xFFFFFFFFFFFFF@ 000000000001ad88     BaseMemoryLibRepStr:CopyMemWrapper.obj
 0002:00002868       ??_C@_0DG@EEENIGGL@Length?5?$DM?$DN?5?$CI0xFFFFFFFFFFFFFFFFULL@ 000000000001adc8     BaseMemoryLibRepStr:MemLibGuid.obj
 0002:000028a0       ??_C@_0CC@JOEHDGKB@DestinationBuffer?5?$CB?$DN?5?$CI?$CIvoid?5?$CK?$CJ?50@ 000000000001ae00     BaseMemoryLibRepStr:CompareMemWrapper.obj
 0002:000028d0       ??_C@_0FI@NCCCHAEB@c?3?2users?2mliang2x?2workspace?2edk2@ 000000000001ae30     BaseMemoryLibRepStr:CompareMemWrapper.obj
 0002:00002928       ??_C@_0BN@MDMCNBCC@SourceBuffer?5?$CB?$DN?5?$CI?$CIvoid?5?$CK?$CJ?50?$CJ?$AA@ 000000000001ae88     BaseMemoryLibRepStr:CompareMemWrapper.obj
 0002:00002948       ??_C@_0BH@IACGKAP@Buffer?5?$CB?$DN?5?$CI?$CIvoid?5?$CK?$CJ?50?$CJ?$AA@ 000000000001aea8     BaseMemoryLibRepStr:ZeroMemWrapper.obj
 0002:00002960       ??_C@_0FF@PKHNKPL@c?3?2users?2mliang2x?2workspace?2edk2@ 000000000001aec0     BaseMemoryLibRepStr:ZeroMemWrapper.obj
 0002:000029b8       ??_C@_0DI@DAGDPLPG@?$CILength?5?9?51?$CJ?5?$DM?$DN?5?$CI0xFFFFFFFFFFFFF@ 000000000001af18     BaseMemoryLibRepStr:SetMemWrapper.obj
 0002:000029f0       ??_C@_0FE@OAGIONNJ@c?3?2users?2mliang2x?2workspace?2edk2@ 000000000001af50     BaseMemoryLibRepStr:SetMemWrapper.obj
 0002:00002a48       ??_C@_0CO@LECKNDNC@?$CI?$CI?$CIUINTN?$CJBuffer?$CJ?5?$CG?5?$CIsizeof?5?$CIValu@ 000000000001afa8     BaseMemoryLibRepStr:SetMem64Wrapper.obj
 0002:00002a78       ??_C@_0CF@LEICOABD@?$CILength?5?$CG?5?$CIsizeof?5?$CIValue?$CJ?5?9?51?$CJ?$CJ?5@ 000000000001afd8     BaseMemoryLibRepStr:SetMem64Wrapper.obj
 0002:00002aa0       ??_C@_0BF@NJNGJMPC@List?5?$CB?$DN?5?$CI?$CIvoid?5?$CK?$CJ?50?$CJ?$AA@ 000000000001b000     BaseLib:LinkedList.obj
 0002:00002ac0       ??_C@_0EF@PHMLHICE@c?3?2users?2mliang2x?2workspace?2edk2@ 000000000001b020     BaseLib:LinkedList.obj
 0002:00002b08       ??_C@_0CC@KDLPLAED@List?9?$DOForwardLink?5?$CB?$DN?5?$CI?$CIvoid?5?$CK?$CJ?50@ 000000000001b068     BaseLib:LinkedList.obj
 0002:00002b30       ??_C@_0BP@IJJCCMAK@List?9?$DOBackLink?5?$CB?$DN?5?$CI?$CIvoid?5?$CK?$CJ?50?$CJ?$AA@ 000000000001b090     BaseLib:LinkedList.obj
 0002:00002b50       ??_C@_0BJ@NJABNCDK@ListHead?5?$CB?$DN?5?$CI?$CIvoid?5?$CK?$CJ?50?$CJ?$AA@ 000000000001b0b0     BaseLib:LinkedList.obj
 0002:00002b70       ??_C@_0CG@LGIALJFK@InternalBaseLibIsListValid?5?$CIList@ 000000000001b0d0     BaseLib:LinkedList.obj
 0002:00002b98       ??_C@_0BF@NMBJJECB@?$CBIsListEmpty?5?$CIEntry?$CJ?$AA@ 000000000001b0f8     BaseLib:LinkedList.obj
 0002:00002bb0       ??_C@_0BH@MAAHKCPC@String?5?$CB?$DN?5?$CI?$CIvoid?5?$CK?$CJ?50?$CJ?$AA@ 000000000001b110     BaseLib:String.obj
 0002:00002bd0       ??_C@_0EB@OHCINBMP@c?3?2users?2mliang2x?2workspace?2edk2@ 000000000001b130     BaseLib:String.obj
 0002:00002c18       ??_C@_0CC@GFNLNIOC@?$CI?$CIUINTN?$CJString?5?$CG?50x00000001?$CJ?5?$DN?$DN?5@ 000000000001b178     BaseLib:String.obj
 0002:00002c40       ??_C@_0DK@EOJCOAME@Length?5?$DM?5_gPcd_FixedAtBuild_PcdM@ 000000000001b1a0     BaseLib:String.obj
 0002:00002c80       ??_C@_0BL@JAAMOCAJ@StrSize?5?$CIFirstString?$CJ?5?$CB?$DN?50?$AA@ 000000000001b1e0     BaseLib:String.obj
 0002:00002ca0       ??_C@_0BM@DALBOILC@StrSize?5?$CISecondString?$CJ?5?$CB?$DN?50?$AA@ 000000000001b200     BaseLib:String.obj
 0002:00002cc0       ??_C@_0DL@LFIMEMJP@Length?5?$DM?$DN?5_gPcd_FixedAtBuild_Pcd@ 000000000001b220     BaseLib:String.obj
 0002:00002d00       ??_C@_0BG@KBNOLIGE@StrSize?5?$CIString?$CJ?5?$CB?$DN?50?$AA@ 000000000001b260     BaseLib:String.obj
 0002:00002d18       ??_C@_0BM@NNBLOHJD@StrSize?5?$CISearchString?$CJ?5?$CB?$DN?50?$AA@ 000000000001b278     BaseLib:String.obj
 0002:00002d38       ??_C@_0DI@MDIKFADO@Length?5?$DM?5_gPcd_FixedAtBuild_PcdM@ 000000000001b298     BaseLib:String.obj
 0002:00002d70       ??_C@_0BL@IKFBNFIL@AsciiStrSize?5?$CIFirstString?$CJ?$AA@ 000000000001b2d0     BaseLib:String.obj
 0002:00002d90       ??_C@_0BM@EDNOKLLE@AsciiStrSize?5?$CISecondString?$CJ?$AA@ 000000000001b2f0     BaseLib:String.obj
 0002:00002db0       ??_C@_0DJ@JJHGIFMP@Length?5?$DM?$DN?5_gPcd_FixedAtBuild_Pcd@ 000000000001b310     BaseLib:String.obj
 0002:00002df0       ??_C@_0EF@MFKKFBPN@c?3?2users?2mliang2x?2workspace?2edk2@ 000000000001b350     BaseLib:SafeString.obj
 0002:00002e38       ??_C@_0CH@LALFPBMC@?$CI?$CIUINTN?$CJDestination?5?$CG?50x00000001@ 000000000001b398     BaseLib:SafeString.obj
 0002:00002e60       ??_C@_0CC@HEBCMBPF@?$CI?$CIUINTN?$CJSource?5?$CG?50x00000001?$CJ?5?$DN?$DN?5@ 000000000001b3c0     BaseLib:SafeString.obj
 0002:00002e88       ??_C@_0BO@ECNIOIHG@?$CIDestination?5?$CB?$DN?5?$CI?$CIvoid?5?$CK?$CJ?50?$CJ?$CJ?$AA@ 000000000001b3e8     BaseLib:SafeString.obj
 0002:00002ea8       ??_C@_07KBGDFDAM@StrCpyS?$AA@ 000000000001b408     BaseLib:SafeString.obj
 0002:00002eb0       ??_C@_0EA@PDPDJJNN@?$CFa?$CI?$CFd?$CJ?5?$CFa?3?5SAFE_STRING_CONSTRAIN@ 000000000001b410     BaseLib:SafeString.obj
 0002:00002ef0       ??_C@_0BJ@EAEEJIP@?$CISource?5?$CB?$DN?5?$CI?$CIvoid?5?$CK?$CJ?50?$CJ?$CJ?$AA@ 000000000001b450     BaseLib:SafeString.obj
 0002:00002f10       ??_C@_0EA@BBALOHPI@?$CIDestMax?5?$DM?$DN?5?$CI_gPcd_FixedAtBuild_@ 000000000001b470     BaseLib:SafeString.obj
 0002:00002f50       ??_C@_0P@PMIMLIHM@?$CIDestMax?5?$CB?$DN?50?$CJ?$AA@ 000000000001b4b0     BaseLib:SafeString.obj
 0002:00002f60       ??_C@_0BG@EEGIIOKH@?$CIDestMax?5?$DO?5SourceLen?$CJ?$AA@ 000000000001b4c0     BaseLib:SafeString.obj
 0002:00002f80       ??_C@_0FH@PPBLBDBJ@InternalSafeStringNoStrOverlap?5?$CI@ 000000000001b4e0     BaseLib:SafeString.obj
 0002:00002fd8       ??_C@_08INOAHJON@StrnCpyS?$AA@ 000000000001b538     BaseLib:SafeString.obj
 0002:00002fe8       ??_C@_0DP@PBOJGJC@?$CILength?5?$DM?$DN?5?$CI_gPcd_FixedAtBuild_P@ 000000000001b548     BaseLib:SafeString.obj
 0002:00003028       ??_C@_07EBBOPAKF@StrCatS?$AA@ 000000000001b588     BaseLib:SafeString.obj
 0002:00003030       ??_C@_0P@BHOOOJPD@?$CICopyLen?5?$CB?$DN?50?$CJ?$AA@ 000000000001b590     BaseLib:SafeString.obj
 0002:00003040       ??_C@_0BG@BPGICNPK@?$CICopyLen?5?$DO?5SourceLen?$CJ?$AA@ 000000000001b5a0     BaseLib:SafeString.obj
 0002:00003058       ??_C@_0BJ@MBBOBCLN@?$CIString?5?$CB?$DN?5?$CI?$CIvoid?5?$CK?$CJ?50?$CJ?$CJ?$AA@ 000000000001b5b8     BaseLib:SafeString.obj
 0002:00003078       ??_C@_0BD@NNBAKNOF@StrDecimalToUintnS?$AA@ 000000000001b5d8     BaseLib:SafeString.obj
 0002:00003090       ??_C@_0BH@JPMEDPAI@?$CIData?5?$CB?$DN?5?$CI?$CIvoid?5?$CK?$CJ?50?$CJ?$CJ?$AA@ 000000000001b5f0     BaseLib:SafeString.obj
 0002:000030b0       ??_C@_0IC@CFBPEAPC@?$CIStrnLenS?5?$CIString?0?5?$CI_gPcd_FixedA@ 000000000001b610     BaseLib:SafeString.obj
 0002:00003138       ??_C@_0P@FDCJFGP@StrHexToUintnS?$AA@ 000000000001b698     BaseLib:SafeString.obj
 0002:00003148       ??_C@_0BA@PLPLKCD@StrHexToUint64S?$AA@ 000000000001b6a8     BaseLib:SafeString.obj
 0002:00003158       ??_C@_0BK@PFCDEPEA@?$CIAddress?5?$CB?$DN?5?$CI?$CIvoid?5?$CK?$CJ?50?$CJ?$CJ?$AA@ 000000000001b6b8     BaseLib:SafeString.obj
 0002:00003180       ??_C@_0EK@OFPBBCEA@AddressIndex?5?$CL?51?5?$DM?5?$CIsizeof?5?$CIAddr@ 000000000001b6e0     BaseLib:SafeString.obj
 0002:000031d0       ??_C@_0BB@JCLCGCPJ@StrToIpv4Address?$AA@ 000000000001b730     BaseLib:SafeString.obj
 0002:000031e8       ??_C@_0BJ@CNKJJNE@?$CIBuffer?5?$CB?$DN?5?$CI?$CIvoid?5?$CK?$CJ?50?$CJ?$CJ?$AA@ 000000000001b748     BaseLib:SafeString.obj
 0002:00003208       ??_C@_0N@OMPODJLB@AsciiStrCpyS?$AA@ 000000000001b768     BaseLib:SafeString.obj
 0002:00003218       ??_C@_0DO@LJFOOPII@?$CIDestMax?5?$DM?$DN?5?$CI_gPcd_FixedAtBuild_@ 000000000001b778     BaseLib:SafeString.obj
 0002:00003260       ??_C@_0FL@CDANCHFO@InternalSafeStringNoAsciiStrOver@ 000000000001b7c0     BaseLib:SafeString.obj
 0002:000032c0       ??_C@_0BI@GIIHIIN@AsciiStrDecimalToUintnS?$AA@ 000000000001b820     BaseLib:SafeString.obj
 0002:000032e0       ??_C@_0ID@JMCCGBLD@?$CIAsciiStrnLenS?5?$CIString?0?5?$CI_gPcd_F@ 000000000001b840     BaseLib:SafeString.obj
 0002:00003368       ??_C@_0BE@KNBHPEHC@AsciiStrHexToUintnS?$AA@ 000000000001b8c8     BaseLib:SafeString.obj
 0002:00003380       ??_C@_0BF@GMBBPDJL@AsciiStrHexToUint64S?$AA@ 000000000001b8e0     BaseLib:SafeString.obj
 0002:00003398       ??_C@_0BG@ECBHNCII@UnicodeStrToAsciiStrS?$AA@ 000000000001b8f8     BaseLib:SafeString.obj
 0002:000033b0       ??_C@_0GH@OGMKEJDK@?$CBInternalSafeStringIsOverlap?5?$CIDe@ 000000000001b910     BaseLib:SafeString.obj
 0002:00003418       ??_C@_0BA@MFHLDCJH@?$CKSource?5?$DM?50x100?$AA@ 000000000001b978     BaseLib:SafeString.obj
 0002:00003428       ??_C@_0BG@MFINJFHO@AsciiStrToUnicodeStrS?$AA@ 000000000001b988     BaseLib:SafeString.obj
 0002:00003440       ??_C@_0GF@GCLJAOAI@?$CBInternalSafeStringIsOverlap?5?$CIDe@ 000000000001b9a0     BaseLib:SafeString.obj
 0002:000034a8       ??_C@_0BG@HJJNNPII@AsciiStrToIpv6Address?$AA@ 000000000001ba08     BaseLib:SafeString.obj
 0002:000034c0       ??_C@_0BG@FHGLPHAO@AsciiStrToIpv4Address?$AA@ 000000000001ba20     BaseLib:SafeString.obj
 0002:000034e0       ??_C@_0ED@GJHPOIEN@c?3?2users?2mliang2x?2workspace?2edk2@ 000000000001ba40     BaseLib:CheckSum.obj
 0002:00003528       ??_C@_0DI@FAOGOFLE@Length?5?$DM?$DN?5?$CI0xFFFFFFFFFFFFFFFFULL@ 000000000001ba88     BaseLib:CheckSum.obj
 0002:00003560       ??_C@_0EE@FAJFAODK@c?3?2users?2mliang2x?2workspace?2edk2@ 000000000001bac0     BaseLib:Unaligned.obj
 0002:000035a8       ??_C@_0N@KGHEHMDL@Divisor?5?$CB?$DN?50?$AA@ 000000000001bb08     BaseLib:DivU64x32.obj
 0002:000035b8       ??_C@_0CI@BGLNHBLM@?$CI?$CI?$CIUINTN?$CJ?5?$CIStartOfBuffer?$CJ?$CJ?5?$CG?50x0@ 000000000001bb18     BasePrintLib:PrintLib.obj
 0002:000035e0       ??_C@_0EI@PHEOPKNG@c?3?2users?2mliang2x?2workspace?2edk2@ 000000000001bb40     BasePrintLib:PrintLib.obj
 0002:00003628       ??_C@_0CH@KJLBGOBB@?$CI?$CI?$CIUINTN?$CJ?5?$CIFormatString?$CJ?$CJ?5?$CG?50x01@ 000000000001bb88     BasePrintLib:PrintLib.obj
 0002:00003650       ??_C@_0CB@LDBAOPMG@?$CI?$CI?$CIUINTN?$CJ?5?$CIBuffer?$CJ?$CJ?5?$CG?50x01?$CJ?5?$DN?$DN?50@ 000000000001bbb0     BasePrintLib:PrintLib.obj
 0002:00003680       ??_C@_0FA@JGMHCDLA@c?3?2users?2mliang2x?2workspace?2edk2@ 000000000001bbe0     BasePrintLib:PrintLibInternal.obj
 0002:000036d0       ??_C@_0EB@HDGIDCIO@?$CIBufferSize?5?$DM?$DN?5?$CI_gPcd_FixedAtBui@ 000000000001bc30     BasePrintLib:PrintLibInternal.obj
 0002:00003720       ??_C@_0FJ@HAEMOBLP@?$CIBufferSize?5?$DM?$DN?5?$CI_gPcd_FixedAtBui@ 000000000001bc80     BasePrintLib:PrintLibInternal.obj
 0002:00003780       ??_C@_0N@PNKFBKME@?$CIWidth?5?$DM?538?$CJ?$AA@ 000000000001bce0     BasePrintLib:PrintLibInternal.obj
 0002:00003790       ??_C@_0CI@HPJOGFNE@?$CIBufferSize?5?$DO?$DN?5?$CIWidth?5?$CL?51?$CJ?5?$CK?5Inc@ 000000000001bcf0     BasePrintLib:PrintLibInternal.obj
 0002:000037b8       ??_C@_0BJ@PPAKKDJG@?$CIFormat?5?$CB?$DN?5?$CI?$CIvoid?5?$CK?$CJ?50?$CJ?$CJ?$AA@ 000000000001bd18     BasePrintLib:PrintLibInternal.obj
 0002:000037e0       ??_C@_0ED@LPDDCECB@?$CIBufferSize?5?$DM?$DN?5?$CI_gPcd_FixedAtBui@ 000000000001bd40     BasePrintLib:PrintLibInternal.obj
 0002:00003830       ??_C@_0IM@BFJJFLGB@?$CIStrnLenS?5?$CI?$CICHAR16?5?$CK?$CJFormat?0?5?$CI_g@ 000000000001bd90     BasePrintLib:PrintLibInternal.obj
 0002:000038c0       ??_C@_0ID@PLGJGION@?$CIAsciiStrnLenS?5?$CIFormat?0?5?$CI_gPcd_F@ 000000000001be20     BasePrintLib:PrintLibInternal.obj
 0002:00003948       ??_C@_0O@MLOLIMFM@?$DMnull?5string?$DO?$AA@ 000000000001bea8     BasePrintLib:PrintLibInternal.obj
 0002:00003958       ??_C@_0M@BJJDNPHK@?$DMnull?5guid?$DO?$AA@ 000000000001beb8     BasePrintLib:PrintLibInternal.obj
 0002:00003968       ??_C@_0DB@PMLHLBMO@?$CF08x?9?$CF04x?9?$CF04x?9?$CF02x?$CF02x?9?$CF02x?$CF02x@ 000000000001bec8     BasePrintLib:PrintLibInternal.obj
 0002:000039a0       ??_C@_0M@LHGBCIKM@?$DMnull?5time?$DO?$AA@ 000000000001bf00     BasePrintLib:PrintLibInternal.obj
 0002:000039b0       ??_C@_0BK@FCPKCIDD@?$CF02d?1?$CF02d?1?$CF04d?5?5?$CF02d?3?$CF02d?$AA@ 000000000001bf10     BasePrintLib:PrintLibInternal.obj
 0002:000039cc       ??_C@_04JIMNDDED@?$CF08X?$AA@ 000000000001bf2c     BasePrintLib:PrintLibInternal.obj
 0002:000039d4       ??_C@_02PCIJFNDE@?$AN?6?$AA@ 000000000001bf34     BasePrintLib:PrintLibInternal.obj
 0002:000039d8       ??_C@_01LIIJDEN@?$AN?$AA@  000000000001bf38     BasePrintLib:PrintLibInternal.obj
 0002:000039e0       mWarningString             000000000001bf40     BasePrintLib:PrintLibInternal.obj
 0002:00003a80       mErrorString               000000000001bfe0     BasePrintLib:PrintLibInternal.obj
 0002:00003d40       mHexStr                    000000000001c2a0     BasePrintLib:PrintLibInternal.obj
 0002:00003d50       ??_C@_0BH@LKMBFCBF@Format?5?$CB?$DN?5?$CI?$CIvoid?5?$CK?$CJ?50?$CJ?$AA@ 000000000001c2b0     PlatformDebugLibIoPort:DebugLib.obj
 0002:00003d70       ??_C@_0FD@OABGLBHF@c?3?2users?2mliang2x?2workspace?2edk2@ 000000000001c2d0     PlatformDebugLibIoPort:DebugLib.obj
 0002:00003dc8       ??_C@_0BE@ECBJLCDE@ASSERT?5?$CFa?$CI?$CFLu?$CJ?3?5?$CFa?6?$AA@ 000000000001c328     PlatformDebugLibIoPort:DebugLib.obj
 0002:00003de0       ??_C@_0BN@COECPDCC@gImageHandle?5?$CB?$DN?5?$CI?$CIvoid?5?$CK?$CJ?50?$CJ?$AA@ 000000000001c340     UefiBootServicesTableLib:UefiBootServicesTableLib.obj
 0002:00003e00       ??_C@_0GE@FKBNDHHB@c?3?2users?2mliang2x?2workspace?2edk2@ 000000000001c360     UefiBootServicesTableLib:UefiBootServicesTableLib.obj
 0002:00003e68       ??_C@_0BE@DGNHAHIL@gST?5?$CB?$DN?5?$CI?$CIvoid?5?$CK?$CJ?50?$CJ?$AA@ 000000000001c3c8     UefiBootServicesTableLib:UefiBootServicesTableLib.obj
 0002:00003e80       ??_C@_0BE@BDFJLGLN@gBS?5?$CB?$DN?5?$CI?$CIvoid?5?$CK?$CJ?50?$CJ?$AA@ 000000000001c3e0     UefiBootServicesTableLib:UefiBootServicesTableLib.obj
[...]
 0005:000000c8       $unwind$IScsiCHAPAuthTarget 00000000000205a8     IScsiDxe:IScsiCHAP.obj
 0005:000000d8       $unwind$IScsiCHAPOnRspReceived 00000000000205b8     IScsiDxe:IScsiCHAP.obj
 0005:000000f4       $unwind$IScsiCHAPToSendReq 00000000000205d4     IScsiDxe:IScsiCHAP.obj
 0005:00000110       $unwind$IScsiCHAPInitHashList 00000000000205f0     IScsiDxe:IScsiCHAP.obj
 0005:00000128       $unwind$IScsiAsciiStrToLun 0000000000020608     IScsiDxe:IScsiMisc.obj
 0005:0000013c       $unwind$NetbufGetByte      000000000002061c     DxeNetLib:NetBuffer.obj
 0005:0000013c       $unwind$FreeUnicodeStringTable 000000000002061c     UefiLib:UefiLib.obj
 0005:0000013c       $unwind$IsLanguageSupported 000000000002061c     UefiLib:UefiLib.obj
 0005:0000013c       $unwind$HiiIsConfigHdrMatch 000000000002061c     UefiHiiLib:HiiLib.obj
 0005:0000013c       $unwind$CopyGuid           000000000002061c     BaseMemoryLibRepStr:MemLibGuid.obj
 0005:0000013c       $unwind$IScsiSessionAbort  000000000002061c     IScsiDxe:IScsiProto.obj
 0005:0000013c       $unwind$NetbufAllocStruct  000000000002061c     DxeNetLib:NetBuffer.obj
 0005:0000013c       $unwind$SetMem16           000000000002061c     BaseMemoryLibRepStr:SetMem16Wrapper.obj
 0005:0000013c       $unwind$IScsiAsciiStrToIp  000000000002061c     IScsiDxe:IScsiMisc.obj
 0005:0000013c       $unwind$IScsiConnReset     000000000002061c     IScsiDxe:IScsiProto.obj
 0005:0000013c       $unwind$SetMem             000000000002061c     BaseMemoryLibRepStr:SetMemWrapper.obj
 0005:0000013c       $unwind$AsciiStrnCmp       000000000002061c     BaseLib:String.obj
 0005:0000013c       $unwind$NetIp4IsUnicast    000000000002061c     DxeNetLib:DxeNetLib.obj
 0005:0000013c       $unwind$StrStr             000000000002061c     BaseLib:String.obj
 0005:0000013c       $unwind$IoWriteFifo8       000000000002061c     BaseIoLibIntrinsicSev:IoLibFifo.obj
 0005:0000013c       $unwind$NetblockTrim       000000000002061c     DxeNetLib:NetBuffer.obj
 0005:0000013c       $unwind$InternalHiiGrowOpCodeHandle 000000000002061c     UefiHiiLib:HiiLib.obj
 0005:0000013c       $unwind$NetbufAlloc        000000000002061c     DxeNetLib:NetBuffer.obj
 0005:0000013c       $unwind$StrLen             000000000002061c     BaseLib:String.obj
 0005:0000013c       $unwind$IScsiOnDataInRcvd  000000000002061c     IScsiDxe:IScsiProto.obj
 0005:0000013c       $unwind$StrCmp             000000000002061c     BaseLib:String.obj
 0005:0000013c       $unwind$InternalHiiAppendOpCodes 000000000002061c     UefiHiiLib:HiiLib.obj
 0005:0000013c       $unwind$NetLibGetNicHandle 000000000002061c     DxeNetLib:DxeNetLib.obj
 0005:0000013c       $unwind$PciCf8Read32       000000000002061c     BasePciCf8Lib:PciCf8Lib.obj
 0005:0000014c       $unwind$WriteUnaligned16   000000000002062c     BaseLib:Unaligned.obj
 0005:0000014c       $unwind$NetbufFreeVector   000000000002062c     DxeNetLib:NetBuffer.obj
 0005:0000014c       $unwind$IScsiCleanDriverData 000000000002062c     IScsiDxe:IScsiMisc.obj
 0005:0000014c       $unwind$WriteUnaligned32   000000000002062c     BaseLib:Unaligned.obj
 0005:0000014c       $unwind$IScsiInitIbfTableHeader 000000000002062c     IScsiDxe:IScsiIbft.obj
 0005:0000014c       $unwind$NetLibGetVlanId    000000000002062c     DxeNetLib:DxeNetLib.obj
 0005:0000014c       $unwind$IScsiAddHeapItem   000000000002062c     IScsiDxe:IScsiIbft.obj
 0005:0000014c       $unwind$IScsiMapV4ToV6Addr 000000000002062c     IScsiDxe:IScsiIbft.obj
 0005:0000014c       $unwind$AsciiStrLen        000000000002062c     BaseLib:String.obj
 0005:0000014c       $unwind$IScsiMacAddrToStr  000000000002062c     IScsiDxe:IScsiMisc.obj
 0005:0000014c       $unwind$AsciiStrCmp        000000000002062c     BaseLib:String.obj
 0005:0000014c       $unwind$IScsiSessionInit   000000000002062c     IScsiDxe:IScsiProto.obj
 0005:0000014c       $unwind$InternalAllocateCopyPool 000000000002062c     UefiMemoryAllocationLib:MemoryAllocationLib.obj
 0005:0000014c       $unwind$IpIsUnicast        000000000002062c     IScsiDxe:IScsiConfig.obj
 0005:0000014c       $unwind$ZeroMem            000000000002062c     BaseMemoryLibRepStr:ZeroMemWrapper.obj
 0005:0000014c       $unwind$SetDevicePathNodeLength 000000000002062c     UefiDevicePathLibDevicePathProtocol:UefiDevicePathLib.obj
 0005:0000014c       $unwind$IsDevicePathEnd    000000000002062c     UefiDevicePathLibDevicePathProtocol:UefiDevicePathLib.obj
 0005:0000014c       $unwind$CompareIso639LanguageCode 000000000002062c     UefiLib:UefiLib.obj
 0005:0000014c       $unwind$InsertTailList     000000000002062c     BaseLib:LinkedList.obj
 0005:0000014c       $unwind$StrnLenS           000000000002062c     BaseLib:SafeString.obj
 0005:0000014c       $unwind$HiiGetSupportedLanguages 000000000002062c     UefiHiiLib:HiiLanguage.obj
 0005:00000158       $unwind$IScsiHexToBin      0000000000020638     IScsiDxe:IScsiMisc.obj
 0005:0000016c       $unwind$IScsiGenRandom     000000000002064c     IScsiDxe:IScsiMisc.obj
 0005:0000017c       $unwind$IScsiCheckIpv6Support 000000000002065c     IScsiDxe:IScsiMisc.obj
 0005:00000190       $unwind$IScsiAddNic        0000000000020670     IScsiDxe:IScsiMisc.obj
 0005:000001a4       $unwind$IScsiRemoveNic     0000000000020684     IScsiDxe:IScsiMisc.obj
 0005:000001a4       $unwind$StrHexToUintnS     0000000000020684     BaseLib:SafeString.obj
 0005:000001b0       $unwind$IScsiCreateAttempts 0000000000020690     IScsiDxe:IScsiMisc.obj
 0005:000001c4       $unwind$IScsiCreateKeywords 00000000000206a4     IScsiDxe:IScsiMisc.obj
 0005:000001dc       $unwind$IScsiGetVariableAndSize 00000000000206bc     IScsiDxe:IScsiMisc.obj
 0005:000001f0       $unwind$IScsiExtScsiPassThruGetNextTargetLun 00000000000206d0     IScsiDxe:IScsiExtScsiPassThru.obj
 0005:000001f0       $unwind$EfiTestChildHandle 00000000000206d0     UefiLib:UefiLib.obj
 0005:000001f0       $unwind$IScsiConfigFormInit 00000000000206d0     IScsiDxe:IScsiConfig.obj
 0005:000001f0       $unwind$IScsiCreateDriverData 00000000000206d0     IScsiDxe:IScsiMisc.obj
 0005:000001f0       $unwind$UnicodeVSPrintAsciiFormat 00000000000206d0     BasePrintLib:PrintLib.obj
 0005:000001f0       $unwind$UnicodeValueToStringS 00000000000206d0     BasePrintLib:PrintLib.obj
 0005:00000200       $unwind$IScsiDhcpIsConfigured 00000000000206e0     IScsiDxe:IScsiMisc.obj
 0005:00000218       $unwind$IScsiDnsIsConfigured 00000000000206f8     IScsiDxe:IScsiMisc.obj
 0005:00000230       $unwind$IScsiGetConfigData 0000000000020710     IScsiDxe:IScsiMisc.obj
 0005:0000024c       $unwind$IScsiGetTcpConnDevicePath 000000000002072c     IScsiDxe:IScsiMisc.obj
 0005:00000260       $unwind$IScsiTestManagedDevice 0000000000020740     IScsiDxe:IScsiMisc.obj
 0005:00000260       $unwind$UnicodeVSPrint     0000000000020740     BasePrintLib:PrintLib.obj
 0005:00000274       $unwind$UpdateName         0000000000020754     IScsiDxe:ComponentName.obj
 0005:00000284       $unwind$IScsiComponentNameGetControllerName 0000000000020764     IScsiDxe:ComponentName.obj
 0005:00000298       $unwind$IScsiIpToStr       0000000000020778     IScsiDxe:IScsiConfig.obj
 0005:000002b0       $unwind$IScsiParseIsIdFromString 0000000000020790     IScsiDxe:IScsiConfig.obj
 0005:000002c4       $unwind$IScsiOnScsiRspRcvd 00000000000207a4     IScsiDxe:IScsiProto.obj
 0005:000002c4       $unwind$CompareGuid        00000000000207a4     BaseMemoryLibRepStr:MemLibGuid.obj
 0005:000002c4       $unwind$CopyMem            00000000000207a4     BaseMemoryLibRepStr:CopyMemWrapper.obj
 0005:000002c4       $unwind$IScsiOnR2TRcvd     00000000000207a4     IScsiDxe:IScsiProto.obj
 0005:000002c4       $unwind$InternalHiiCompareSubString 00000000000207a4     UefiHiiLib:HiiLib.obj
 0005:000002c4       $unwind$IScsiBuildKeyValueList 00000000000207a4     IScsiDxe:IScsiProto.obj
 0005:000002c4       $unwind$IScsiDhcpSelectOffer 00000000000207a4     IScsiDxe:IScsiDhcp.obj
 0005:000002c4       $unwind$BasePrintLibValueToString 00000000000207a4     BasePrintLib:PrintLibInternal.obj
 0005:000002c4       $unwind$IScsiExtScsiPassThruFunction 00000000000207a4     IScsiDxe:IScsiExtScsiPassThru.obj
 0005:000002c4       $unwind$IScsiPrepareLoginReq 00000000000207a4     IScsiDxe:IScsiProto.obj
 0005:000002c4       $unwind$IScsiConvertIsIdToString 00000000000207a4     IScsiDxe:IScsiConfig.obj
 0005:000002c4       $unwind$IScsiNewTcb        00000000000207a4     IScsiDxe:IScsiProto.obj
 0005:000002c4       $unwind$IScsiGetValueByKeyFromList 00000000000207a4     IScsiDxe:IScsiProto.obj
 0005:000002c4       $unwind$InternalReallocatePool 00000000000207a4     UefiMemoryAllocationLib:MemoryAllocationLib.obj
 0005:000002c4       $unwind$StrnCmp            00000000000207a4     BaseLib:String.obj
 0005:000002c4       $unwind$NetbufSetBlock     00000000000207a4     DxeNetLib:NetBuffer.obj
 0005:000002c4       $unwind$CompareMem         00000000000207a4     BaseMemoryLibRepStr:CompareMemWrapper.obj
 0005:000002d8       $unwind$IScsiGetValue      00000000000207b8     IScsiDxe:IScsiConfig.obj
 0005:000002f4       $unwind$NetbufFromBufList  00000000000207d4     DxeNetLib:NetBuffer.obj
 0005:000002f4       $unwind$IScsiConvertAttemptConfigDataToIfrNvData 00000000000207d4     IScsiDxe:IScsiConfig.obj
 0005:0000030c       $unwind$IScsiConvertAttemptConfigDataToIfrNvDataByKeyword 00000000000207ec     IScsiDxe:IScsiConfig.obj
 0005:0000032c       $unwind$IScsiConvertIfrNvDataToAttemptConfigData 000000000002080c     IScsiDxe:IScsiConfig.obj
 0005:00000348       $unwind$IScsiConvertlfrNvDataToAttemptConfigDataByKeyword 0000000000020828     IScsiDxe:IScsiConfig.obj
 0005:00000364       $unwind$IScsiCreateOpCode  0000000000020844     IScsiDxe:IScsiConfig.obj
 0005:00000364       $unwind$SHA256_Final       0000000000020844     OpensslLibCrypto:sha256.obj
 0005:0000037c       $unwind$IScsiConfigUpdateAttempt 000000000002085c     IScsiDxe:IScsiConfig.obj
 0005:00000388       $unwind$IScsiConfigAddAttempt 0000000000020868     IScsiDxe:IScsiConfig.obj
 0005:00000398       $unwind$IScsiConfigAddAttemptsByKeywords 0000000000020878     IScsiDxe:IScsiConfig.obj
 0005:000003b4       $unwind$IScsiConfigDeleteAttempts 0000000000020894     IScsiDxe:IScsiConfig.obj
 0005:000003cc       $unwind$IScsiConfigDisplayDeleteAttempts 00000000000208ac     IScsiDxe:IScsiConfig.obj
 0005:000003e0       $unwind$IScsiConfigDisplayOrderAttempts 00000000000208c0     IScsiDxe:IScsiConfig.obj
 0005:000003f4       $unwind$IScsiConfigOrderAttempts 00000000000208d4     IScsiDxe:IScsiConfig.obj
 0005:00000410       $unwind$IScsiConfigProcessDefault 00000000000208f0     IScsiDxe:IScsiConfig.obj
 0005:00000428       $unwind$IScsiFormExtractConfig 0000000000020908     IScsiDxe:IScsiConfig.obj
 0005:00000444       $unwind$IScsiFormRouteConfig 0000000000020924     IScsiDxe:IScsiConfig.obj
 0005:00000460       $unwind$IScsiFormCallback  0000000000020940     IScsiDxe:IScsiConfig.obj
 0005:0000047c       $unwind$IScsiConfigFormUnload 000000000002095c     IScsiDxe:IScsiConfig.obj
 0005:0000047c       $unwind$MmioRead32         000000000002095c     BaseIoLibIntrinsicSev:IoLib.obj
 0005:0000047c       $unwind$IScsiExtScsiPassThruGetNextTarget 000000000002095c     IScsiDxe:IScsiExtScsiPassThru.obj
 0005:0000047c       $unwind$TdIoWrite8         000000000002095c     BaseIoLibIntrinsicSev:IoLibInternalTdx.obj
 0005:0000047c       $unwind$TdIoRead32         000000000002095c     BaseIoLibIntrinsicSev:IoLibInternalTdx.obj
 0005:00000484       $unwind$IScsiCreateConnection 0000000000020964     IScsiDxe:IScsiProto.obj
 0005:000004a0       $unwind$IScsiGetIp6NicInfo 0000000000020980     IScsiDxe:IScsiProto.obj
 0005:000004bc       $unwind$IScsiSessionLogin  000000000002099c     IScsiDxe:IScsiProto.obj
 0005:000004d4       $unwind$IScsiSessionReLogin 00000000000209b4     IScsiDxe:IScsiProto.obj
 0005:000004e4       $unwind$IScsiProcessLoginRsp 00000000000209c4     IScsiDxe:IScsiProto.obj
 0005:00000500       $unwind$IScsiUpdateTargetAddress 00000000000209e0     IScsiDxe:IScsiProto.obj
 0005:00000514       $unwind$IScsiReceivePdu    00000000000209f4     IScsiDxe:IScsiProto.obj
 0005:00000530       $unwind$IScsiFillOpParams  0000000000020a10     IScsiDxe:IScsiProto.obj
 0005:00000550       $unwind$IScsiNewDataSegment 0000000000020a30     IScsiDxe:IScsiProto.obj
 0005:00000558       $unwind$IScsiNewScsiCmdPdu 0000000000020a38     IScsiDxe:IScsiProto.obj
 0005:00000570       $unwind$IScsiNewDataOutPdu 0000000000020a50     IScsiDxe:IScsiProto.obj
 0005:00000588       $unwind$IScsiSendDataOutPduSequence 0000000000020a68     IScsiDxe:IScsiProto.obj
 0005:00000588       $unwind$HiiConstructConfigHdr 0000000000020a68     UefiHiiLib:HiiLib.obj
 0005:000005a4       $unwind$IScsiExecuteScsiCommand 0000000000020a84     IScsiDxe:IScsiProto.obj
 0005:000005bc       $unwind$IScsiSetInitiatorName 0000000000020a9c     IScsiDxe:IScsiInitiatorName.obj
 0005:000005bc       $unwind$NetLibGetSnpHandle 0000000000020a9c     DxeNetLib:DxeNetLib.obj
 0005:000005bc       $unwind$TdIoWrite32        0000000000020a9c     BaseIoLibIntrinsicSev:IoLibInternalTdx.obj
 0005:000005c8       $unwind$IScsiFillNICAndTargetSections 0000000000020aa8     IScsiDxe:IScsiIbft.obj
 0005:000005e0       $unwind$IScsiPublishIbft   0000000000020ac0     IScsiDxe:IScsiIbft.obj
 0005:000005f0       $unwind$IScsiDhcp6ExtractRootPath 0000000000020ad0     IScsiDxe:IScsiDhcp6.obj
 0005:000005f0       $unwind$IScsiDhcpExtractRootPath 0000000000020ad0     IScsiDxe:IScsiDhcp.obj
 0005:00000608       $unwind$IScsiDhcp6ParseReply 0000000000020ae8     IScsiDxe:IScsiDhcp6.obj
 0005:00000620       $unwind$IScsiDoDhcp6       0000000000020b00     IScsiDxe:IScsiDhcp6.obj
 0005:00000638       $unwind$IScsiParseDhcpAck  0000000000020b18     IScsiDxe:IScsiDhcp.obj
 0005:00000654       $unwind$IScsiDoDhcp        0000000000020b34     IScsiDxe:IScsiDhcp.obj
 0005:0000066c       $unwind$IScsiExtScsiPassThruBuildDevicePath 0000000000020b4c     IScsiDxe:IScsiExtScsiPassThru.obj
 0005:00000688       $unwind$IScsiExtScsiPassThruGetTargetLun 0000000000020b68     IScsiDxe:IScsiExtScsiPassThru.obj
 0005:00000688       $unwind$NetbufFreeList     0000000000020b68     DxeNetLib:NetBuffer.obj
 0005:0000069c       $unwind$IScsiDns6          0000000000020b7c     IScsiDxe:IScsiDns.obj
 0005:0000069c       $unwind$IScsiDns4          0000000000020b7c     IScsiDxe:IScsiDns.obj
 0005:000006b8       $unwind$StrHexToUint64     0000000000020b98     BaseLib:String.obj
 0005:000006c4       $unwind$AsciiStrHexToUint64 0000000000020ba4     BaseLib:String.obj
 0005:000006cc       $unwind$StrCpyS            0000000000020bac     BaseLib:SafeString.obj
 0005:000006cc       $unwind$UnicodeStrToAsciiStrS 0000000000020bac     BaseLib:SafeString.obj
 0005:000006e4       $unwind$StrnCpyS           0000000000020bc4     BaseLib:SafeString.obj
 0005:000006fc       $unwind$StrCatS            0000000000020bdc     BaseLib:SafeString.obj
 0005:00000718       $unwind$HiiCreateGotoOpCode 0000000000020bf8     UefiHiiLib:HiiLib.obj
 0005:00000718       $unwind$EfiLibInstallDriverBindingComponentName2 0000000000020bf8     UefiLib:UefiDriverModel.obj
 0005:00000718       $unwind$StrDecimalToUintnS 0000000000020bf8     BaseLib:SafeString.obj
 0005:00000728       $unwind$AsciiStrHexToUintnS 0000000000020c08     BaseLib:SafeString.obj
 0005:00000728       $unwind$AsciiStrCpyS       0000000000020c08     BaseLib:SafeString.obj
 0005:00000728       $unwind$AsciiStrDecimalToUintnS 0000000000020c08     BaseLib:SafeString.obj
 0005:00000728       $unwind$EfiLibUninstallDriverBindingComponentName2 0000000000020c08     UefiLib:UefiDriverModel.obj
 0005:00000730       $unwind$AsciiStrToUnicodeStrS 0000000000020c10     BaseLib:SafeString.obj
 0005:00000730       $unwind$NetLibDestroyServiceChild 0000000000020c10     DxeNetLib:DxeNetLib.obj
 0005:00000730       $unwind$NetLibCreateServiceChild 0000000000020c10     DxeNetLib:DxeNetLib.obj
 0005:00000744       $unwind$AsciiStrToIpv6Address 0000000000020c24     BaseLib:SafeString.obj
 0005:0000075c       $unwind$UnicodeSPrint      0000000000020c3c     BasePrintLib:PrintLib.obj
 0005:00000764       $unwind$AsciiSPrint        0000000000020c44     BasePrintLib:PrintLib.obj
 0005:0000076c       $unwind$BasePrintLibConvertValueToStringS 0000000000020c4c     BasePrintLib:PrintLibInternal.obj
 0005:00000784       $unwind$BasePrintLibSPrintMarker 0000000000020c64     BasePrintLib:PrintLibInternal.obj
 0005:000007a0       $unwind$BasePrintLibSPrint 0000000000020c80     BasePrintLib:PrintLibInternal.obj
 0005:000007a8       $unwind$DebugPrint         0000000000020c88     PlatformDebugLibIoPort:DebugLib.obj
 0005:000007b0       $unwind$DebugPrintMarker   0000000000020c90     PlatformDebugLibIoPort:DebugLib.obj
 0005:000007c4       $unwind$DebugAssert        0000000000020ca4     PlatformDebugLibIoPort:DebugLib.obj
 0005:000007d0       $unwind$AddUnicodeString2  0000000000020cb0     UefiLib:UefiLib.obj
 0005:000007e8       $unwind$GetVariable2       0000000000020cc8     UefiLib:UefiLib.obj
 0005:000007f4       $unwind$UefiLibGetStringWidth 0000000000020cd4     UefiLib:Console.obj
 0005:00000808       $unwind$CreatePopUp        0000000000020ce8     UefiLib:Console.obj
 0005:00000820       $unwind$AsciiPrint         0000000000020d00     UefiLib:UefiLibPrint.obj
 0005:00000828       $unwind$HiiSetString       0000000000020d08     UefiHiiLib:HiiString.obj
 0005:00000844       $unwind$HiiAddPackages     0000000000020d24     UefiHiiLib:HiiLib.obj
 0005:00000858       $unwind$InternalHiiBrowserCallback 0000000000020d38     UefiHiiLib:HiiLib.obj
 0005:00000868       $unwind$HiiGetBrowserData  0000000000020d48     UefiHiiLib:HiiLib.obj
 0005:00000878       $unwind$HiiSetBrowserData  0000000000020d58     UefiHiiLib:HiiLib.obj
 0005:0000088c       $unwind$HiiCreateGuidOpCode 0000000000020d6c     UefiHiiLib:HiiLib.obj
 0005:00000894       $unwind$HiiCreateNumericOpCode 0000000000020d74     UefiHiiLib:HiiLib.obj
 0005:000008ac       $unwind$HiiCreateStringOpCode 0000000000020d8c     UefiHiiLib:HiiLib.obj
 0005:000008c4       $unwind$HiiCreateOrderedListOpCode 0000000000020da4     UefiHiiLib:HiiLib.obj
 0005:000008d0       $unwind$InternalHiiUpdateFormPackageData 0000000000020db0     UefiHiiLib:HiiLib.obj
 0005:000008e8       $unwind$HiiUpdateForm      0000000000020dc8     UefiHiiLib:HiiLib.obj
 0005:00000900       $unwind$NetLibGetMacAddress 0000000000020de0     DxeNetLib:DxeNetLib.obj
 0005:00000918       $unwind$NetLibDetectMedia  0000000000020df8     DxeNetLib:DxeNetLib.obj
 0005:00000930       $unwind$NetLibDetectMediaWaitTimeout 0000000000020e10     DxeNetLib:DxeNetLib.obj
 0005:00000948       $unwind$NetLibAsciiStrToIp4 0000000000020e28     DxeNetLib:DxeNetLib.obj
 0005:00000958       $unwind$NetLibStrToIp4     0000000000020e38     DxeNetLib:DxeNetLib.obj
 0005:0000096c       $unwind$NetbufQueCopy      0000000000020e4c     DxeNetLib:NetBuffer.obj
 0005:0000096c       $unwind$NetbufCopy         0000000000020e4c     DxeNetLib:NetBuffer.obj
 0005:0000096c       $unwind$NetbufFromExt      0000000000020e4c     DxeNetLib:NetBuffer.obj
 0005:00000988       $unwind$NetbufBuildExt     0000000000020e68     DxeNetLib:NetBuffer.obj
 0005:00000990       $unwind$NetbufAllocSpace   0000000000020e70     DxeNetLib:NetBuffer.obj
 0005:000009a0       $unwind$TcpIoGetMapping    0000000000020e80     DxeTcpIoLib:DxeTcpIoLib.obj
 0005:000009b0       $unwind$TcpIoCreateSocket  0000000000020e90     DxeTcpIoLib:DxeTcpIoLib.obj
 0005:000009cc       $unwind$TcpIoDestroySocket 0000000000020eac     DxeTcpIoLib:DxeTcpIoLib.obj
 0005:000009e4       $unwind$TcpIoReceive       0000000000020ec4     DxeTcpIoLib:DxeTcpIoLib.obj
 0005:000009fc       $unwind$md5_block_data_order 0000000000020edc     OpensslLibCrypto:md5_dgst.obj
 0005:00000a14       $unwind$sha256_block_data_order 0000000000020ef4     OpensslLibCrypto:sha256.obj
 0005:00000a2c       $unwind$GetTdInfo          0000000000020f0c     TdxLib:TdInfo.obj
