 Ip4Dxe

 Timestamp is 64881a46 (Tue Jun 13 15:27:02 2023)

 Preferred load address is 0000000000000000

 Start         Length     Name                   Class
 0001:00000000 00000318H .text                   CODE
 0001:00000318 000103a1H .text$mn                CODE
 0002:00000000 00003114H .rdata                  DATA
 0002:00003114 0000012cH .rdata$zzzdbg           DATA
 0003:00000000 000008e0H .data                   DATA
 0003:000008e0 000000c0H .bss                    DATA
 0004:00000000 00000a68H .pdata                  DATA
 0005:00000000 0000076cH .xdata                  DATA

  Address         Publics by Value              Rva+Base               Lib:Object

 0000:00000000       __guard_longjmp_table      0000000000000000     <absolute>
 0000:00000000       __dynamic_value_reloc_table 0000000000000000     <absolute>
 0000:00000000       __guard_fids_count         0000000000000000     <absolute>
 0000:00000000       __guard_longjmp_count      0000000000000000     <absolute>
 0000:00000000       __guard_fids_table         0000000000000000     <absolute>
 0000:00000000       __guard_iat_table          0000000000000000     <absolute>
 0000:00000000       __guard_iat_count          0000000000000000     <absolute>
 0000:00000000       __guard_flags              0000000000000000     <absolute>
 0001:00000000       InternalMemZeroMem         00000000000002c0     BaseMemoryLibRepStr:ZeroMem.obj
 0001:00000020       InternalMemCopyMem         00000000000002e0     BaseMemoryLibRepStr:CopyMem.obj
 0001:00000060       InternalMemCompareMem      0000000000000320     BaseMemoryLibRepStr:CompareMem.obj
 0001:00000080       InternalMemSetMem          0000000000000340     BaseMemoryLibRepStr:SetMem.obj
 0001:000000a0       InternalMemSetMem16        0000000000000360     BaseMemoryLibRepStr:SetMem16.obj
 0001:000000c0       InternalMemSetMem64        0000000000000380     BaseMemoryLibRepStr:SetMem64.obj
 0001:000000e0       InternalMemSetMem32        00000000000003a0     BaseMemoryLibRepStr:SetMem32.obj
 0001:00000100       CpuPause                   00000000000003c0     BaseLib:CpuPause.obj
 0001:00000110       SevNoRepIo                 00000000000003d0     BaseIoLibIntrinsicSev:IoFifoSev.obj
 0001:00000150       SevIoReadFifo8             0000000000000410     BaseIoLibIntrinsicSev:IoFifoSev.obj
 0001:00000172       SevIoReadFifo16            0000000000000432     BaseIoLibIntrinsicSev:IoFifoSev.obj
 0001:00000198       SevIoReadFifo32            0000000000000458     BaseIoLibIntrinsicSev:IoFifoSev.obj
 0001:000001bb       SevIoWriteFifo8            000000000000047b     BaseIoLibIntrinsicSev:IoFifoSev.obj
 0001:000001dd       SevIoWriteFifo16           000000000000049d     BaseIoLibIntrinsicSev:IoFifoSev.obj
 0001:00000203       SevIoWriteFifo32           00000000000004c3     BaseIoLibIntrinsicSev:IoFifoSev.obj
 0001:00000230       TdVmCall                   00000000000004f0     BaseLib:TdVmcall.obj
 0001:000002c0       TdCall                     0000000000000580     BaseLib:TdCall.obj
 0001:00000318       _DriverUnloadHandler       00000000000005d8 f   UefiDriverEntryPoint:DriverEntryPoint.obj
 0001:0000049c       _ModuleEntryPoint          000000000000075c f   UefiDriverEntryPoint:DriverEntryPoint.obj
 0001:00000518       ProcessLibraryConstructorList 00000000000007d8 f   Ip4Dxe:AutoGen.obj
 0001:000007e8       ProcessModuleEntryPointList 0000000000000aa8 f   Ip4Dxe:AutoGen.obj
 0001:000008b4       IpSec2InstalledCallback    0000000000000b74 f   Ip4Dxe:Ip4Driver.obj
 0001:00000904       Ip4DriverBindingSupported  0000000000000bc4 f   Ip4Dxe:Ip4Driver.obj
 0001:0000097c       Ip4CreateService           0000000000000c3c f   Ip4Dxe:Ip4Driver.obj
 0001:00000cfc       Ip4CleanService            0000000000000fbc f   Ip4Dxe:Ip4Driver.obj
 0001:00000e64       Ip4DestroyChildEntryInHandleBuffer 0000000000001124 f   Ip4Dxe:Ip4Driver.obj
 0001:00000f00       Ip4DriverBindingStart      00000000000011c0 f   Ip4Dxe:Ip4Driver.obj
 0001:00001188       Ip4DriverBindingStop       0000000000001448 f   Ip4Dxe:Ip4Driver.obj
 0001:00001414       Ip4ServiceBindingCreateChild 00000000000016d4 f   Ip4Dxe:Ip4Driver.obj
 0001:00001580       Ip4ServiceBindingDestroyChild 0000000000001840 f   Ip4Dxe:Ip4Driver.obj
 0001:000017a4       EfiIp4GetModeData          0000000000001a64 f   Ip4Dxe:Ip4Impl.obj
 0001:00001978       Ip4ServiceConfigMnp        0000000000001c38 f   Ip4Dxe:Ip4Impl.obj
 0001:00001a24       Ip4InitProtocol            0000000000001ce4 f   Ip4Dxe:Ip4Impl.obj
 0001:00001b10       Ip4ConfigProtocol          0000000000001dd0 f   Ip4Dxe:Ip4Impl.obj
 0001:00001dd4       Ip4CleanProtocol           0000000000002094 f   Ip4Dxe:Ip4Impl.obj
 0001:00001f04       EfiIp4Configure            00000000000021c4 f   Ip4Dxe:Ip4Impl.obj
 0001:000020c8       Ip4Groups                  0000000000002388 f   Ip4Dxe:Ip4Impl.obj
 0001:00002544       EfiIp4Groups               0000000000002804 f   Ip4Dxe:Ip4Impl.obj
 0001:00002670       EfiIp4Routes               0000000000002930 f   Ip4Dxe:Ip4Impl.obj
 0001:00002884       Ip4TokenExist              0000000000002b44 f   Ip4Dxe:Ip4Impl.obj
 0001:000028a4       Ip4TxTokenValid            0000000000002b64 f   Ip4Dxe:Ip4Impl.obj
 0001:00002a8c       Ip4FreeTxToken             0000000000002d4c f   Ip4Dxe:Ip4Impl.obj
 0001:00002b04       Ip4OnPacketSent            0000000000002dc4 f   Ip4Dxe:Ip4Impl.obj
 0001:00002b48       EfiIp4Transmit             0000000000002e08 f   Ip4Dxe:Ip4Impl.obj
 0001:00002f80       EfiIp4Receive              0000000000003240 f   Ip4Dxe:Ip4Impl.obj
 0001:00003088       Ip4CancelTxTokens          0000000000003348 f   Ip4Dxe:Ip4Impl.obj
 0001:00003100       Ip4CancelRxTokens          00000000000033c0 f   Ip4Dxe:Ip4Impl.obj
 0001:00003164       Ip4Cancel                  0000000000003424 f   Ip4Dxe:Ip4Impl.obj
 0001:00003244       EfiIp4Cancel               0000000000003504 f   Ip4Dxe:Ip4Impl.obj
 0001:0000330c       EfiIp4Poll                 00000000000035cc f   Ip4Dxe:Ip4Impl.obj
 0001:00003380       Ip4SentPacketTicking       0000000000003640 f   Ip4Dxe:Ip4Impl.obj
 0001:000033e8       Ip4TimerTicking            00000000000036a8 f   Ip4Dxe:Ip4Impl.obj
 0001:0000356c       Ip4TimerReconfigChecking   000000000000382c f   Ip4Dxe:Ip4Impl.obj
 0001:00003624       Ip4FreeAssembleEntry       00000000000038e4 f   Ip4Dxe:Ip4Input.obj
 0001:00003684       Ip4CleanAssembleTable      0000000000003944 f   Ip4Dxe:Ip4Input.obj
 0001:000036f4       Ip4TrimPacket              00000000000039b4 f   Ip4Dxe:Ip4Input.obj
 0001:000037b4       Ip4OnFreeFragments         0000000000003a74 f   Ip4Dxe:Ip4Input.obj
 0001:000037bc       Ip4Reassemble              0000000000003a7c f   Ip4Dxe:Ip4Input.obj
 0001:00003b7c       Ip4IpSecFree               0000000000003e3c f   Ip4Dxe:Ip4Input.obj
 0001:00003bb0       Ip4IpSecProcessPacket      0000000000003e70 f   Ip4Dxe:Ip4Input.obj
 0001:00003eb8       Ip4PreProcessPacket        0000000000004178 f   Ip4Dxe:Ip4Input.obj
 0001:0000405c       Ip4AccpetFrame             000000000000431c f   Ip4Dxe:Ip4Input.obj
 0001:00004268       Ip4OnRecyclePacket         0000000000004528 f   Ip4Dxe:Ip4Input.obj
 0001:000042ec       Ip4WrapRxData              00000000000045ac f   Ip4Dxe:Ip4Input.obj
 0001:00004438       Ip4InstanceDeliverPacket   00000000000046f8 f   Ip4Dxe:Ip4Input.obj
 0001:00004648       Ip4InterfaceEnquePacket    0000000000004908 f   Ip4Dxe:Ip4Input.obj
 0001:0000495c       Ip4Demultiplex             0000000000004c1c f   Ip4Dxe:Ip4Input.obj
 0001:00004a30       Ip4ComponentNameGetDriverName 0000000000004cf0 f   Ip4Dxe:ComponentName.obj
 0001:00004a64       UpdateName                 0000000000004d24 f   Ip4Dxe:ComponentName.obj
 0001:00004b58       Ip4ComponentNameGetControllerName 0000000000004e18 f   Ip4Dxe:ComponentName.obj
 0001:00004c80       Ip4FreeLinkTxToken         0000000000004f40 f   Ip4Dxe:Ip4If.obj
 0001:00004ccc       Ip4FreeArpQue              0000000000004f8c f   Ip4Dxe:Ip4If.obj
 0001:00004d34       Ip4FreeFrameRxToken        0000000000004ff4 f   Ip4Dxe:Ip4If.obj
 0001:00004d80       Ip4CancelFrameArp          0000000000005040 f   Ip4Dxe:Ip4If.obj
 0001:00004e1c       Ip4CancelFrames            00000000000050dc f   Ip4Dxe:Ip4If.obj
 0001:00004ef0       Ip4CreateInterface         00000000000051b0 f   Ip4Dxe:Ip4If.obj
 0001:0000500c       Ip4SetAddress              00000000000052cc f   Ip4Dxe:Ip4If.obj
 0001:000051c0       Ip4CancelInstanceFrame     0000000000005480 f   Ip4Dxe:Ip4If.obj
 0001:000051c8       Ip4CancelReceive           0000000000005488 f   Ip4Dxe:Ip4If.obj
 0001:0000522c       Ip4FreeInterface           00000000000054ec f   Ip4Dxe:Ip4If.obj
 0001:00005398       Ip4SendFrameToDefaultRoute 0000000000005658 f   Ip4Dxe:Ip4If.obj
 0001:00005524       Ip4OnArpResolvedDpc        00000000000057e4 f   Ip4Dxe:Ip4If.obj
 0001:00005684       Ip4OnArpResolved           0000000000005944 f   Ip4Dxe:Ip4If.obj
 0001:000056a0       Ip4OnFrameSentDpc          0000000000005960 f   Ip4Dxe:Ip4If.obj
 0001:00005704       Ip4OnFrameSent             00000000000059c4 f   Ip4Dxe:Ip4If.obj
 0001:00005720       Ip4SendFrame               00000000000059e0 f   Ip4Dxe:Ip4If.obj
 0001:00005aec       Ip4RecycleFrame            0000000000005dac f   Ip4Dxe:Ip4If.obj
 0001:00005b3c       Ip4OnFrameReceivedDpc      0000000000005dfc f   Ip4Dxe:Ip4If.obj
 0001:00005c50       Ip4OnFrameReceived         0000000000005f10 f   Ip4Dxe:Ip4If.obj
 0001:00005c6c       Ip4ReceiveFrame            0000000000005f2c f   Ip4Dxe:Ip4If.obj
 0001:00005d84       Ip4Config2DestroyDhcp4     0000000000006044 f   Ip4Dxe:Ip4Config2Impl.obj
 0001:00005e58       Ip4Config2OnPolicyChanged  0000000000006118 f   Ip4Dxe:Ip4Config2Impl.obj
 0001:00005f40       Ip4Config2SignalEvent      0000000000006200 f   Ip4Dxe:Ip4Config2Impl.obj
 0001:00005f5c       Ip4Config2ReadConfigData   000000000000621c f   Ip4Dxe:Ip4Config2Impl.obj
 0001:0000610c       Ip4Config2WriteConfigData  00000000000063cc f   Ip4Dxe:Ip4Config2Impl.obj
 0001:00006244       Ip4Config2BuildDefaultRouteTable 0000000000006504 f   Ip4Dxe:Ip4Config2Impl.obj
 0001:00006344       Ip4Config2OnDhcp4SbInstalled 0000000000006604 f   Ip4Dxe:Ip4Config2Impl.obj
 0001:00006368       Ip4Config2SetDefaultAddr   0000000000006628 f   Ip4Dxe:Ip4Config2Impl.obj
 0001:00006540       Ip4Config2SetDnsServerWorker 0000000000006800 f   Ip4Dxe:Ip4Config2Impl.obj
 0001:0000673c       Ip4Config2OnDhcp4Complete  00000000000069fc f   Ip4Dxe:Ip4Config2Impl.obj
 0001:00006a00       Ip4StartAutoConfig         0000000000006cc0 f   Ip4Dxe:Ip4Config2Impl.obj
 0001:00006c9c       Ip4Config2GetIfInfo        0000000000006f5c f   Ip4Dxe:Ip4Config2Impl.obj
 0001:00006dd8       Ip4Config2SetPolicy        0000000000007098 f   Ip4Dxe:Ip4Config2Impl.obj
 0001:00006f9c       Ip4Config2SetManualAddress 000000000000725c f   Ip4Dxe:Ip4Config2Impl.obj
 0001:00007240       Ip4Config2SetGateway       0000000000007500 f   Ip4Dxe:Ip4Config2Impl.obj
 0001:0000755c       Ip4Config2SetDnsServer     000000000000781c f   Ip4Dxe:Ip4Config2Impl.obj
 0001:000075e4       EfiIp4Config2SetData       00000000000078a4 f   Ip4Dxe:Ip4Config2Impl.obj
 0001:00007794       EfiIp4Config2GetData       0000000000007a54 f   Ip4Dxe:Ip4Config2Impl.obj
 0001:000078b8       EfiIp4Config2RegisterDataNotify 0000000000007b78 f   Ip4Dxe:Ip4Config2Impl.obj
 0001:000079b0       EfiIp4Config2UnregisterDataNotify 0000000000007c70 f   Ip4Dxe:Ip4Config2Impl.obj
 0001:00007aa0       Ip4Config2InitInstance     0000000000007d60 f   Ip4Dxe:Ip4Config2Impl.obj
 0001:00007cd4       Ip4Config2CleanInstance    0000000000007f94 f   Ip4Dxe:Ip4Config2Impl.obj
 0001:00007d8c       Ip4AutoReconfigCallBackDpc 000000000000804c f   Ip4Dxe:Ip4Config2Impl.obj
 0001:00007de0       Ip4AutoReconfigCallBack    00000000000080a0 f   Ip4Dxe:Ip4Config2Impl.obj
 0001:00007dfc       Ip4InitIgmp                00000000000080bc f   Ip4Dxe:Ip4Igmp.obj
 0001:00007ed8       Ip4SendIgmpMessage         0000000000008198 f   Ip4Dxe:Ip4Igmp.obj
 0001:00007fec       Ip4IgmpHandle              00000000000082ac f   Ip4Dxe:Ip4Igmp.obj
 0001:00008174       Ip4FreeRouteEntry          0000000000008434 f   Ip4Dxe:Ip4Route.obj
 0001:000081b4       Ip4FreeRouteCacheEntry     0000000000008474 f   Ip4Dxe:Ip4Route.obj
 0001:000081f4       Ip4CreateRouteTable        00000000000084b4 f   Ip4Dxe:Ip4Route.obj
 0001:00008274       Ip4FreeRouteTable          0000000000008534 f   Ip4Dxe:Ip4Route.obj
 0001:0000835c       Ip4AddRoute                000000000000861c f   Ip4Dxe:Ip4Route.obj
 0001:00008444       Ip4DelRoute                0000000000008704 f   Ip4Dxe:Ip4Route.obj
 0001:0000853c       Ip4FindRouteCache          00000000000087fc f   Ip4Dxe:Ip4Route.obj
 0001:00008594       Ip4Route                   0000000000008854 f   Ip4Dxe:Ip4Route.obj
 0001:0000874c       Ip4BuildEfiRouteTable      0000000000008a0c f   Ip4Dxe:Ip4Route.obj
 0001:000088b8       Ip4PrependHead             0000000000008b78 f   Ip4Dxe:Ip4Output.obj
 0001:00008a30       Ip4SysPacketSent           0000000000008cf0 f   Ip4Dxe:Ip4Output.obj
 0001:00008a38       Ip4Output                  0000000000008cf8 f   Ip4Dxe:Ip4Output.obj
 0001:00008e14       Ip4CancelPacketFragments   00000000000090d4 f   Ip4Dxe:Ip4Output.obj
 0001:00008e28       Ip4ProcessIcmpRedirect     00000000000090e8 f   Ip4Dxe:Ip4Icmp.obj
 0001:00008f90       Ip4IcmpReplyEcho           0000000000009250 f   Ip4Dxe:Ip4Icmp.obj
 0001:000090a4       Ip4IcmpHandle              0000000000009364 f   Ip4Dxe:Ip4Icmp.obj
 0001:000091d4       Ip4GetHostCast             0000000000009494 f   Ip4Dxe:Ip4Common.obj
 0001:000092d0       Ip4NtohHead                0000000000009590 f   Ip4Dxe:Ip4Common.obj
 0001:0000933c       Ip4StationAddressValid     00000000000095fc f   Ip4Dxe:Ip4Common.obj
 0001:00009398       Ip4OptionIsValid           0000000000009658 f   Ip4Dxe:Ip4Option.obj
 0001:00009468       Ip4CopyOption              0000000000009728 f   Ip4Dxe:Ip4Option.obj
 0001:00009584       Ip4Config2StrToIp          0000000000009844 f   Ip4Dxe:Ip4Config2Nv.obj
 0001:00009624       Ip4Config2StrToIpList      00000000000098e4 f   Ip4Dxe:Ip4Config2Nv.obj
 0001:00009860       Ip4Config2IpToStr          0000000000009b20 f   Ip4Dxe:Ip4Config2Nv.obj
 0001:000098a0       Ip4Config2IpListToStr      0000000000009b60 f   Ip4Dxe:Ip4Config2Nv.obj
 0001:000099ac       Ip4Config2ManualAddressNotify 0000000000009c6c f   Ip4Dxe:Ip4Config2Nv.obj
 0001:000099b0       Ip4Config2ConvertConfigNvDataToIfrNvData 0000000000009c70 f   Ip4Dxe:Ip4Config2Nv.obj
 0001:00009c00       Ip4Config2ConvertIfrNvDataToConfigNvData 0000000000009ec0 f   Ip4Dxe:Ip4Config2Nv.obj
 0001:0000a134       Ip4FormExtractConfig       000000000000a3f4 f   Ip4Dxe:Ip4Config2Nv.obj
 0001:0000a364       Ip4FormRouteConfig         000000000000a624 f   Ip4Dxe:Ip4Config2Nv.obj
 0001:0000a4bc       Ip4FormCallback            000000000000a77c f   Ip4Dxe:Ip4Config2Nv.obj
 0001:0000a7cc       Ip4Config2FormInit         000000000000aa8c f   Ip4Dxe:Ip4Config2Nv.obj
 0001:0000aa60       Ip4Config2FormUnload       000000000000ad20 f   Ip4Dxe:Ip4Config2Nv.obj
 0001:0000abcc       ZeroMem                    000000000000ae8c f   BaseMemoryLibRepStr:ZeroMemWrapper.obj
 0001:0000ac30       CopyMem                    000000000000aef0 f   BaseMemoryLibRepStr:CopyMemWrapper.obj
 0001:0000accc       CompareMem                 000000000000af8c f   BaseMemoryLibRepStr:CompareMemWrapper.obj
 0001:0000ada4       CopyGuid                   000000000000b064 f   BaseMemoryLibRepStr:MemLibGuid.obj
 0001:0000ae28       InternalBaseLibIsListValid 000000000000b0e8 f   BaseLib:LinkedList.obj
 0001:0000ae94       InitializeListHead         000000000000b154 f   BaseLib:LinkedList.obj
 0001:0000aecc       InsertHeadList             000000000000b18c f   BaseLib:LinkedList.obj
 0001:0000af1c       InsertTailList             000000000000b1dc f   BaseLib:LinkedList.obj
 0001:0000af70       IsListEmpty                000000000000b230 f   BaseLib:LinkedList.obj
 0001:0000afa8       RemoveEntryList            000000000000b268 f   BaseLib:LinkedList.obj
 0001:0000aff0       StrLen                     000000000000b2b0 f   BaseLib:String.obj
 0001:0000b084       StrnCmp                    000000000000b344 f   BaseLib:String.obj
 0001:0000b16c       StrStr                     000000000000b42c f   BaseLib:String.obj
 0001:0000b234       AsciiStrLen                000000000000b4f4 f   BaseLib:String.obj
 0001:0000b2a0       AsciiStrnCmp               000000000000b560 f   BaseLib:String.obj
 0001:0000b36c       ReadUnaligned32            000000000000b62c f   BaseLib:Unaligned.obj
 0001:0000b39c       ReadUnaligned64            000000000000b65c f   BaseLib:Unaligned.obj
 0001:0000b3cc       StrnLenS                   000000000000b68c f   BaseLib:SafeString.obj
 0001:0000b434       StrCpyS                    000000000000b6f4 f   BaseLib:SafeString.obj
 0001:0000b5c4       StrnCpyS                   000000000000b884 f   BaseLib:SafeString.obj
 0001:0000b79c       StrCatS                    000000000000ba5c f   BaseLib:SafeString.obj
 0001:0000b984       AsciiStrnLenS              000000000000bc44 f   BaseLib:SafeString.obj
 0001:0000b9a8       UnicodeSPrint              000000000000bc68 f   BasePrintLib:PrintLib.obj
 0001:0000ba28       UnicodeValueToStringS      000000000000bce8 f   BasePrintLib:PrintLib.obj
 0001:0000ba88       AsciiSPrint                000000000000bd48 f   BasePrintLib:PrintLib.obj
 0001:0000bab0       BasePrintLibFillBuffer     000000000000bd70 f   BasePrintLib:PrintLibInternal.obj
 0001:0000bae4       BasePrintLibValueToString  000000000000bda4 f   BasePrintLib:PrintLibInternal.obj
 0001:0000bb5c       BasePrintLibConvertValueToStringS 000000000000be1c f   BasePrintLib:PrintLibInternal.obj
 0001:0000bd10       BasePrintLibSPrintMarker   000000000000bfd0 f   BasePrintLib:PrintLibInternal.obj
 0001:0000cb94       BasePrintLibSPrint         000000000000ce54 f   BasePrintLib:PrintLibInternal.obj
 0001:0000cbb8       DebugPrint                 000000000000ce78 f   PlatformDebugLibIoPort:DebugLib.obj
 0001:0000cbdc       DebugPrintMarker           000000000000ce9c f   PlatformDebugLibIoPort:DebugLib.obj
 0001:0000cc8c       DebugAssert                000000000000cf4c f   PlatformDebugLibIoPort:DebugLib.obj
 0001:0000cd24       InternalAllocatePool       000000000000cfe4 f   UefiMemoryAllocationLib:MemoryAllocationLib.obj
 0001:0000cd54       AllocateZeroPool           000000000000d014 f   UefiMemoryAllocationLib:MemoryAllocationLib.obj
 0001:0000cd80       InternalAllocateCopyPool   000000000000d040 f   UefiMemoryAllocationLib:MemoryAllocationLib.obj
 0001:0000cdf8       FreePool                   000000000000d0b8 f   UefiMemoryAllocationLib:MemoryAllocationLib.obj
 0001:0000ce3c       DevicePathSubType          000000000000d0fc f   UefiDevicePathLibDevicePathProtocol:UefiDevicePathLib.obj
 0001:0000ce6c       DevicePathNodeLength       000000000000d12c f   UefiDevicePathLibDevicePathProtocol:UefiDevicePathLib.obj
 0001:0000ceb8       NextDevicePathNode         000000000000d178 f   UefiDevicePathLibDevicePathProtocol:UefiDevicePathLib.obj
 0001:0000cef0       IsDevicePathEndType        000000000000d1b0 f   UefiDevicePathLibDevicePathProtocol:UefiDevicePathLib.obj
 0001:0000cf3c       IsDevicePathEnd            000000000000d1fc f   UefiDevicePathLibDevicePathProtocol:UefiDevicePathLib.obj
 0001:0000cf90       SetDevicePathNodeLength    000000000000d250 f   UefiDevicePathLibDevicePathProtocol:UefiDevicePathLib.obj
 0001:0000cfe0       DevicePathFromHandle       000000000000d2a0 f   UefiDevicePathLibDevicePathProtocol:UefiDevicePathLib.obj
 0001:0000d014       CompareIso639LanguageCode  000000000000d2d4 f   UefiLib:UefiLib.obj
 0001:0000d07c       EfiCreateProtocolNotifyEvent 000000000000d33c f   UefiLib:UefiLib.obj
 0001:0000d1b8       EfiAcquireLockOrFail       000000000000d478 f   UefiLib:UefiLib.obj
 0001:0000d230       EfiReleaseLock             000000000000d4f0 f   UefiLib:UefiLib.obj
 0001:0000d290       IsLanguageSupported        000000000000d550 f   UefiLib:UefiLib.obj
 0001:0000d310       LookupUnicodeString2       000000000000d5d0 f   UefiLib:UefiLib.obj
 0001:0000d41c       AddUnicodeString2          000000000000d6dc f   UefiLib:UefiLib.obj
 0001:0000d5f0       FreeUnicodeStringTable     000000000000d8b0 f   UefiLib:UefiLib.obj
 0001:0000d658       GetEfiGlobalVariable2      000000000000d918 f   UefiLib:UefiLib.obj
 0001:0000d750       GetBestLanguage            000000000000da10 f   UefiLib:UefiLib.obj
 0001:0000d894       UefiLibGetStringWidth      000000000000db54 f   UefiLib:Console.obj
 0001:0000d93c       CreatePopUp                000000000000dbfc f   UefiLib:Console.obj
 0001:0000dd00       NetGetIpClass              000000000000dfc0 f   DxeNetLib:DxeNetLib.obj
 0001:0000dd38       NetIp4IsUnicast            000000000000dff8 f   DxeNetLib:DxeNetLib.obj
 0001:0000ddd0       NetListRemoveHead          000000000000e090 f   DxeNetLib:DxeNetLib.obj
 0001:0000de28       NetListInsertBefore        000000000000e0e8 f   DxeNetLib:DxeNetLib.obj
 0001:0000de7c       NetDestroyLinkList         000000000000e13c f   DxeNetLib:DxeNetLib.obj
 0001:0000df88       NetMapInit                 000000000000e248 f   DxeNetLib:DxeNetLib.obj
 0001:0000dfcc       NetMapClean                000000000000e28c f   DxeNetLib:DxeNetLib.obj
 0001:0000e0b4       NetMapIsEmpty              000000000000e374 f   DxeNetLib:DxeNetLib.obj
 0001:0000e0e8       NetMapAllocItem            000000000000e3a8 f   DxeNetLib:DxeNetLib.obj
 0001:0000e16c       NetMapInsertTail           000000000000e42c f   DxeNetLib:DxeNetLib.obj
 0001:0000e1e8       NetMapFindKey              000000000000e4a8 f   DxeNetLib:DxeNetLib.obj
 0001:0000e23c       NetMapRemoveItem           000000000000e4fc f   DxeNetLib:DxeNetLib.obj
 0001:0000e2e4       NetMapIterate              000000000000e5a4 f   DxeNetLib:DxeNetLib.obj
 0001:0000e36c       NetLibCreateServiceChild   000000000000e62c f   DxeNetLib:DxeNetLib.obj
 0001:0000e400       NetLibDestroyServiceChild  000000000000e6c0 f   DxeNetLib:DxeNetLib.obj
 0001:0000e490       NetLibGetSnpHandle         000000000000e750 f   DxeNetLib:DxeNetLib.obj
 0001:0000e558       NetLibGetVlanId            000000000000e818 f   DxeNetLib:DxeNetLib.obj
 0001:0000e5ac       NetLibGetMacString         000000000000e86c f   DxeNetLib:DxeNetLib.obj
 0001:0000e7fc       NetLibGetNicHandle         000000000000eabc f   DxeNetLib:DxeNetLib.obj
 0001:0000e8a4       NetbufAllocStruct          000000000000eb64 f   DxeNetLib:NetBuffer.obj
 0001:0000e95c       NetbufAlloc                000000000000ec1c f   DxeNetLib:NetBuffer.obj
 0001:0000ea04       NetbufFreeVector           000000000000ecc4 f   DxeNetLib:NetBuffer.obj
 0001:0000ead0       NetbufFree                 000000000000ed90 f   DxeNetLib:NetBuffer.obj
 0001:0000eb58       NetbufClone                000000000000ee18 f   DxeNetLib:NetBuffer.obj
 0001:0000ec40       NetbufDuplicate            000000000000ef00 f   DxeNetLib:NetBuffer.obj
 0001:0000ece4       NetbufGetByte              000000000000efa4 f   DxeNetLib:NetBuffer.obj
 0001:0000ed88       NetbufSetBlock             000000000000f048 f   DxeNetLib:NetBuffer.obj
 0001:0000ee6c       NetbufSetBlockOp           000000000000f12c f   DxeNetLib:NetBuffer.obj
 0001:0000ef18       NetbufGetFragmentFree      000000000000f1d8 f   DxeNetLib:NetBuffer.obj
 0001:0000ef20       NetbufGetFragment          000000000000f1e0 f   DxeNetLib:NetBuffer.obj
 0001:0000f18c       NetbufFromExt              000000000000f44c f   DxeNetLib:NetBuffer.obj
 0001:0000f40c       NetbufBuildExt             000000000000f6cc f   DxeNetLib:NetBuffer.obj
 0001:0000f480       NetbufReserve              000000000000f740 f   DxeNetLib:NetBuffer.obj
 0001:0000f570       NetbufAllocSpace           000000000000f830 f   DxeNetLib:NetBuffer.obj
 0001:0000f730       NetblockTrim               000000000000f9f0 f   DxeNetLib:NetBuffer.obj
 0001:0000f78c       NetbufTrim                 000000000000fa4c f   DxeNetLib:NetBuffer.obj
 0001:0000f868       NetbufCopy                 000000000000fb28 f   DxeNetLib:NetBuffer.obj
 0001:0000f9e8       NetblockChecksum           000000000000fca8 f   DxeNetLib:NetBuffer.obj
 0001:0000fa2c       NetbufChecksum             000000000000fcec f   DxeNetLib:NetBuffer.obj
 0001:0000facc       NetIpSecNetbufFree         000000000000fd8c f   DxeNetLib:NetBuffer.obj
 0001:0000fba8       HiiSetString               000000000000fe68 f   UefiHiiLib:HiiString.obj
 0001:0000fcf8       HiiGetString               000000000000ffb8 f   UefiHiiLib:HiiString.obj
 0001:0000fe54       HiiAddPackages             0000000000010114 f   UefiHiiLib:HiiLib.obj
 0001:0000ff90       InternalHiiBrowserCallback 0000000000010250 f   UefiHiiLib:HiiLib.obj
 0001:00010084       HiiConstructConfigHdr      0000000000010344 f   UefiHiiLib:HiiLib.obj
 0001:000102c8       InternalHiiCompareSubString 0000000000010588 f   UefiHiiLib:HiiLib.obj
 0001:000103e4       HiiIsConfigHdrMatch        00000000000106a4 f   UefiHiiLib:HiiLib.obj
 0001:0001047c       HiiGetBrowserData          000000000001073c f   UefiHiiLib:HiiLib.obj
 0001:00010550       HiiGetSupportedLanguages   0000000000010810 f   UefiHiiLib:HiiLanguage.obj
 0001:000105f4       SetMem16                   00000000000108b4 f   BaseMemoryLibRepStr:SetMem16Wrapper.obj
 0002:00000000       ??_C@_0CB@DMEJJJHA@?6ASSERT_EFI_ERROR?5?$CIStatus?5?$DN?5?$CFr?$CJ?6@ 0000000000010980     UefiDriverEntryPoint:DriverEntryPoint.obj
 0002:00000028       ??_C@_0CH@BBNBJKHK@?$CB?$CI?$CI?$CIINTN?$CJ?$CIRETURN_STATUS?$CJ?$CIStatus?$CJ@ 00000000000109a8     UefiDriverEntryPoint:DriverEntryPoint.obj
 0002:00000050       ??_C@_0FI@PIDCFOGG@c?3?2users?2mliang2x?2workspace?2edk2@ 00000000000109d0     UefiDriverEntryPoint:DriverEntryPoint.obj
 0002:000000b0       ??_C@_0GN@CFDCLHHH@c?3?2users?2mliang2x?2workspace?2edk2@ 0000000000010a30     Ip4Dxe:AutoGen.obj
 0002:00000120       ??_C@_0BI@KMGFDNBP@Service?5?$CB?$DN?5?$CI?$CIvoid?5?$CK?$CJ?50?$CJ?$AA@ 0000000000010aa0     Ip4Dxe:Ip4Driver.obj
 0002:00000138       ??_C@_0DP@EJPHFFMK@c?3?2users?2mliang2x?2workspace?2edk2@ 0000000000010ab8     Ip4Dxe:Ip4Driver.obj
 0002:00000178       ??_C@_0BF@NDBIKIKC@CR?5has?5Bad?5Signature?$AA@ 0000000000010af8     Ip4Dxe:Ip4Driver.obj
 0002:00000190       ??_C@_0BF@EKNEMLIP@IpSb?5?$CB?$DN?5?$CI?$CIvoid?5?$CK?$CJ?50?$CJ?$AA@ 0000000000010b10     Ip4Dxe:Ip4Driver.obj
 0002:000001a8       ??_C@_0DN@EENBJKBM@c?3?2users?2mliang2x?2workspace?2edk2@ 0000000000010b28     Ip4Dxe:Ip4Impl.obj
 0002:000001e8       ??_C@_0DH@GPPCAEPK@?$CIIpSb?5?$CB?$DN?5?$CI?$CIvoid?5?$CK?$CJ?50?$CJ?$CJ?5?$CG?$CG?5?$CIIpIns@ 0000000000010b68     Ip4Dxe:Ip4Impl.obj
 0002:00000220       ??_C@_0BN@KGHJECMC@GroupAddress?5?$CB?$DN?5?$CI?$CIvoid?5?$CK?$CJ?50?$CJ?$AA@ 0000000000010ba0     Ip4Dxe:Ip4Impl.obj
 0002:00000240       ??_C@_0CD@NKJCDDFI@IpInstance?9?$DOGroups?5?$CB?$DN?5?$CI?$CIvoid?5?$CK?$CJ?5@ 0000000000010bc0     Ip4Dxe:Ip4Impl.obj
 0002:00000268       ??_C@_0L@BCBMKFKO@Index?5?$DN?$DN?51?$AA@ 0000000000010be8     Ip4Dxe:Ip4Impl.obj
 0002:00000278       ??_C@_0BM@HFKMLLMO@Ip4Instance?5?$CB?$DN?5?$CI?$CIvoid?5?$CK?$CJ?50?$CJ?$AA@ 0000000000010bf8     Ip4Dxe:Ip4Impl.obj
 0002:00000298       ??_C@_0BF@HCDENPCL@Wrap?5?$CB?$DN?5?$CI?$CIvoid?5?$CK?$CJ?50?$CJ?$AA@ 0000000000010c18     Ip4Dxe:Ip4Impl.obj
 0002:000002b0       ??_C@_0GL@OOIFHKIL@?$CI?$CIIpSb?$CJ?5?$CB?$DN?5?$CI?$CIvoid?5?$CK?$CJ?50?$CJ?$CJ?5?$CG?$CG?5?$CI?$CIIp@ 0000000000010c30     Ip4Dxe:Ip4Impl.obj
 0002:00000320       ??_C@_0CI@EHDAHPG@Info?9?$DOStart?5?$CL?5Info?9?$DOLength?5?$DN?$DN?5In@ 0000000000010ca0     Ip4Dxe:Ip4Input.obj
 0002:00000348       ??_C@_0DO@NKHPKLIK@c?3?2users?2mliang2x?2workspace?2edk2@ 0000000000010cc8     Ip4Dxe:Ip4Input.obj
 0002:00000388       ??_C@_0CL@KNPFBFFJ@?$CIInfo?9?$DOStart?5?$DM?5End?$CJ?5?$CG?$CG?5?$CIStart?5?$DM?5@ 0000000000010d08     Ip4Dxe:Ip4Input.obj
 0002:000003b8       ??_C@_0BH@BHMOGOAJ@IpHead?5?$CB?$DN?5?$CI?$CIvoid?5?$CK?$CJ?50?$CJ?$AA@ 0000000000010d38     Ip4Dxe:Ip4Input.obj
 0002:000003d0       ??_C@_0BP@DJKJLKPN@Assemble?9?$DOHead?5?$DN?$DN?5?$CI?$CIvoid?5?$CK?$CJ?50?$CJ?$AA@ 0000000000010d50     Ip4Dxe:Ip4Input.obj
 0002:000003f0       ??_C@_0BP@GCONLHGI@Assemble?9?$DOInfo?5?$CB?$DN?5?$CI?$CIvoid?5?$CK?$CJ?50?$CJ?$AA@ 0000000000010d70     Ip4Dxe:Ip4Input.obj
 0002:00000410       ??_C@_0BH@BFPFAGHP@mIpSec?5?$CB?$DN?5?$CI?$CIvoid?5?$CK?$CJ?50?$CJ?$AA@ 0000000000010d90     Ip4Dxe:Ip4Input.obj
 0002:00000428       ??_C@_0BF@FBEMMEEB@Head?5?$CB?$DN?5?$CI?$CIvoid?5?$CK?$CJ?50?$CJ?$AA@ 0000000000010da8     Ip4Dxe:Ip4Input.obj
 0002:00000440       ??_C@_0BH@CELONLOG@Packet?5?$CB?$DN?5?$CI?$CIvoid?5?$CK?$CJ?50?$CJ?$AA@ 0000000000010dc0     Ip4Dxe:Ip4Input.obj
 0002:00000460       ??_C@_0EI@IDGMIBFC@?$CB?$CI?$CI?$CIWrap?9?$DOPacket?$CJ?9?$DORefCnt?5?$DO?51?$CJ?5?$HM@ 0000000000010de0     Ip4Dxe:Ip4Input.obj
 0002:000004a8       ??_C@_0BP@IOBAJECI@Packet?9?$DOIp?4Ip4?5?$CB?$DN?5?$CI?$CIvoid?5?$CK?$CJ?50?$CJ?$AA@ 0000000000010e28     Ip4Dxe:Ip4Input.obj
 0002:000004c8       ??_C@_0BL@COBOANOI@IpInstance?5?$CB?$DN?5?$CI?$CIvoid?5?$CK?$CJ?50?$CJ?$AA@ 0000000000010e48     Ip4Dxe:Ip4Input.obj
 0002:000004f0       ??_C@_0HH@EHPECKLJ@?$CI?$CIIpInstance?$CJ?5?$CB?$DN?5?$CI?$CIvoid?5?$CK?$CJ?50?$CJ?$CJ?5?$CG@ 0000000000010e70     Ip4Dxe:Ip4Input.obj
 0002:00000568       ??_C@_03LKLGDMJI@eng?$AA@  0000000000010ee8     Ip4Dxe:ComponentName.obj
 0002:0000056c       ??_C@_02LFNMGJAP@en?$AA@   0000000000010eec     Ip4Dxe:ComponentName.obj
 0002:00000570       ??_C@_06DALJLGPG@eng?$DLen?$AA@ 0000000000010ef0     Ip4Dxe:ComponentName.obj
 0002:00000578       ??_C@_1DG@IHGHICFA@?$AAI?$AAP?$AA4?$AA?5?$AAN?$AAe?$AAt?$AAw?$AAo?$AAr?$AAk?$AA?5?$AAS?$AAe?$AAr?$AAv?$AAi?$AAc?$AAe?$AA?5?$AAD?$AAr?$AAi?$AAv?$AAe?$AAr?$AA?$AA@ 0000000000010ef8     Ip4Dxe:ComponentName.obj
 0002:000005b0       ??_C@_1CG@HLBCDCEC@?$AAI?$AAP?$AAv?$AA4?$AA?5?$AA?$CI?$AAN?$AAo?$AAt?$AA?5?$AAs?$AAt?$AAa?$AAr?$AAt?$AAe?$AAd?$AA?$CJ?$AA?$AA@ 0000000000010f30     Ip4Dxe:ComponentName.obj
 0002:000005d8       ??_C@_1DC@IHJIMGND@?$AAI?$AAP?$AAv?$AA4?$AA?5?$AA?$CI?$AAS?$AAr?$AAc?$AAI?$AAP?$AA?$DN?$AA?$CF?$AAd?$AA?4?$AA?$CF?$AAd?$AA?4?$AA?$CF?$AAd?$AA?4?$AA?$CF?$AAd?$AA?$CJ?$AA?$AA@ 0000000000010f58     Ip4Dxe:ComponentName.obj
 0002:00000610       ??_C@_0GN@IKEMILK@?$CI?$CIToken?$CJ?5?$CB?$DN?5?$CI?$CIvoid?5?$CK?$CJ?50?$CJ?$CJ?5?$CG?$CG?5?$CI?$CIT@ 0000000000010f90     Ip4Dxe:Ip4If.obj
 0002:00000680       ??_C@_0DL@DNEDBNPK@c?3?2users?2mliang2x?2workspace?2edk2@ 0000000000011000     Ip4Dxe:Ip4If.obj
 0002:000006c0       ??_C@_0GP@EBANMBBK@?$CI?$CIArpQue?$CJ?5?$CB?$DN?5?$CI?$CIvoid?5?$CK?$CJ?50?$CJ?$CJ?5?$CG?$CG?5?$CI?$CI@ 0000000000011040     Ip4Dxe:Ip4If.obj
 0002:00000730       ??_C@_0GN@IMIHFFGP@?$CI?$CIToken?$CJ?5?$CB?$DN?5?$CI?$CIvoid?5?$CK?$CJ?50?$CJ?$CJ?5?$CG?$CG?5?$CI?$CIT@ 00000000000110b0     Ip4Dxe:Ip4If.obj
 0002:000007a0       ??_C@_0HF@BCLJGKCD@?$CI?$CIInterface?$CJ?5?$CB?$DN?5?$CI?$CIvoid?5?$CK?$CJ?50?$CJ?$CJ?5?$CG?$CG@ 0000000000011120     Ip4Dxe:Ip4If.obj
 0002:00000818       ??_C@_0BG@GIHMNBOJ@Interface?9?$DORefCnt?5?$DO?50?$AA@ 0000000000011198     Ip4Dxe:Ip4If.obj
 0002:00000830       ??_C@_0CG@NMHHEINA@IsListEmpty?5?$CI?$CGInterface?9?$DOIpInsta@ 00000000000111b0     Ip4Dxe:Ip4If.obj
 0002:00000858       ??_C@_0CC@PBDGGCNK@IsListEmpty?5?$CI?$CGInterface?9?$DOArpQues@ 00000000000111d8     Ip4Dxe:Ip4If.obj
 0002:00000880       ??_C@_0CF@NKNPBNCD@IsListEmpty?5?$CI?$CGInterface?9?$DOSentFra@ 0000000000011200     Ip4Dxe:Ip4If.obj
 0002:000008a8       ??_C@_0CM@EEMPOMGF@Token?9?$DOInterface?9?$DOSubnetMask?5?$DN?$DN?5@ 0000000000011228     Ip4Dxe:Ip4If.obj
 0002:000008d8       ??_C@_0BG@NDDKKKPP@Interface?9?$DOConfigured?$AA@ 0000000000011258     Ip4Dxe:Ip4If.obj
 0002:000008f0       ??_C@_0GN@EGABJGOB@?$CI?$CIFrame?$CJ?5?$CB?$DN?5?$CI?$CIvoid?5?$CK?$CJ?50?$CJ?$CJ?5?$CG?$CG?5?$CI?$CIF@ 0000000000011270     Ip4Dxe:Ip4If.obj
 0002:00000960       ??_C@_0BG@GNOLCPMK@Dhcp4?5?$CB?$DN?5?$CI?$CIvoid?5?$CK?$CJ?50?$CJ?$AA@ 00000000000112e0     Ip4Dxe:Ip4Config2Impl.obj
 0002:00000980       ??_C@_0EE@HODHJNKL@c?3?2users?2mliang2x?2workspace?2edk2@ 0000000000011300     Ip4Dxe:Ip4Config2Impl.obj
 0002:000009c8       ??_C@_0BF@CPCLDMPH@IpIf?5?$CB?$DN?5?$CI?$CIvoid?5?$CK?$CJ?50?$CJ?$AA@ 0000000000011348     Ip4Dxe:Ip4Config2Impl.obj
 0002:000009e0       ??_C@_0CA@KCKONDIO@Instance?9?$DODhcp4?5?$CB?$DN?5?$CI?$CIvoid?5?$CK?$CJ?50?$CJ?$AA@ 0000000000011360     Ip4Dxe:Ip4Config2Impl.obj
 0002:00000a00       ??_C@_0GN@BBICCNJK@Instance?9?$DODataItem?$FLIp4Config2Dat@ 0000000000011380     Ip4Dxe:Ip4Config2Impl.obj
 0002:00000a70       ??_C@_1M@CLFCEILF@?$AAe?$AAt?$AAh?$AA?$CF?$AAd?$AA?$AA@ 00000000000113f0     Ip4Dxe:Ip4Config2Impl.obj
 0002:00000a80       ??_C@_0BG@MBPIHGMN@Group?9?$DODelayTime?5?$DO?$DN?50?$AA@ 0000000000011400     Ip4Dxe:Ip4Igmp.obj
 0002:00000a98       ??_C@_0DN@GHPFACGO@c?3?2users?2mliang2x?2workspace?2edk2@ 0000000000011418     Ip4Dxe:Ip4Igmp.obj
 0002:00000ad8       ??_C@_0BE@BIEHCDCK@RtEntry?9?$DORefCnt?5?$DO?50?$AA@ 0000000000011458     Ip4Dxe:Ip4Route.obj
 0002:00000af0       ??_C@_0DO@NINBAFLK@c?3?2users?2mliang2x?2workspace?2edk2@ 0000000000011470     Ip4Dxe:Ip4Route.obj
 0002:00000b30       ??_C@_0BJ@BEAIDGAO@RtCacheEntry?9?$DORefCnt?5?$DO?50?$AA@ 00000000000114b0     Ip4Dxe:Ip4Route.obj
 0002:00000b50       ??_C@_0BE@EPNEIHAH@RtTable?9?$DORefCnt?5?$DO?50?$AA@ 00000000000114d0     Ip4Dxe:Ip4Route.obj
 0002:00000b68       ??_C@_0BI@BOMBGFOB@RtTable?5?$CB?$DN?5?$CI?$CIvoid?5?$CK?$CJ?50?$CJ?$AA@ 00000000000114e8     Ip4Dxe:Ip4Route.obj
 0002:00000b80       ??_C@_0CE@ONMACAEH@?$CI?$CILen?5?$CF?54?$CJ?5?$DN?$DN?50?$CJ?5?$CG?$CG?5?$CIHeadLen?5?$DM?$DN?5@ 0000000000011500     Ip4Dxe:Ip4Output.obj
 0002:00000ba8       ??_C@_0DP@FELMBEED@c?3?2users?2mliang2x?2workspace?2edk2@ 0000000000011528     Ip4Dxe:Ip4Output.obj
 0002:00000be8       ??_C@_0BF@IPHHEBHD@Icmp?5?$CB?$DN?5?$CI?$CIvoid?5?$CK?$CJ?50?$CJ?$AA@ 0000000000011568     Ip4Dxe:Ip4Icmp.obj
 0002:00000c00       ??_C@_0DN@PMGEEAHI@c?3?2users?2mliang2x?2workspace?2edk2@ 0000000000011580     Ip4Dxe:Ip4Icmp.obj
 0002:00000c40       ??_C@_0CO@COLIIPDN@?$CIBufLen?5?$CB?$DN?5?$CI?$CIvoid?5?$CK?$CJ?50?$CJ?$CJ?5?$CG?$CG?5?$CIOpt@ 00000000000115c0     Ip4Dxe:Ip4Option.obj
 0002:00000c70       ??_C@_0DP@CNHBHBKM@c?3?2users?2mliang2x?2workspace?2edk2@ 00000000000115f0     Ip4Dxe:Ip4Option.obj
 0002:00000cb0       ??_C@_1BI@FCMLLAGN@?$AA?$CF?$AAd?$AA?4?$AA?$CF?$AAd?$AA?4?$AA?$CF?$AAd?$AA?4?$AA?$CF?$AAd?$AA?$AA@ 0000000000011630     Ip4Dxe:Ip4Config2Nv.obj
 0002:00000cd0       ??_C@_0HD@IDNAAOPJ@?$CI?$CIInstance?$CJ?5?$CB?$DN?5?$CI?$CIvoid?5?$CK?$CJ?50?$CJ?$CJ?5?$CG?$CG?5@ 0000000000011650     Ip4Dxe:Ip4Config2Nv.obj
 0002:00000d50       ??_C@_0EC@DKJAMHIH@c?3?2users?2mliang2x?2workspace?2edk2@ 00000000000116d0     Ip4Dxe:Ip4Config2Nv.obj
 0002:00000d98       ??_C@_1CK@EKOBMLHN@?$AAI?$AAn?$AAv?$AAa?$AAl?$AAi?$AAd?$AA?5?$AAS?$AAu?$AAb?$AAn?$AAe?$AAt?$AA?5?$AAM?$AAa?$AAs?$AAk?$AA?$CB?$AA?$AA@ 0000000000011718     Ip4Dxe:Ip4Config2Nv.obj
 0002:00000dc8       ??_C@_1CI@LMPBJGDM@?$AAI?$AAn?$AAv?$AAa?$AAl?$AAi?$AAd?$AA?5?$AAI?$AAP?$AA?5?$AAa?$AAd?$AAd?$AAr?$AAe?$AAs?$AAs?$AA?$CB?$AA?$AA@ 0000000000011748     Ip4Dxe:Ip4Config2Nv.obj
 0002:00000df0       ??_C@_1CC@EECKCHGK@?$AAI?$AAn?$AAv?$AAa?$AAl?$AAi?$AAd?$AA?5?$AAG?$AAa?$AAt?$AAe?$AAw?$AAa?$AAy?$AA?$CB?$AA?$AA@ 0000000000011770     Ip4Dxe:Ip4Config2Nv.obj
 0002:00000e18       ??_C@_1CI@GPLCPIIC@?$AAI?$AAn?$AAv?$AAa?$AAl?$AAi?$AAd?$AA?5?$AAD?$AAn?$AAs?$AA?5?$AAS?$AAe?$AAr?$AAv?$AAe?$AAr?$AA?$CB?$AA?$AA@ 0000000000011798     Ip4Dxe:Ip4Config2Nv.obj
 0002:00000e40       ??_C@_1O@LFMAFHMH@?$AAO?$AAF?$AAF?$AAS?$AAE?$AAT?$AA?$AA@ 00000000000117c0     Ip4Dxe:Ip4Config2Nv.obj
 0002:00000e50       ??_C@_1DC@EPJEBJEB@?$AA?$CF?$AAs?$AA?$CG?$AAO?$AAF?$AAF?$AAS?$AAE?$AAT?$AA?$DN?$AA0?$AA?$CG?$AAW?$AAI?$AAD?$AAT?$AAH?$AA?$DN?$AA?$CF?$AA0?$AA1?$AA6?$AAL?$AAX?$AA?$AA@ 00000000000117d0     Ip4Dxe:Ip4Config2Nv.obj
 0002:00000e88       ??_C@_1BI@OKMKAGND@?$AA?$CF?$AAs?$AA?5?$AA?$CI?$AAM?$AAA?$AAC?$AA?3?$AA?$CF?$AAs?$AA?$CJ?$AA?$AA@ 0000000000011808     Ip4Dxe:Ip4Config2Nv.obj
 0002:00000ea0       ??_C@_1O@DMKKJCOM@?$AAM?$AAA?$AAC?$AA?3?$AA?$CF?$AAs?$AA?$AA@ 0000000000011820     Ip4Dxe:Ip4Config2Nv.obj
 0002:00000eb0       ??_C@_0BH@IACGKAP@Buffer?5?$CB?$DN?5?$CI?$CIvoid?5?$CK?$CJ?50?$CJ?$AA@ 0000000000011830     BaseMemoryLibRepStr:ZeroMemWrapper.obj
 0002:00000ed0       ??_C@_0FF@PKHNKPL@c?3?2users?2mliang2x?2workspace?2edk2@ 0000000000011850     BaseMemoryLibRepStr:ZeroMemWrapper.obj
 0002:00000f28       ??_C@_0DG@EEENIGGL@Length?5?$DM?$DN?5?$CI0xFFFFFFFFFFFFFFFFULL@ 00000000000118a8     BaseMemoryLibRepStr:ZeroMemWrapper.obj
 0002:00000f60       ??_C@_0ED@MKGCMJG@?$CILength?5?9?51?$CJ?5?$DM?$DN?5?$CI0xFFFFFFFFFFFFF@ 00000000000118e0     BaseMemoryLibRepStr:CopyMemWrapper.obj
 0002:00000fb0       ??_C@_0FF@LLAFLLDM@c?3?2users?2mliang2x?2workspace?2edk2@ 0000000000011930     BaseMemoryLibRepStr:CopyMemWrapper.obj
 0002:00001008       ??_C@_0DO@MAOBOFEG@?$CILength?5?9?51?$CJ?5?$DM?$DN?5?$CI0xFFFFFFFFFFFFF@ 0000000000011988     BaseMemoryLibRepStr:CopyMemWrapper.obj
 0002:00001048       ??_C@_0CC@JOEHDGKB@DestinationBuffer?5?$CB?$DN?5?$CI?$CIvoid?5?$CK?$CJ?50@ 00000000000119c8     BaseMemoryLibRepStr:CompareMemWrapper.obj
 0002:00001070       ??_C@_0FI@NCCCHAEB@c?3?2users?2mliang2x?2workspace?2edk2@ 00000000000119f0     BaseMemoryLibRepStr:CompareMemWrapper.obj
 0002:000010c8       ??_C@_0BN@MDMCNBCC@SourceBuffer?5?$CB?$DN?5?$CI?$CIvoid?5?$CK?$CJ?50?$CJ?$AA@ 0000000000011a48     BaseMemoryLibRepStr:CompareMemWrapper.obj
 0002:000010e8       ??_C@_0BF@NJNGJMPC@List?5?$CB?$DN?5?$CI?$CIvoid?5?$CK?$CJ?50?$CJ?$AA@ 0000000000011a68     BaseLib:LinkedList.obj
 0002:00001100       ??_C@_0EF@PHMLHICE@c?3?2users?2mliang2x?2workspace?2edk2@ 0000000000011a80     BaseLib:LinkedList.obj
 0002:00001148       ??_C@_0CC@KDLPLAED@List?9?$DOForwardLink?5?$CB?$DN?5?$CI?$CIvoid?5?$CK?$CJ?50@ 0000000000011ac8     BaseLib:LinkedList.obj
 0002:00001170       ??_C@_0BP@IJJCCMAK@List?9?$DOBackLink?5?$CB?$DN?5?$CI?$CIvoid?5?$CK?$CJ?50?$CJ?$AA@ 0000000000011af0     BaseLib:LinkedList.obj
 0002:00001190       ??_C@_0BJ@NJABNCDK@ListHead?5?$CB?$DN?5?$CI?$CIvoid?5?$CK?$CJ?50?$CJ?$AA@ 0000000000011b10     BaseLib:LinkedList.obj
 0002:000011b0       ??_C@_0CG@LGIALJFK@InternalBaseLibIsListValid?5?$CIList@ 0000000000011b30     BaseLib:LinkedList.obj
 0002:000011d8       ??_C@_0CC@JLDICICM@InternalBaseLibIsListValid?5?$CIList@ 0000000000011b58     BaseLib:LinkedList.obj
 0002:00001200       ??_C@_0BF@NMBJJECB@?$CBIsListEmpty?5?$CIEntry?$CJ?$AA@ 0000000000011b80     BaseLib:LinkedList.obj
 0002:00001218       ??_C@_0BH@MAAHKCPC@String?5?$CB?$DN?5?$CI?$CIvoid?5?$CK?$CJ?50?$CJ?$AA@ 0000000000011b98     BaseLib:String.obj
 0002:00001230       ??_C@_0EB@OHCINBMP@c?3?2users?2mliang2x?2workspace?2edk2@ 0000000000011bb0     BaseLib:String.obj
 0002:00001278       ??_C@_0CC@GFNLNIOC@?$CI?$CIUINTN?$CJString?5?$CG?50x00000001?$CJ?5?$DN?$DN?5@ 0000000000011bf8     BaseLib:String.obj
 0002:000012a0       ??_C@_0DK@EOJCOAME@Length?5?$DM?5_gPcd_FixedAtBuild_PcdM@ 0000000000011c20     BaseLib:String.obj
 0002:000012e0       ??_C@_0BL@JAAMOCAJ@StrSize?5?$CIFirstString?$CJ?5?$CB?$DN?50?$AA@ 0000000000011c60     BaseLib:String.obj
 0002:00001300       ??_C@_0BM@DALBOILC@StrSize?5?$CISecondString?$CJ?5?$CB?$DN?50?$AA@ 0000000000011c80     BaseLib:String.obj
 0002:00001320       ??_C@_0DL@LFIMEMJP@Length?5?$DM?$DN?5_gPcd_FixedAtBuild_Pcd@ 0000000000011ca0     BaseLib:String.obj
 0002:00001360       ??_C@_0BG@KBNOLIGE@StrSize?5?$CIString?$CJ?5?$CB?$DN?50?$AA@ 0000000000011ce0     BaseLib:String.obj
 0002:00001378       ??_C@_0BM@NNBLOHJD@StrSize?5?$CISearchString?$CJ?5?$CB?$DN?50?$AA@ 0000000000011cf8     BaseLib:String.obj
 0002:00001398       ??_C@_0DI@MDIKFADO@Length?5?$DM?5_gPcd_FixedAtBuild_PcdM@ 0000000000011d18     BaseLib:String.obj
 0002:000013d0       ??_C@_0BL@IKFBNFIL@AsciiStrSize?5?$CIFirstString?$CJ?$AA@ 0000000000011d50     BaseLib:String.obj
 0002:000013f0       ??_C@_0BM@EDNOKLLE@AsciiStrSize?5?$CISecondString?$CJ?$AA@ 0000000000011d70     BaseLib:String.obj
 0002:00001410       ??_C@_0DJ@JJHGIFMP@Length?5?$DM?$DN?5_gPcd_FixedAtBuild_Pcd@ 0000000000011d90     BaseLib:String.obj
 0002:00001450       ??_C@_0EE@FAJFAODK@c?3?2users?2mliang2x?2workspace?2edk2@ 0000000000011dd0     BaseLib:Unaligned.obj
 0002:000014a0       ??_C@_0EF@MFKKFBPN@c?3?2users?2mliang2x?2workspace?2edk2@ 0000000000011e20     BaseLib:SafeString.obj
 0002:000014e8       ??_C@_0CH@LALFPBMC@?$CI?$CIUINTN?$CJDestination?5?$CG?50x00000001@ 0000000000011e68     BaseLib:SafeString.obj
 0002:00001510       ??_C@_0CC@HEBCMBPF@?$CI?$CIUINTN?$CJSource?5?$CG?50x00000001?$CJ?5?$DN?$DN?5@ 0000000000011e90     BaseLib:SafeString.obj
 0002:00001538       ??_C@_0BO@ECNIOIHG@?$CIDestination?5?$CB?$DN?5?$CI?$CIvoid?5?$CK?$CJ?50?$CJ?$CJ?$AA@ 0000000000011eb8     BaseLib:SafeString.obj
 0002:00001558       ??_C@_07KBGDFDAM@StrCpyS?$AA@ 0000000000011ed8     BaseLib:SafeString.obj
 0002:00001560       ??_C@_0EA@PDPDJJNN@?$CFa?$CI?$CFd?$CJ?5?$CFa?3?5SAFE_STRING_CONSTRAIN@ 0000000000011ee0     BaseLib:SafeString.obj
 0002:000015a0       ??_C@_0BJ@EAEEJIP@?$CISource?5?$CB?$DN?5?$CI?$CIvoid?5?$CK?$CJ?50?$CJ?$CJ?$AA@ 0000000000011f20     BaseLib:SafeString.obj
 0002:000015c0       ??_C@_0EA@BBALOHPI@?$CIDestMax?5?$DM?$DN?5?$CI_gPcd_FixedAtBuild_@ 0000000000011f40     BaseLib:SafeString.obj
 0002:00001600       ??_C@_0P@PMIMLIHM@?$CIDestMax?5?$CB?$DN?50?$CJ?$AA@ 0000000000011f80     BaseLib:SafeString.obj
 0002:00001610       ??_C@_0BG@EEGIIOKH@?$CIDestMax?5?$DO?5SourceLen?$CJ?$AA@ 0000000000011f90     BaseLib:SafeString.obj
 0002:00001630       ??_C@_0FH@PPBLBDBJ@InternalSafeStringNoStrOverlap?5?$CI@ 0000000000011fb0     BaseLib:SafeString.obj
 0002:00001688       ??_C@_08INOAHJON@StrnCpyS?$AA@ 0000000000012008     BaseLib:SafeString.obj
 0002:00001698       ??_C@_0DP@PBOJGJC@?$CILength?5?$DM?$DN?5?$CI_gPcd_FixedAtBuild_P@ 0000000000012018     BaseLib:SafeString.obj
 0002:000016d8       ??_C@_07EBBOPAKF@StrCatS?$AA@ 0000000000012058     BaseLib:SafeString.obj
 0002:000016e0       ??_C@_0P@BHOOOJPD@?$CICopyLen?5?$CB?$DN?50?$CJ?$AA@ 0000000000012060     BaseLib:SafeString.obj
 0002:000016f0       ??_C@_0BG@BPGICNPK@?$CICopyLen?5?$DO?5SourceLen?$CJ?$AA@ 0000000000012070     BaseLib:SafeString.obj
 0002:00001708       ??_C@_0BJ@CNKJJNE@?$CIBuffer?5?$CB?$DN?5?$CI?$CIvoid?5?$CK?$CJ?50?$CJ?$CJ?$AA@ 0000000000012088     BaseLib:SafeString.obj
 0002:00001728       ??_C@_0N@KGHEHMDL@Divisor?5?$CB?$DN?50?$AA@ 00000000000120a8     BaseLib:DivU64x32.obj
 0002:00001738       ??_C@_0CI@BGLNHBLM@?$CI?$CI?$CIUINTN?$CJ?5?$CIStartOfBuffer?$CJ?$CJ?5?$CG?50x0@ 00000000000120b8     BasePrintLib:PrintLib.obj
 0002:00001760       ??_C@_0EI@PHEOPKNG@c?3?2users?2mliang2x?2workspace?2edk2@ 00000000000120e0     BasePrintLib:PrintLib.obj
 0002:000017a8       ??_C@_0CH@KJLBGOBB@?$CI?$CI?$CIUINTN?$CJ?5?$CIFormatString?$CJ?$CJ?5?$CG?50x01@ 0000000000012128     BasePrintLib:PrintLib.obj
 0002:000017d0       ??_C@_0CB@LDBAOPMG@?$CI?$CI?$CIUINTN?$CJ?5?$CIBuffer?$CJ?$CJ?5?$CG?50x01?$CJ?5?$DN?$DN?50@ 0000000000012150     BasePrintLib:PrintLib.obj
 0002:00001800       ??_C@_0FA@JGMHCDLA@c?3?2users?2mliang2x?2workspace?2edk2@ 0000000000012180     BasePrintLib:PrintLibInternal.obj
 0002:00001850       ??_C@_0EB@HDGIDCIO@?$CIBufferSize?5?$DM?$DN?5?$CI_gPcd_FixedAtBui@ 00000000000121d0     BasePrintLib:PrintLibInternal.obj
 0002:000018a0       ??_C@_0FJ@HAEMOBLP@?$CIBufferSize?5?$DM?$DN?5?$CI_gPcd_FixedAtBui@ 0000000000012220     BasePrintLib:PrintLibInternal.obj
 0002:00001900       ??_C@_0N@PNKFBKME@?$CIWidth?5?$DM?538?$CJ?$AA@ 0000000000012280     BasePrintLib:PrintLibInternal.obj
 0002:00001910       ??_C@_0CI@HPJOGFNE@?$CIBufferSize?5?$DO?$DN?5?$CIWidth?5?$CL?51?$CJ?5?$CK?5Inc@ 0000000000012290     BasePrintLib:PrintLibInternal.obj
 0002:00001938       ??_C@_0BJ@PPAKKDJG@?$CIFormat?5?$CB?$DN?5?$CI?$CIvoid?5?$CK?$CJ?50?$CJ?$CJ?$AA@ 00000000000122b8     BasePrintLib:PrintLibInternal.obj
 0002:00001960       ??_C@_0ED@LPDDCECB@?$CIBufferSize?5?$DM?$DN?5?$CI_gPcd_FixedAtBui@ 00000000000122e0     BasePrintLib:PrintLibInternal.obj
 0002:000019b0       ??_C@_0IM@BFJJFLGB@?$CIStrnLenS?5?$CI?$CICHAR16?5?$CK?$CJFormat?0?5?$CI_g@ 0000000000012330     BasePrintLib:PrintLibInternal.obj
 0002:00001a40       ??_C@_0ID@PLGJGION@?$CIAsciiStrnLenS?5?$CIFormat?0?5?$CI_gPcd_F@ 00000000000123c0     BasePrintLib:PrintLibInternal.obj
 0002:00001ac8       ??_C@_0O@MLOLIMFM@?$DMnull?5string?$DO?$AA@ 0000000000012448     BasePrintLib:PrintLibInternal.obj
 0002:00001ad8       ??_C@_0M@BJJDNPHK@?$DMnull?5guid?$DO?$AA@ 0000000000012458     BasePrintLib:PrintLibInternal.obj
 0002:00001ae8       ??_C@_0DB@PMLHLBMO@?$CF08x?9?$CF04x?9?$CF04x?9?$CF02x?$CF02x?9?$CF02x?$CF02x@ 0000000000012468     BasePrintLib:PrintLibInternal.obj
 0002:00001b20       ??_C@_0M@LHGBCIKM@?$DMnull?5time?$DO?$AA@ 00000000000124a0     BasePrintLib:PrintLibInternal.obj
 0002:00001b30       ??_C@_0BK@FCPKCIDD@?$CF02d?1?$CF02d?1?$CF04d?5?5?$CF02d?3?$CF02d?$AA@ 00000000000124b0     BasePrintLib:PrintLibInternal.obj
 0002:00001b4c       ??_C@_04JIMNDDED@?$CF08X?$AA@ 00000000000124cc     BasePrintLib:PrintLibInternal.obj
 0002:00001b54       ??_C@_02PCIJFNDE@?$AN?6?$AA@ 00000000000124d4     BasePrintLib:PrintLibInternal.obj
 0002:00001b58       ??_C@_01LIIJDEN@?$AN?$AA@  00000000000124d8     BasePrintLib:PrintLibInternal.obj
 0002:00001b60       mWarningString             00000000000124e0     BasePrintLib:PrintLibInternal.obj
 0002:00001c00       mErrorString               0000000000012580     BasePrintLib:PrintLibInternal.obj
 0002:00001ec0       mHexStr                    0000000000012840     BasePrintLib:PrintLibInternal.obj
 0002:00001ed0       ??_C@_0BH@LKMBFCBF@Format?5?$CB?$DN?5?$CI?$CIvoid?5?$CK?$CJ?50?$CJ?$AA@ 0000000000012850     PlatformDebugLibIoPort:DebugLib.obj
 0002:00001ef0       ??_C@_0FD@OABGLBHF@c?3?2users?2mliang2x?2workspace?2edk2@ 0000000000012870     PlatformDebugLibIoPort:DebugLib.obj
 0002:00001f48       ??_C@_0BE@ECBJLCDE@ASSERT?5?$CFa?$CI?$CFLu?$CJ?3?5?$CFa?6?$AA@ 00000000000128c8     PlatformDebugLibIoPort:DebugLib.obj
 0002:00001f60       ??_C@_0BN@COECPDCC@gImageHandle?5?$CB?$DN?5?$CI?$CIvoid?5?$CK?$CJ?50?$CJ?$AA@ 00000000000128e0     UefiBootServicesTableLib:UefiBootServicesTableLib.obj
 0002:00001f80       ??_C@_0GE@FKBNDHHB@c?3?2users?2mliang2x?2workspace?2edk2@ 0000000000012900     UefiBootServicesTableLib:UefiBootServicesTableLib.obj
 0002:00001fe8       ??_C@_0BE@DGNHAHIL@gST?5?$CB?$DN?5?$CI?$CIvoid?5?$CK?$CJ?50?$CJ?$AA@ 0000000000012968     UefiBootServicesTableLib:UefiBootServicesTableLib.obj
 0002:00002000       ??_C@_0BE@BDFJLGLN@gBS?5?$CB?$DN?5?$CI?$CIvoid?5?$CK?$CJ?50?$CJ?$AA@ 0000000000012980     UefiBootServicesTableLib:UefiBootServicesTableLib.obj
 0002:00002020       ??_C@_0FO@BEMDJMPM@c?3?2users?2mliang2x?2workspace?2edk2@ 00000000000129a0     UefiMemoryAllocationLib:MemoryAllocationLib.obj
 0002:00002080       ??_C@_0DO@GEEICOOO@AllocationSize?5?$DM?$DN?5?$CI0xFFFFFFFFFFF@ 0000000000012a00     UefiMemoryAllocationLib:MemoryAllocationLib.obj
 0002:000020c0       ??_C@_0GI@KEFAHLGJ@c?3?2users?2mliang2x?2workspace?2edk2@ 0000000000012a40     UefiDevicePathLibDevicePathProtocol:UefiDevicePathLib.obj
 0002:00002128       ??_C@_0DC@CNNBPJA@mDevicePathLibDevicePathUtilitie@ 0000000000012aa8     UefiDevicePathLibDevicePathProtocol:UefiDevicePathLib.obj
 0002:00002160       ??_C@_0BF@CBLMFKOC@Node?5?$CB?$DN?5?$CI?$CIvoid?5?$CK?$CJ?50?$CJ?$AA@ 0000000000012ae0     UefiDevicePathLibDevicePathProtocol:UefiDevicePathLib.obj
 0002:00002178       ??_C@_0BE@OBDFIHND@gRT?5?$CB?$DN?5?$CI?$CIvoid?5?$CK?$CJ?50?$CJ?$AA@ 0000000000012af8     UefiRuntimeServicesTableLib:UefiRuntimeServicesTableLib.obj
 0002:00002190       ??_C@_0GK@FJIMGEPP@c?3?2users?2mliang2x?2workspace?2edk2@ 0000000000012b10     UefiRuntimeServicesTableLib:UefiRuntimeServicesTableLib.obj
 0002:00002200       ??_C@_0EC@DCGCAOKF@c?3?2users?2mliang2x?2workspace?2edk2@ 0000000000012b80     UefiLib:UefiLib.obj
 0002:00002248       ??_C@_0BN@HHGHCLME@ProtocolGuid?5?$CB?$DN?5?$CI?$CIvoid?5?$CK?$CJ?50?$CJ?$AA@ 0000000000012bc8     UefiLib:UefiLib.obj
 0002:00002268       ??_C@_0BP@DEIEJICI@NotifyFunction?5?$CB?$DN?5?$CI?$CIvoid?5?$CK?$CJ?50?$CJ?$AA@ 0000000000012be8     UefiLib:UefiLib.obj
 0002:00002288       ??_C@_0BN@OMCJCPAI@Registration?5?$CB?$DN?5?$CI?$CIvoid?5?$CK?$CJ?50?$CJ?$AA@ 0000000000012c08     UefiLib:UefiLib.obj
 0002:000022a8       ??_C@_0BF@JGGLMCFN@Lock?5?$CB?$DN?5?$CI?$CIvoid?5?$CK?$CJ?50?$CJ?$AA@ 0000000000012c28     UefiLib:UefiLib.obj
 0002:000022c0       ??_C@_0CD@PGOFFOAH@Lock?9?$DOLock?5?$CB?$DN?5EfiLockUninitializ@ 0000000000012c40     UefiLib:UefiLib.obj
 0002:000022e8       ??_C@_0BO@FHNOFLFJ@Lock?9?$DOLock?5?$DN?$DN?5EfiLockAcquired?$AA@ 0000000000012c68     UefiLib:UefiLib.obj
 0002:00002310       ??_C@_0EG@GOBFPEEP@Name?5?$CB?$DN?5?$CI?$CIvoid?5?$CK?$CJ?50?$CJ?5?$CG?$CG?5Guid?5?$CB?$DN?5@ 0000000000012c90     UefiLib:UefiLib.obj
 0002:00002358       ??_C@_0BH@FMEOEIBC@?$CKValue?5?$CB?$DN?5?$CI?$CIvoid?5?$CK?$CJ?50?$CJ?$AA@ 0000000000012cd8     UefiLib:UefiLib.obj
 0002:00002370       ??_C@_0CD@OLFKAJF@SupportedLanguages?5?$CB?$DN?5?$CI?$CIvoid?5?$CK?$CJ?5@ 0000000000012cf0     UefiLib:UefiLib.obj
 0002:000023a0       ??_C@_0EK@CMFOJGEC@c?3?2users?2mliang2x?2workspace?2edk2@ 0000000000012d20     UefiLib:UefiDriverModel.obj
 0002:000023f0       ??_C@_0BD@BHENKNKP@NumberOfLines?5?$CB?$DN?50?$AA@ 0000000000012d70     UefiLib:Console.obj
 0002:00002410       ??_C@_0EC@EJLIGNPA@c?3?2users?2mliang2x?2workspace?2edk2@ 0000000000012d90     UefiLib:Console.obj
 0002:00002458       ??_C@_0P@ICDOOCHP@MaxLength?5?$CB?$DN?50?$AA@ 0000000000012dd8     UefiLib:Console.obj
 0002:00002468       ??_C@_0BF@DMEONNDO@Line?5?$CB?$DN?5?$CI?$CIvoid?5?$CK?$CJ?50?$CJ?$AA@ 0000000000012de8     UefiLib:Console.obj
 0002:00002480       ??_C@_0BK@IHAIHFJE@TmpString?5?$CB?$DN?5?$CI?$CIvoid?5?$CK?$CJ?50?$CJ?$AA@ 0000000000012e00     UefiLib:Console.obj
 0002:000024a0       ??_C@_17LGKOMLJ@?$AA?4?$AA?4?$AA?4?$AA?$AA@ 0000000000012e20     UefiLib:Console.obj
 0002:000024b0       ??_C@_0FO@HNLMMFDN@c?3?2users?2mliang2x?2workspace?2edk2@ 0000000000012e30     UefiHiiServicesLib:UefiHiiServicesLib.obj
 0002:00002510       ??_C@_0EK@GBBIEMHN@c?3?2users?2mliang2x?2workspace?2edk2@ 0000000000012e90     DxeNetLib:DxeNetLib.obj
 0002:00002560       ??_C@_0N@NMJPNKHJ@NetMask?5?$CB?$DN?50?$AA@ 0000000000012ee0     DxeNetLib:DxeNetLib.obj
 0002:00002570       ??_C@_0CI@KOOBFNBF@?$CIMaskLength?5?$DO?$DN?50?$CJ?5?$CG?$CG?5?$CIMaskLength@ 0000000000012ef0     DxeNetLib:DxeNetLib.obj
 0002:00002598       ??_C@_0DG@FBNPJOEF@PostEntry?5?$CB?$DN?5?$CI?$CIvoid?5?$CK?$CJ?50?$CJ?5?$CG?$CG?5New@ 0000000000012f18     DxeNetLib:DxeNetLib.obj
 0002:000025d0       ??_C@_0BE@GMKCNDGH@Map?5?$CB?$DN?5?$CI?$CIvoid?5?$CK?$CJ?50?$CJ?$AA@ 0000000000012f50     DxeNetLib:DxeNetLib.obj
 0002:000025e8       ??_C@_0CO@MHIOADDG@?$CIMap?9?$DOCount?5?$DN?$DN?50?$CJ?5?$CG?$CG?5IsListEmpty@ 0000000000012f68     DxeNetLib:DxeNetLib.obj
 0002:00002618       ??_C@_0BN@JFJNMPHO@IsListEmpty?5?$CI?$CGMap?9?$DORecycled?$CJ?$AA@ 0000000000012f98     DxeNetLib:DxeNetLib.obj
 0002:00002638       ??_C@_0CL@KMKICODD@Map?5?$CB?$DN?5?$CI?$CIvoid?5?$CK?$CJ?50?$CJ?5?$CG?$CG?5Key?5?$CB?$DN?5?$CI?$CI@ 0000000000012fb8     DxeNetLib:DxeNetLib.obj
 0002:00002668       ??_C@_0CM@FAAJCOOB@Map?5?$CB?$DN?5?$CI?$CIvoid?5?$CK?$CJ?50?$CJ?5?$CG?$CG?5Item?5?$CB?$DN?5?$CI@ 0000000000012fe8     DxeNetLib:DxeNetLib.obj
 0002:00002698       ??_C@_0DA@EGCKNGAF@?$CIMap?5?$CB?$DN?5?$CI?$CIvoid?5?$CK?$CJ?50?$CJ?$CJ?5?$CG?$CG?5?$CIItem?5?$CB@ 0000000000013018     DxeNetLib:DxeNetLib.obj
 0002:000026c8       ??_C@_0BJ@KPMFLONP@NetItemInMap?5?$CIMap?0?5Item?$CJ?$AA@ 0000000000013048     DxeNetLib:DxeNetLib.obj
 0002:000026e8       ??_C@_0CB@DNKJKBEA@Map?5?$CG?$CG?5?$CBIsListEmpty?5?$CI?$CGMap?9?$DOUsed?$CJ@ 0000000000013068     DxeNetLib:DxeNetLib.obj
 0002:00002710       ??_C@_0DE@HCAAMLMB@?$CIMap?5?$CB?$DN?5?$CI?$CIvoid?5?$CK?$CJ?50?$CJ?$CJ?5?$CG?$CG?5?$CICallBa@ 0000000000013090     DxeNetLib:DxeNetLib.obj
 0002:00002750       ??_C@_0EG@FMMHPKDI@?$CIServiceBindingGuid?5?$CB?$DN?5?$CI?$CIvoid?5?$CK?$CJ@ 00000000000130d0     DxeNetLib:DxeNetLib.obj
 0002:00002798       ??_C@_0CD@PCCGAHJM@ServiceBindingGuid?5?$CB?$DN?5?$CI?$CIvoid?5?$CK?$CJ?5@ 0000000000013118     DxeNetLib:DxeNetLib.obj
 0002:000027c0       ??_C@_0BK@GPKNKKJO@MacString?5?$CB?$DN?5?$CI?$CIvoid?5?$CK?$CJ?50?$CJ?$AA@ 0000000000013140     DxeNetLib:DxeNetLib.obj
 0002:000027e0       gIp4AllMasks               0000000000013160     DxeNetLib:DxeNetLib.obj
 0002:00002868       ??_C@_0BA@MDHFKOHH@BlockOpNum?5?$DO?$DN?51?$AA@ 00000000000131e8     DxeNetLib:NetBuffer.obj
 0002:00002880       ??_C@_0EK@HPDBBEBA@c?3?2users?2mliang2x?2workspace?2edk2@ 0000000000013200     DxeNetLib:NetBuffer.obj
 0002:000028d0       ??_C@_07DJKBCKNJ@Len?5?$DO?50?$AA@ 0000000000013250     DxeNetLib:NetBuffer.obj
 0002:000028d8       ??_C@_0BH@HKOFEGGJ@Vector?5?$CB?$DN?5?$CI?$CIvoid?5?$CK?$CJ?50?$CJ?$AA@ 0000000000013258     DxeNetLib:NetBuffer.obj
 0002:000028f0       ??_C@_0GP@BJHFFKHJ@?$CI?$CIVector?$CJ?5?$CB?$DN?5?$CI?$CIvoid?5?$CK?$CJ?50?$CJ?$CJ?5?$CG?$CG?5?$CI?$CI@ 0000000000013270     DxeNetLib:NetBuffer.obj
 0002:00002960       ??_C@_0BD@DIPGLBBO@Vector?9?$DORefCnt?5?$DO?50?$AA@ 00000000000132e0     DxeNetLib:NetBuffer.obj
 0002:00002978       ??_C@_0BF@LJMLDKHP@Nbuf?5?$CB?$DN?5?$CI?$CIvoid?5?$CK?$CJ?50?$CJ?$AA@ 00000000000132f8     DxeNetLib:NetBuffer.obj
 0002:00002990       ??_C@_0GL@IFMHLCLE@?$CI?$CINbuf?$CJ?5?$CB?$DN?5?$CI?$CIvoid?5?$CK?$CJ?50?$CJ?$CJ?5?$CG?$CG?5?$CI?$CINb@ 0000000000013310     DxeNetLib:NetBuffer.obj
 0002:00002a00       ??_C@_0BB@DOGOGLPG@Nbuf?9?$DORefCnt?5?$DO?50?$AA@ 0000000000013380     DxeNetLib:NetBuffer.obj
 0002:00002a20       ??_C@_0HL@FGMBHKJG@?$CI?$CINbuf?9?$DOVector?$CJ?5?$CB?$DN?5?$CI?$CIvoid?5?$CK?$CJ?50?$CJ?$CJ@ 00000000000133a0     DxeNetLib:NetBuffer.obj
 0002:00002aa0       ??_C@_0BJ@KIFBBHL@Index?5?$DM?5Nbuf?9?$DOBlockOpNum?$AA@ 0000000000013420     DxeNetLib:NetBuffer.obj
 0002:00002ac0       ??_C@_0O@GCGIAIEL@Last?5?$DO?$DN?5First?$AA@ 0000000000013440     DxeNetLib:NetBuffer.obj
 0002:00002ad0       ??_C@_0EL@JHACLFKC@?$CIExtFragment?5?$CB?$DN?5?$CI?$CIvoid?5?$CK?$CJ?50?$CJ?$CJ?5?$CG?$CG@ 0000000000013450     DxeNetLib:NetBuffer.obj
 0002:00002b20       ??_C@_0DC@MGLKJFKO@?$CINbuf?9?$DOBlockOpNum?5?$DN?$DN?51?$CJ?5?$CG?$CG?5?$CINbuf@ 00000000000134a0     DxeNetLib:NetBuffer.obj
 0002:00002b60       ??_C@_0ED@NCEEIHFB@?$CINbuf?9?$DOVector?9?$DOFree?5?$DN?$DN?5?$CI?$CIvoid?5?$CK?$CJ@ 00000000000134e0     DxeNetLib:NetBuffer.obj
 0002:00002ba8       ??_C@_0DE@FGAADEGF@Nbuf?9?$DOBlockOp?$FL0?$FN?4Tail?5?$DM?$DN?5Nbuf?9?$DOB@ 0000000000013528     DxeNetLib:NetBuffer.obj
 0002:00002be0       ??_C@_0DE@CILPCCFL@?$CIBlockOp?5?$CB?$DN?5?$CI?$CIvoid?5?$CK?$CJ?50?$CJ?$CJ?5?$CG?$CG?5?$CIBl@ 0000000000013560     DxeNetLib:NetBuffer.obj
 0002:00002c14       ??_C@_04IFLCJLKB@Dest?$AA@ 0000000000013594     DxeNetLib:NetBuffer.obj
 0002:00002c20       ??_C@_0BJ@IHHEPCDD@Nbuf?9?$DOVector?9?$DORefCnt?5?$DO?50?$AA@ 00000000000135a0     DxeNetLib:NetBuffer.obj
 0002:00002c40       ??_C@_0EH@NHHMJFMK@c?3?2users?2mliang2x?2workspace?2edk2@ 00000000000135c0     DxeDpcLib:DpcLib.obj
 0002:00002c88       ??_C@_0BK@KLJHMMPJ@HiiHandle?5?$CB?$DN?5?$CI?$CIvoid?5?$CK?$CJ?50?$CJ?$AA@ 0000000000013608     UefiHiiLib:HiiString.obj
 0002:00002cb0       ??_C@_0EN@DDBLCGFI@c?3?2users?2mliang2x?2workspace?2edk2@ 0000000000013630     UefiHiiLib:HiiString.obj
 0002:00002d00       ??_C@_06PLDEFKP@x?9UEFI?$AA@ 0000000000013680     UefiHiiLib:HiiString.obj
 0002:00002d08       ??_C@_0CA@OEKIMLLB@PackageListGuid?5?$CB?$DN?5?$CI?$CIvoid?5?$CK?$CJ?50?$CJ?$AA@ 0000000000013688     UefiHiiLib:HiiString.obj
 0002:00002d28       ??_C@_1BK@GGGENMOA@?$AAP?$AAl?$AAa?$AAt?$AAf?$AAo?$AAr?$AAm?$AAL?$AAa?$AAn?$AAg?$AA?$AA@ 00000000000136a8     UefiHiiLib:HiiString.obj
 0002:00002d42       ??_C@_00CNPNBAHC@?$AA@     00000000000136c2     UefiHiiLib:HiiString.obj
 0002:00002d50       ??_C@_0EK@CCOCGB@c?3?2users?2mliang2x?2workspace?2edk2@ 00000000000136d0     UefiHiiLib:HiiLib.obj
 0002:00002da0       ??_C@_0BN@EHPNHAIF@ConfigString?5?$CB?$DN?5?$CI?$CIvoid?5?$CK?$CJ?50?$CJ?$AA@ 0000000000013720     UefiHiiLib:HiiLib.obj
 0002:00002dc0       ??_C@_1M@DPLGJLCD@?$AAG?$AAU?$AAI?$AAD?$AA?$DN?$AA?$AA@ 0000000000013740     UefiHiiLib:HiiLib.obj
 0002:00002dd0       ??_C@_1O@FMIENBLJ@?$AA?$CG?$AAN?$AAA?$AAM?$AAE?$AA?$DN?$AA?$AA@ 0000000000013750     UefiHiiLib:HiiLib.obj
 0002:00002de0       ??_C@_1O@GGMHNGIF@?$AA?$CG?$AAP?$AAA?$AAT?$AAH?$AA?$DN?$AA?$AA@ 0000000000013760     UefiHiiLib:HiiLib.obj
 0002:00002df0       ??_C@_0BM@LENJOOBF@FirstString?5?$CB?$DN?5?$CI?$CIvoid?5?$CK?$CJ?50?$CJ?$AA@ 0000000000013770     UefiHiiLib:HiiLib.obj
 0002:00002e10       ??_C@_0BN@CGMEJHHH@SecondString?5?$CB?$DN?5?$CI?$CIvoid?5?$CK?$CJ?50?$CJ?$AA@ 0000000000013790     UefiHiiLib:HiiLib.obj
 0002:00002e30       ??_C@_0CC@BCKDEPBB@StartSearchString?5?$CB?$DN?5?$CI?$CIvoid?5?$CK?$CJ?50@ 00000000000137b0     UefiHiiLib:HiiLib.obj
 0002:00002e58       ??_C@_0CB@NPMPBLHL@StopSearchString?5?$CB?$DN?5?$CI?$CIvoid?5?$CK?$CJ?50?$CJ@ 00000000000137d8     UefiHiiLib:HiiLib.obj
 0002:00002e80       ??_C@_0BK@LFDBOAFJ@ConfigHdr?5?$CB?$DN?5?$CI?$CIvoid?5?$CK?$CJ?50?$CJ?$AA@ 0000000000013800     UefiHiiLib:HiiLib.obj
 0002:00002ea0       ??_C@_1M@IDEFLMF@?$AA?$CF?$AAs?$AA?$CG?$AA?$CF?$AAs?$AA?$AA@ 0000000000013820     UefiHiiLib:HiiLib.obj
 0002:00002eb0       mConfigHdrTemplate         0000000000013830     UefiHiiLib:HiiLib.obj
 0002:00002f20       mEndOfPakageList           00000000000138a0     UefiHiiLib:HiiLib.obj
 0002:00002f30       ??_C@_0EP@LMJDKFAP@c?3?2users?2mliang2x?2workspace?2edk2@ 00000000000138b0     UefiHiiLib:HiiLanguage.obj
 0002:00002f80       ??_C@_0DI@DAGDPLPG@?$CILength?5?9?51?$CJ?5?$DM?$DN?5?$CI0xFFFFFFFFFFFFF@ 0000000000013900     BaseMemoryLibRepStr:SetMemWrapper.obj
 0002:00002fc0       ??_C@_0FG@BHBOFAHM@c?3?2users?2mliang2x?2workspace?2edk2@ 0000000000013940     BaseMemoryLibRepStr:SetMem16Wrapper.obj
 0002:00003018       ??_C@_0CO@LECKNDNC@?$CI?$CI?$CIUINTN?$CJBuffer?$CJ?5?$CG?5?$CIsizeof?5?$CIValu@ 0000000000013998     BaseMemoryLibRepStr:SetMem16Wrapper.obj
 0002:00003048       ??_C@_0CF@LEICOABD@?$CILength?5?$CG?5?$CIsizeof?5?$CIValue?$CJ?5?9?51?$CJ?$CJ?5@ 00000000000139c8     BaseMemoryLibRepStr:SetMem16Wrapper.obj
 0002:00003070       ??_C@_0EN@EIGKPMFG@c?3?2users?2mliang2x?2workspace?2edk2@ 00000000000139f0     BaseLib:DivU64x32Remainder.obj
 0003:00000000       gEfiLoadedImageProtocolGuid 0000000000013bc0     Ip4Dxe:AutoGen.obj
 0003:00000010       gEfiGlobalVariableGuid     0000000000013bd0     Ip4Dxe:AutoGen.obj
 0003:00000020       gEfiComponentName2ProtocolGuid 0000000000013be0     Ip4Dxe:AutoGen.obj
 0003:00000030       gIp4Config2NvDataGuid      0000000000013bf0     Ip4Dxe:AutoGen.obj
 0003:00000040       gEfiDhcp4ServiceBindingProtocolGuid 0000000000013c00     Ip4Dxe:AutoGen.obj
 0003:00000050       gEfiDevicePathProtocolGuid 0000000000013c10     Ip4Dxe:AutoGen.obj
 0003:00000060       gEfiSimpleNetworkProtocolGuid 0000000000013c20     Ip4Dxe:AutoGen.obj
 0003:00000070       gEfiIpSec2ProtocolGuid     0000000000013c30     Ip4Dxe:AutoGen.obj
 0003:00000080       gEfiHiiConfigRoutingProtocolGuid 0000000000013c40     Ip4Dxe:AutoGen.obj
 0003:00000090       gEfiIp4Config2ProtocolGuid 0000000000013c50     Ip4Dxe:AutoGen.obj
 0003:000000a0       gEfiHiiImageProtocolGuid   0000000000013c60     Ip4Dxe:AutoGen.obj
 0003:000000b0       gEfiDevicePathUtilitiesProtocolGuid 0000000000013c70     Ip4Dxe:AutoGen.obj
 0003:000000c0       gEfiIp4ServiceBindingProtocolGuid 0000000000013c80     Ip4Dxe:AutoGen.obj
 0003:000000d0       gEfiHiiDatabaseProtocolGuid 0000000000013c90     Ip4Dxe:AutoGen.obj
 0003:000000e0       gEfiHiiStringProtocolGuid  0000000000013ca0     Ip4Dxe:AutoGen.obj
 0003:000000f0       gEfiHiiConfigAccessProtocolGuid 0000000000013cb0     Ip4Dxe:AutoGen.obj
 0003:00000100       gEfiIp4ProtocolGuid        0000000000013cc0     Ip4Dxe:AutoGen.obj
 0003:00000110       gEfiManagedNetworkServiceBindingProtocolGuid 0000000000013cd0     Ip4Dxe:AutoGen.obj
 0003:00000120       gEfiFormBrowser2ProtocolGuid 0000000000013ce0     Ip4Dxe:AutoGen.obj
 0003:00000130       gEfiDriverBindingProtocolGuid 0000000000013cf0     Ip4Dxe:AutoGen.obj
 0003:00000140       Ip4DxeStrings              0000000000013d00     Ip4Dxe:AutoGen.obj
 0003:000005b0       gEfiArpServiceBindingProtocolGuid 0000000000014170     Ip4Dxe:AutoGen.obj
 0003:000005c0       gEfiComponentNameProtocolGuid 0000000000014180     Ip4Dxe:AutoGen.obj
 0003:000005d0       gEfiDpcProtocolGuid        0000000000014190     Ip4Dxe:AutoGen.obj
 0003:000005e0       gEfiCallerIdGuid           00000000000141a0     Ip4Dxe:AutoGen.obj
 0003:000005f0       gEfiDhcp4ProtocolGuid      00000000000141b0     Ip4Dxe:AutoGen.obj
 0003:00000600       gEfiManagedNetworkProtocolGuid 00000000000141c0     Ip4Dxe:AutoGen.obj
 0003:00000610       gEfiArpProtocolGuid        00000000000141d0     Ip4Dxe:AutoGen.obj
 0003:00000620       gEfiHiiFontProtocolGuid    00000000000141e0     Ip4Dxe:AutoGen.obj
 0003:00000630       gIp4DriverBinding          00000000000141f0     Ip4Dxe:Ip4Driver.obj
 0003:00000660       mEfiIp4ProtocolTemplete    0000000000014220     Ip4Dxe:Ip4Impl.obj
 0003:000006a0       gIp4ComponentName          0000000000014260     Ip4Dxe:ComponentName.obj
 0003:000006b8       gIp4ComponentName2         0000000000014278     Ip4Dxe:ComponentName.obj
 0003:000006d0       mIp4DriverNameTable        0000000000014290     Ip4Dxe:ComponentName.obj
 0003:000006f0       mIp4Config2InstanceList    00000000000142b0     Ip4Dxe:Ip4Config2Impl.obj
 0003:00000700       mRouteAlertOption          00000000000142c0     Ip4Dxe:Ip4Igmp.obj
 0003:00000708       mIp4SupportedIcmp          00000000000142c8     Ip4Dxe:Ip4Icmp.obj
 0003:00000738       mIcmpClass                 00000000000142f8     Ip4Dxe:Ip4Icmp.obj
 0003:00000760       mIp4Config2StorageName     0000000000014320     Ip4Dxe:Ip4Config2Nv.obj
 0003:00000790       Ip4Config2Bin              0000000000014350     Ip4Dxe:Ip4Config2.obj
 0003:000008e0       mIpSec2Installed           00000000000144a0     Ip4Dxe:Ip4Driver.obj
 0003:000008e8       mIpSec                     00000000000144a8     Ip4Dxe:Ip4Impl.obj
 0003:000008f0       gIp4ControllerNameTable    00000000000144b0     Ip4Dxe:ComponentName.obj
 0003:00000900       gST                        00000000000144c0     UefiBootServicesTableLib:UefiBootServicesTableLib.obj
 0003:00000908       gBS                        00000000000144c8     UefiBootServicesTableLib:UefiBootServicesTableLib.obj
 0003:00000910       gImageHandle               00000000000144d0     UefiBootServicesTableLib:UefiBootServicesTableLib.obj
 0003:00000918       mDevicePathLibDevicePathUtilities 00000000000144d8     UefiDevicePathLibDevicePathProtocol:UefiDevicePathLib.obj
 0003:00000920       gRT                        00000000000144e0     UefiRuntimeServicesTableLib:UefiRuntimeServicesTableLib.obj
 0003:00000928       gHiiConfigRouting          00000000000144e8     UefiHiiServicesLib:UefiHiiServicesLib.obj
 0003:00000930       gHiiString                 00000000000144f0     UefiHiiServicesLib:UefiHiiServicesLib.obj
 0003:00000938       gHiiFont                   00000000000144f8     UefiHiiServicesLib:UefiHiiServicesLib.obj
 0003:00000940       gHiiImage                  0000000000014500     UefiHiiServicesLib:UefiHiiServicesLib.obj
 0003:00000948       gHiiDatabase               0000000000014508     UefiHiiServicesLib:UefiHiiServicesLib.obj
 0003:00000950       mUefiFormBrowser2          0000000000014510     UefiHiiLib:HiiLib.obj
 0003:00000958       mDpc                       0000000000014518     <common>
 0003:00000960       mIp4Id                     0000000000014520     <common>
 0003:00000980       mZeroMacAddress            0000000000014540     <common>

 entry point at        0001:0000049c

 Static symbols

 0001:0000003a       InternalMemCopyMem.0       00000000000002fa     BaseMemoryLibRepStr:CopyMem.obj
 0001:0000004a       @CopyBackward              000000000000030a     BaseMemoryLibRepStr:CopyMem.obj
 0001:00000053       @CopyBytes                 0000000000000313     BaseMemoryLibRepStr:CopyMem.obj
 0001:0000014a       @UseRepIo                  000000000000040a     BaseIoLibIntrinsicSev:IoFifoSev.obj
 0001:0000014c       @SevNoRepIo_Done           000000000000040c     BaseIoLibIntrinsicSev:IoFifoSev.obj
 0001:00000164       @IoReadFifo8_NoRep         0000000000000424     BaseIoLibIntrinsicSev:IoFifoSev.obj
 0001:00000166       @IoReadFifo8_Loop          0000000000000426     BaseIoLibIntrinsicSev:IoFifoSev.obj
 0001:0000016e       @IoReadFifo8_Done          000000000000042e     BaseIoLibIntrinsicSev:IoFifoSev.obj
 0001:00000187       @IoReadFifo16_NoRep        0000000000000447     BaseIoLibIntrinsicSev:IoFifoSev.obj
 0001:00000189       @IoReadFifo16_Loop         0000000000000449     BaseIoLibIntrinsicSev:IoFifoSev.obj
 0001:00000194       @IoReadFifo16_Done         0000000000000454     BaseIoLibIntrinsicSev:IoFifoSev.obj
 0001:000001ac       @IoReadFifo32_NoRep        000000000000046c     BaseIoLibIntrinsicSev:IoFifoSev.obj
 0001:000001ae       @IoReadFifo32_Loop         000000000000046e     BaseIoLibIntrinsicSev:IoFifoSev.obj
 0001:000001b7       @IoReadFifo32_Done         0000000000000477     BaseIoLibIntrinsicSev:IoFifoSev.obj
 0001:000001cf       @IoWriteFifo8_NoRep        000000000000048f     BaseIoLibIntrinsicSev:IoFifoSev.obj
 0001:000001d1       @IoWriteFifo8_Loop         0000000000000491     BaseIoLibIntrinsicSev:IoFifoSev.obj
 0001:000001d9       @IoWriteFifo8_Done         0000000000000499     BaseIoLibIntrinsicSev:IoFifoSev.obj
 0001:000001f2       @IoWriteFifo16_NoRep       00000000000004b2     BaseIoLibIntrinsicSev:IoFifoSev.obj
 0001:000001f4       @IoWriteFifo16_Loop        00000000000004b4     BaseIoLibIntrinsicSev:IoFifoSev.obj
 0001:000001ff       @IoWriteFifo16_Done        00000000000004bf     BaseIoLibIntrinsicSev:IoFifoSev.obj
 0001:00000217       @IoWriteFifo32_NoRep       00000000000004d7     BaseIoLibIntrinsicSev:IoFifoSev.obj
 0001:00000219       @IoWriteFifo32_Loop        00000000000004d9     BaseIoLibIntrinsicSev:IoFifoSev.obj
 0001:00000222       @IoWriteFifo32_Done        00000000000004e2     BaseIoLibIntrinsicSev:IoFifoSev.obj
 0001:0000028e       TdVmCall.no_return_data    000000000000054e     BaseLib:TdVmcall.obj
 0001:0000030b       TdCall.exit                00000000000005cb     BaseLib:TdCall.obj
 0003:000008f8       mDebugIoPortChecked        00000000000144b8     PlatformDebugLibIoPort:DebugLibDetect.obj
 0003:000008f9       mDebugIoPortFound          00000000000144b9     PlatformDebugLibIoPort:DebugLibDetect.obj
 0004:00000000       $pdata$_DriverUnloadHandler 0000000000014560     UefiDriverEntryPoint:DriverEntryPoint.obj
 0004:0000000c       $pdata$_ModuleEntryPoint   000000000001456c     UefiDriverEntryPoint:DriverEntryPoint.obj
 0004:00000018       $pdata$ProcessLibraryConstructorList 0000000000014578     Ip4Dxe:AutoGen.obj
 0004:00000024       $pdata$ProcessModuleEntryPointList 0000000000014584     Ip4Dxe:AutoGen.obj
 0004:00000030       $pdata$IpSec2InstalledCallback 0000000000014590     Ip4Dxe:Ip4Driver.obj
 0004:0000003c       $pdata$Ip4DriverBindingSupported 000000000001459c     Ip4Dxe:Ip4Driver.obj
 0004:00000048       $pdata$Ip4CreateService    00000000000145a8     Ip4Dxe:Ip4Driver.obj
 0004:00000054       $pdata$Ip4CleanService     00000000000145b4     Ip4Dxe:Ip4Driver.obj
 0004:00000060       $pdata$Ip4DestroyChildEntryInHandleBuffer 00000000000145c0     Ip4Dxe:Ip4Driver.obj
 0004:0000006c       $pdata$Ip4DriverBindingStart 00000000000145cc     Ip4Dxe:Ip4Driver.obj
 0004:00000078       $pdata$Ip4DriverBindingStop 00000000000145d8     Ip4Dxe:Ip4Driver.obj
 0004:00000084       $pdata$Ip4ServiceBindingCreateChild 00000000000145e4     Ip4Dxe:Ip4Driver.obj
 0004:00000090       $pdata$Ip4ServiceBindingDestroyChild 00000000000145f0     Ip4Dxe:Ip4Driver.obj
 0004:0000009c       $pdata$EfiIp4GetModeData   00000000000145fc     Ip4Dxe:Ip4Impl.obj
 0004:000000a8       $pdata$Ip4ServiceConfigMnp 0000000000014608     Ip4Dxe:Ip4Impl.obj
 0004:000000b4       $pdata$Ip4InitProtocol     0000000000014614     Ip4Dxe:Ip4Impl.obj
 0004:000000c0       $pdata$Ip4ConfigProtocol   0000000000014620     Ip4Dxe:Ip4Impl.obj
 0004:000000cc       $pdata$Ip4CleanProtocol    000000000001462c     Ip4Dxe:Ip4Impl.obj
 0004:000000d8       $pdata$EfiIp4Configure     0000000000014638     Ip4Dxe:Ip4Impl.obj
 0004:000000e4       $pdata$Ip4Groups           0000000000014644     Ip4Dxe:Ip4Impl.obj
 0004:000000f0       $pdata$EfiIp4Groups        0000000000014650     Ip4Dxe:Ip4Impl.obj
 0004:000000fc       $pdata$EfiIp4Routes        000000000001465c     Ip4Dxe:Ip4Impl.obj
 0004:00000108       $pdata$Ip4TxTokenValid     0000000000014668     Ip4Dxe:Ip4Impl.obj
 0004:00000114       $pdata$Ip4FreeTxToken      0000000000014674     Ip4Dxe:Ip4Impl.obj
 0004:00000120       $pdata$Ip4OnPacketSent     0000000000014680     Ip4Dxe:Ip4Impl.obj
 0004:0000012c       $pdata$EfiIp4Transmit      000000000001468c     Ip4Dxe:Ip4Impl.obj
 0004:00000138       $pdata$EfiIp4Receive       0000000000014698     Ip4Dxe:Ip4Impl.obj
 0004:00000144       $pdata$Ip4CancelTxTokens   00000000000146a4     Ip4Dxe:Ip4Impl.obj
 0004:00000150       $pdata$Ip4CancelRxTokens   00000000000146b0     Ip4Dxe:Ip4Impl.obj
 0004:0000015c       $pdata$Ip4Cancel           00000000000146bc     Ip4Dxe:Ip4Impl.obj
 0004:00000168       $pdata$EfiIp4Cancel        00000000000146c8     Ip4Dxe:Ip4Impl.obj
 0004:00000174       $pdata$EfiIp4Poll          00000000000146d4     Ip4Dxe:Ip4Impl.obj
 0004:00000180       $pdata$Ip4SentPacketTicking 00000000000146e0     Ip4Dxe:Ip4Impl.obj
 0004:0000018c       $pdata$Ip4TimerTicking     00000000000146ec     Ip4Dxe:Ip4Impl.obj
 0004:00000198       $pdata$Ip4TimerReconfigChecking 00000000000146f8     Ip4Dxe:Ip4Impl.obj
 0004:000001a4       $pdata$Ip4FreeAssembleEntry 0000000000014704     Ip4Dxe:Ip4Input.obj
 0004:000001b0       $pdata$Ip4CleanAssembleTable 0000000000014710     Ip4Dxe:Ip4Input.obj
 0004:000001bc       $pdata$Ip4TrimPacket       000000000001471c     Ip4Dxe:Ip4Input.obj
 0004:000001c8       $pdata$Ip4Reassemble       0000000000014728     Ip4Dxe:Ip4Input.obj
 0004:000001d4       $pdata$Ip4IpSecFree        0000000000014734     Ip4Dxe:Ip4Input.obj
 0004:000001e0       $pdata$Ip4IpSecProcessPacket 0000000000014740     Ip4Dxe:Ip4Input.obj
 0004:000001ec       $pdata$Ip4PreProcessPacket 000000000001474c     Ip4Dxe:Ip4Input.obj
 0004:000001f8       $pdata$Ip4AccpetFrame      0000000000014758     Ip4Dxe:Ip4Input.obj
 0004:00000204       $pdata$Ip4OnRecyclePacket  0000000000014764     Ip4Dxe:Ip4Input.obj
 0004:00000210       $pdata$Ip4WrapRxData       0000000000014770     Ip4Dxe:Ip4Input.obj
 0004:0000021c       $pdata$Ip4InstanceDeliverPacket 000000000001477c     Ip4Dxe:Ip4Input.obj
 0004:00000228       $pdata$Ip4InterfaceEnquePacket 0000000000014788     Ip4Dxe:Ip4Input.obj
 0004:00000234       $pdata$Ip4Demultiplex      0000000000014794     Ip4Dxe:Ip4Input.obj
 0004:00000240       $pdata$Ip4ComponentNameGetDriverName 00000000000147a0     Ip4Dxe:ComponentName.obj
 0004:0000024c       $pdata$UpdateName          00000000000147ac     Ip4Dxe:ComponentName.obj
 0004:00000258       $pdata$Ip4ComponentNameGetControllerName 00000000000147b8     Ip4Dxe:ComponentName.obj
 0004:00000264       $pdata$Ip4FreeLinkTxToken  00000000000147c4     Ip4Dxe:Ip4If.obj
 0004:00000270       $pdata$Ip4FreeArpQue       00000000000147d0     Ip4Dxe:Ip4If.obj
 0004:0000027c       $pdata$Ip4FreeFrameRxToken 00000000000147dc     Ip4Dxe:Ip4If.obj
 0004:00000288       $pdata$Ip4CancelFrameArp   00000000000147e8     Ip4Dxe:Ip4If.obj
 0004:00000294       $pdata$Ip4CancelFrames     00000000000147f4     Ip4Dxe:Ip4If.obj
 0004:000002a0       $pdata$Ip4CreateInterface  0000000000014800     Ip4Dxe:Ip4If.obj
 0004:000002ac       $pdata$Ip4SetAddress       000000000001480c     Ip4Dxe:Ip4If.obj
 0004:000002b8       $pdata$Ip4CancelReceive    0000000000014818     Ip4Dxe:Ip4If.obj
 0004:000002c4       $pdata$Ip4FreeInterface    0000000000014824     Ip4Dxe:Ip4If.obj
 0004:000002d0       $pdata$Ip4SendFrameToDefaultRoute 0000000000014830     Ip4Dxe:Ip4If.obj
 0004:000002dc       $pdata$Ip4OnArpResolvedDpc 000000000001483c     Ip4Dxe:Ip4If.obj
 0004:000002e8       $pdata$Ip4OnFrameSentDpc   0000000000014848     Ip4Dxe:Ip4If.obj
 0004:000002f4       $pdata$Ip4SendFrame        0000000000014854     Ip4Dxe:Ip4If.obj
 0004:00000300       $pdata$Ip4RecycleFrame     0000000000014860     Ip4Dxe:Ip4If.obj
 0004:0000030c       $pdata$Ip4OnFrameReceivedDpc 000000000001486c     Ip4Dxe:Ip4If.obj
 0004:00000318       $pdata$Ip4ReceiveFrame     0000000000014878     Ip4Dxe:Ip4If.obj
 0004:00000324       $pdata$Ip4Config2DestroyDhcp4 0000000000014884     Ip4Dxe:Ip4Config2Impl.obj
 0004:00000330       $pdata$Ip4Config2OnPolicyChanged 0000000000014890     Ip4Dxe:Ip4Config2Impl.obj
 0004:0000033c       $pdata$Ip4Config2SignalEvent 000000000001489c     Ip4Dxe:Ip4Config2Impl.obj
 0004:00000348       $pdata$Ip4Config2ReadConfigData 00000000000148a8     Ip4Dxe:Ip4Config2Impl.obj
 0004:00000354       $pdata$Ip4Config2WriteConfigData 00000000000148b4     Ip4Dxe:Ip4Config2Impl.obj
 0004:00000360       $pdata$Ip4Config2BuildDefaultRouteTable 00000000000148c0     Ip4Dxe:Ip4Config2Impl.obj
 0004:0000036c       $pdata$Ip4Config2OnDhcp4SbInstalled 00000000000148cc     Ip4Dxe:Ip4Config2Impl.obj
 0004:00000378       $pdata$Ip4Config2SetDefaultAddr 00000000000148d8     Ip4Dxe:Ip4Config2Impl.obj
 0004:00000384       $pdata$Ip4Config2SetDnsServerWorker 00000000000148e4     Ip4Dxe:Ip4Config2Impl.obj
 0004:00000390       $pdata$Ip4Config2OnDhcp4Complete 00000000000148f0     Ip4Dxe:Ip4Config2Impl.obj
 0004:0000039c       $pdata$Ip4StartAutoConfig  00000000000148fc     Ip4Dxe:Ip4Config2Impl.obj
 0004:000003a8       $pdata$Ip4Config2GetIfInfo 0000000000014908     Ip4Dxe:Ip4Config2Impl.obj
 0004:000003b4       $pdata$Ip4Config2SetPolicy 0000000000014914     Ip4Dxe:Ip4Config2Impl.obj
 0004:000003c0       $pdata$Ip4Config2SetManualAddress 0000000000014920     Ip4Dxe:Ip4Config2Impl.obj
 0004:000003cc       $pdata$Ip4Config2SetGateway 000000000001492c     Ip4Dxe:Ip4Config2Impl.obj
 0004:000003d8       $pdata$Ip4Config2SetDnsServer 0000000000014938     Ip4Dxe:Ip4Config2Impl.obj
 0004:000003e4       $pdata$EfiIp4Config2SetData 0000000000014944     Ip4Dxe:Ip4Config2Impl.obj
 0004:000003f0       $pdata$EfiIp4Config2GetData 0000000000014950     Ip4Dxe:Ip4Config2Impl.obj
 0004:000003fc       $pdata$EfiIp4Config2RegisterDataNotify 000000000001495c     Ip4Dxe:Ip4Config2Impl.obj
 0004:00000408       $pdata$EfiIp4Config2UnregisterDataNotify 0000000000014968     Ip4Dxe:Ip4Config2Impl.obj
 0004:00000414       $pdata$Ip4Config2InitInstance 0000000000014974     Ip4Dxe:Ip4Config2Impl.obj
 0004:00000420       $pdata$Ip4Config2CleanInstance 0000000000014980     Ip4Dxe:Ip4Config2Impl.obj
 0004:0000042c       $pdata$Ip4AutoReconfigCallBackDpc 000000000001498c     Ip4Dxe:Ip4Config2Impl.obj
 0004:00000438       $pdata$Ip4InitIgmp         0000000000014998     Ip4Dxe:Ip4Igmp.obj
 0004:00000444       $pdata$Ip4SendIgmpMessage  00000000000149a4     Ip4Dxe:Ip4Igmp.obj
 0004:00000450       $pdata$Ip4IgmpHandle       00000000000149b0     Ip4Dxe:Ip4Igmp.obj
 0004:0000045c       $pdata$Ip4FreeRouteEntry   00000000000149bc     Ip4Dxe:Ip4Route.obj
 0004:00000468       $pdata$Ip4FreeRouteCacheEntry 00000000000149c8     Ip4Dxe:Ip4Route.obj
 0004:00000474       $pdata$Ip4CreateRouteTable 00000000000149d4     Ip4Dxe:Ip4Route.obj
 0004:00000480       $pdata$Ip4FreeRouteTable   00000000000149e0     Ip4Dxe:Ip4Route.obj
 0004:0000048c       $pdata$Ip4AddRoute         00000000000149ec     Ip4Dxe:Ip4Route.obj
 0004:00000498       $pdata$Ip4DelRoute         00000000000149f8     Ip4Dxe:Ip4Route.obj
 0004:000004a4       $pdata$Ip4Route            0000000000014a04     Ip4Dxe:Ip4Route.obj
 0004:000004b0       $pdata$Ip4BuildEfiRouteTable 0000000000014a10     Ip4Dxe:Ip4Route.obj
 0004:000004bc       $pdata$Ip4PrependHead      0000000000014a1c     Ip4Dxe:Ip4Output.obj
 0004:000004c8       $pdata$Ip4Output           0000000000014a28     Ip4Dxe:Ip4Output.obj
 0004:000004d4       $pdata$Ip4ProcessIcmpRedirect 0000000000014a34     Ip4Dxe:Ip4Icmp.obj
 0004:000004e0       $pdata$Ip4IcmpReplyEcho    0000000000014a40     Ip4Dxe:Ip4Icmp.obj
 0004:000004ec       $pdata$Ip4IcmpHandle       0000000000014a4c     Ip4Dxe:Ip4Icmp.obj
 0004:000004f8       $pdata$Ip4GetHostCast      0000000000014a58     Ip4Dxe:Ip4Common.obj
 0004:00000504       $pdata$Ip4StationAddressValid 0000000000014a64     Ip4Dxe:Ip4Common.obj
 0004:00000510       $pdata$Ip4OptionIsValid    0000000000014a70     Ip4Dxe:Ip4Option.obj
 0004:0000051c       $pdata$Ip4CopyOption       0000000000014a7c     Ip4Dxe:Ip4Option.obj
 0004:00000528       $pdata$Ip4Config2StrToIp   0000000000014a88     Ip4Dxe:Ip4Config2Nv.obj
 0004:00000534       $pdata$Ip4Config2StrToIpList 0000000000014a94     Ip4Dxe:Ip4Config2Nv.obj
 0004:00000540       $pdata$Ip4Config2IpToStr   0000000000014aa0     Ip4Dxe:Ip4Config2Nv.obj
 0004:0000054c       $pdata$Ip4Config2IpListToStr 0000000000014aac     Ip4Dxe:Ip4Config2Nv.obj
 0004:00000558       $pdata$Ip4Config2ConvertConfigNvDataToIfrNvData 0000000000014ab8     Ip4Dxe:Ip4Config2Nv.obj
 0004:00000564       $pdata$Ip4Config2ConvertIfrNvDataToConfigNvData 0000000000014ac4     Ip4Dxe:Ip4Config2Nv.obj
 0004:00000570       $pdata$Ip4FormExtractConfig 0000000000014ad0     Ip4Dxe:Ip4Config2Nv.obj
 0004:0000057c       $pdata$Ip4FormRouteConfig  0000000000014adc     Ip4Dxe:Ip4Config2Nv.obj
 0004:00000588       $pdata$Ip4FormCallback     0000000000014ae8     Ip4Dxe:Ip4Config2Nv.obj
 0004:00000594       $pdata$Ip4Config2FormInit  0000000000014af4     Ip4Dxe:Ip4Config2Nv.obj
 0004:000005a0       $pdata$Ip4Config2FormUnload 0000000000014b00     Ip4Dxe:Ip4Config2Nv.obj
 0004:000005ac       $pdata$ZeroMem             0000000000014b0c     BaseMemoryLibRepStr:ZeroMemWrapper.obj
 0004:000005b8       $pdata$CopyMem             0000000000014b18     BaseMemoryLibRepStr:CopyMemWrapper.obj
 0004:000005c4       $pdata$CompareMem          0000000000014b24     BaseMemoryLibRepStr:CompareMemWrapper.obj
 0004:000005d0       $pdata$CopyGuid            0000000000014b30     BaseMemoryLibRepStr:MemLibGuid.obj
 0004:000005dc       $pdata$InternalBaseLibIsListValid 0000000000014b3c     BaseLib:LinkedList.obj
 0004:000005e8       $pdata$InitializeListHead  0000000000014b48     BaseLib:LinkedList.obj
 0004:000005f4       $pdata$InsertHeadList      0000000000014b54     BaseLib:LinkedList.obj
 0004:00000600       $pdata$InsertTailList      0000000000014b60     BaseLib:LinkedList.obj
 0004:0000060c       $pdata$IsListEmpty         0000000000014b6c     BaseLib:LinkedList.obj
 0004:00000618       $pdata$RemoveEntryList     0000000000014b78     BaseLib:LinkedList.obj
 0004:00000624       $pdata$StrLen              0000000000014b84     BaseLib:String.obj
 0004:00000630       $pdata$StrnCmp             0000000000014b90     BaseLib:String.obj
 0004:0000063c       $pdata$StrStr              0000000000014b9c     BaseLib:String.obj
 0004:00000648       $pdata$AsciiStrLen         0000000000014ba8     BaseLib:String.obj
 0004:00000654       $pdata$AsciiStrnCmp        0000000000014bb4     BaseLib:String.obj
 0004:00000660       $pdata$ReadUnaligned32     0000000000014bc0     BaseLib:Unaligned.obj
 0004:0000066c       $pdata$ReadUnaligned64     0000000000014bcc     BaseLib:Unaligned.obj
 0004:00000678       $pdata$StrnLenS            0000000000014bd8     BaseLib:SafeString.obj
[...]
 0005:00000010       $unwind$IsListEmpty        0000000000014ff0     BaseLib:LinkedList.obj
 0005:00000010       $unwind$Ip4FreeFrameRxToken 0000000000014ff0     Ip4Dxe:Ip4If.obj
 0005:00000010       $unwind$Ip4CleanService    0000000000014ff0     Ip4Dxe:Ip4Driver.obj
 0005:00000010       $unwind$IsDevicePathEndType 0000000000014ff0     UefiDevicePathLibDevicePathProtocol:UefiDevicePathLib.obj
 0005:00000010       $unwind$Ip4CleanProtocol   0000000000014ff0     Ip4Dxe:Ip4Impl.obj
 0005:00000010       $unwind$Ip4FreeLinkTxToken 0000000000014ff0     Ip4Dxe:Ip4If.obj
 0005:00000010       $unwind$Ip4SentPacketTicking 0000000000014ff0     Ip4Dxe:Ip4Impl.obj
 0005:00000010       $unwind$NetMapIsEmpty      0000000000014ff0     DxeNetLib:DxeNetLib.obj
 0005:00000010       $unwind$Ip4FreeRouteCacheEntry 0000000000014ff0     Ip4Dxe:Ip4Route.obj
 0005:00000010       $unwind$DevicePathSubType  0000000000014ff0     UefiDevicePathLibDevicePathProtocol:UefiDevicePathLib.obj
 0005:00000010       $unwind$DevicePathNodeLength 0000000000014ff0     UefiDevicePathLibDevicePathProtocol:UefiDevicePathLib.obj
 0005:00000010       $unwind$EfiIp4Poll         0000000000014ff0     Ip4Dxe:Ip4Impl.obj
 0005:00000010       $unwind$ReadUnaligned32    0000000000014ff0     BaseLib:Unaligned.obj
 0005:00000010       $unwind$Ip4IpSecFree       0000000000014ff0     Ip4Dxe:Ip4Input.obj
 0005:00000010       $unwind$ReadUnaligned64    0000000000014ff0     BaseLib:Unaligned.obj
 0005:00000010       $unwind$Ip4FreeRouteEntry  0000000000014ff0     Ip4Dxe:Ip4Route.obj
 0005:00000010       $unwind$NetListRemoveHead  0000000000014ff0     DxeNetLib:DxeNetLib.obj
 0005:00000010       $unwind$AllocateZeroPool   0000000000014ff0     UefiMemoryAllocationLib:MemoryAllocationLib.obj
 0005:00000010       $unwind$EfiAcquireLockOrFail 0000000000014ff0     UefiLib:UefiLib.obj
 0005:00000010       $unwind$Ip4AutoReconfigCallBackDpc 0000000000014ff0     Ip4Dxe:Ip4Config2Impl.obj
 0005:00000010       $unwind$Ip4OnRecyclePacket 0000000000014ff0     Ip4Dxe:Ip4Input.obj
 0005:00000010       $unwind$EfiReleaseLock     0000000000014ff0     UefiLib:UefiLib.obj
 0005:00000010       $unwind$_ModuleEntryPoint  0000000000014ff0     UefiDriverEntryPoint:DriverEntryPoint.obj
 0005:00000018       $unwind$CompareMem         0000000000014ff8     BaseMemoryLibRepStr:CompareMemWrapper.obj
 0005:00000018       $unwind$LookupUnicodeString2 0000000000014ff8     UefiLib:UefiLib.obj
 0005:00000018       $unwind$EfiIp4Config2GetData 0000000000014ff8     Ip4Dxe:Ip4Config2Impl.obj
 0005:00000018       $unwind$ProcessLibraryConstructorList 0000000000014ff8     Ip4Dxe:AutoGen.obj
 0005:00000018       $unwind$EfiIp4Config2UnregisterDataNotify 0000000000014ff8     Ip4Dxe:Ip4Config2Impl.obj
 0005:00000018       $unwind$Ip4ProcessIcmpRedirect 0000000000014ff8     Ip4Dxe:Ip4Icmp.obj
 0005:00000018       $unwind$NetbufTrim         0000000000014ff8     DxeNetLib:NetBuffer.obj
 0005:00000018       $unwind$Ip4CleanAssembleTable 0000000000014ff8     Ip4Dxe:Ip4Input.obj
 0005:00000030       $unwind$ProcessModuleEntryPointList 0000000000015010     Ip4Dxe:AutoGen.obj
 0005:00000038       $unwind$Ip4Config2FormUnload 0000000000015018     Ip4Dxe:Ip4Config2Nv.obj
 0005:00000038       $unwind$Ip4DriverBindingSupported 0000000000015018     Ip4Dxe:Ip4Driver.obj
 0005:00000038       $unwind$NetLibGetSnpHandle 0000000000015018     DxeNetLib:DxeNetLib.obj
 0005:00000044       $unwind$NetbufGetFragment  0000000000015024     DxeNetLib:NetBuffer.obj
 0005:00000044       $unwind$HiiConstructConfigHdr 0000000000015024     UefiHiiLib:HiiLib.obj
 0005:00000044       $unwind$Ip4Config2WriteConfigData 0000000000015024     Ip4Dxe:Ip4Config2Impl.obj
 0005:00000044       $unwind$Ip4CreateService   0000000000015024     Ip4Dxe:Ip4Driver.obj
 0005:00000060       $unwind$AsciiStrnCmp       0000000000015040     BaseLib:String.obj
 0005:00000060       $unwind$NetbufGetByte      0000000000015040     DxeNetLib:NetBuffer.obj
 0005:00000060       $unwind$NetbufDuplicate    0000000000015040     DxeNetLib:NetBuffer.obj
 0005:00000060       $unwind$NetbufReserve      0000000000015040     DxeNetLib:NetBuffer.obj
 0005:00000060       $unwind$Ip4ServiceConfigMnp 0000000000015040     Ip4Dxe:Ip4Impl.obj
 0005:00000060       $unwind$Ip4CancelReceive   0000000000015040     Ip4Dxe:Ip4If.obj
 0005:00000060       $unwind$CopyGuid           0000000000015040     BaseMemoryLibRepStr:MemLibGuid.obj
 0005:00000060       $unwind$HiiIsConfigHdrMatch 0000000000015040     UefiHiiLib:HiiLib.obj
 0005:00000060       $unwind$NetbufAllocStruct  0000000000015040     DxeNetLib:NetBuffer.obj
 0005:00000060       $unwind$SetMem16           0000000000015040     BaseMemoryLibRepStr:SetMem16Wrapper.obj
 0005:00000060       $unwind$StrStr             0000000000015040     BaseLib:String.obj
 0005:00000060       $unwind$NetblockTrim       0000000000015040     DxeNetLib:NetBuffer.obj
 0005:00000060       $unwind$Ip4CancelRxTokens  0000000000015040     Ip4Dxe:Ip4Impl.obj
 0005:00000060       $unwind$NetLibGetNicHandle 0000000000015040     DxeNetLib:DxeNetLib.obj
 0005:00000060       $unwind$NetMapInsertTail   0000000000015040     DxeNetLib:DxeNetLib.obj
 0005:00000060       $unwind$NetMapClean        0000000000015040     DxeNetLib:DxeNetLib.obj
 0005:00000060       $unwind$Ip4DestroyChildEntryInHandleBuffer 0000000000015040     Ip4Dxe:Ip4Driver.obj
 0005:00000060       $unwind$Ip4Config2CleanInstance 0000000000015040     Ip4Dxe:Ip4Config2Impl.obj
 0005:00000060       $unwind$NetIp4IsUnicast    0000000000015040     DxeNetLib:DxeNetLib.obj
 0005:00000060       $unwind$StrLen             0000000000015040     BaseLib:String.obj
 0005:00000060       $unwind$FreeUnicodeStringTable 0000000000015040     UefiLib:UefiLib.obj
 0005:00000060       $unwind$Ip4CreateRouteTable 0000000000015040     Ip4Dxe:Ip4Route.obj
 0005:00000060       $unwind$EfiIp4Cancel       0000000000015040     Ip4Dxe:Ip4Impl.obj
 0005:00000060       $unwind$NetbufAlloc        0000000000015040     DxeNetLib:NetBuffer.obj
 0005:00000060       $unwind$IsLanguageSupported 0000000000015040     UefiLib:UefiLib.obj
 0005:00000070       $unwind$Ip4DriverBindingStart 0000000000015050     Ip4Dxe:Ip4Driver.obj
 0005:00000088       $unwind$Ip4DriverBindingStop 0000000000015068     Ip4Dxe:Ip4Driver.obj
 0005:000000a4       $unwind$Ip4ServiceBindingCreateChild 0000000000015084     Ip4Dxe:Ip4Driver.obj
 0005:000000b8       $unwind$Ip4ServiceBindingDestroyChild 0000000000015098     Ip4Dxe:Ip4Driver.obj
 0005:000000c8       $unwind$EfiIp4GetModeData  00000000000150a8     Ip4Dxe:Ip4Impl.obj
 0005:000000e0       $unwind$NetbufChecksum     00000000000150c0     DxeNetLib:NetBuffer.obj
 0005:000000e0       $unwind$InsertTailList     00000000000150c0     BaseLib:LinkedList.obj
 0005:000000e0       $unwind$InternalAllocateCopyPool 00000000000150c0     UefiMemoryAllocationLib:MemoryAllocationLib.obj
 0005:000000e0       $unwind$CompareIso639LanguageCode 00000000000150c0     UefiLib:UefiLib.obj
 0005:000000e0       $unwind$NetbufFreeVector   00000000000150c0     DxeNetLib:NetBuffer.obj
 0005:000000e0       $unwind$Ip4CancelTxTokens  00000000000150c0     Ip4Dxe:Ip4Impl.obj
 0005:000000e0       $unwind$ZeroMem            00000000000150c0     BaseMemoryLibRepStr:ZeroMemWrapper.obj
 0005:000000e0       $unwind$Ip4FreeArpQue      00000000000150c0     Ip4Dxe:Ip4If.obj
 0005:000000e0       $unwind$Ip4Config2SetDnsServer 00000000000150c0     Ip4Dxe:Ip4Config2Impl.obj
 0005:000000e0       $unwind$InsertHeadList     00000000000150c0     BaseLib:LinkedList.obj
 0005:000000e0       $unwind$NetLibGetVlanId    00000000000150c0     DxeNetLib:DxeNetLib.obj
 0005:000000e0       $unwind$AsciiStrLen        00000000000150c0     BaseLib:String.obj
 0005:000000e0       $unwind$IsDevicePathEnd    00000000000150c0     UefiDevicePathLibDevicePathProtocol:UefiDevicePathLib.obj
 0005:000000e0       $unwind$NetMapFindKey      00000000000150c0     DxeNetLib:DxeNetLib.obj
 0005:000000e0       $unwind$NetMapRemoveItem   00000000000150c0     DxeNetLib:DxeNetLib.obj
 0005:000000e0       $unwind$NetbufClone        00000000000150c0     DxeNetLib:NetBuffer.obj
 0005:000000e0       $unwind$NetListInsertBefore 00000000000150c0     DxeNetLib:DxeNetLib.obj
 0005:000000e0       $unwind$Ip4Config2DestroyDhcp4 00000000000150c0     Ip4Dxe:Ip4Config2Impl.obj
 0005:000000e0       $unwind$HiiGetSupportedLanguages 00000000000150c0     UefiHiiLib:HiiLanguage.obj
 0005:000000e0       $unwind$StrnLenS           00000000000150c0     BaseLib:SafeString.obj
 0005:000000e0       $unwind$Ip4InitProtocol    00000000000150c0     Ip4Dxe:Ip4Impl.obj
 0005:000000e0       $unwind$NetMapAllocItem    00000000000150c0     DxeNetLib:DxeNetLib.obj
 0005:000000ec       $unwind$Ip4ConfigProtocol  00000000000150cc     Ip4Dxe:Ip4Impl.obj
 0005:00000100       $unwind$EfiIp4Configure    00000000000150e0     Ip4Dxe:Ip4Impl.obj
 0005:00000114       $unwind$Ip4Groups          00000000000150f4     Ip4Dxe:Ip4Impl.obj
 0005:0000012c       $unwind$EfiIp4Groups       000000000001510c     Ip4Dxe:Ip4Impl.obj
 0005:00000140       $unwind$EfiIp4Routes       0000000000015120     Ip4Dxe:Ip4Impl.obj
 0005:00000158       $unwind$Ip4TxTokenValid    0000000000015138     Ip4Dxe:Ip4Impl.obj
 0005:00000168       $unwind$EfiIp4Transmit     0000000000015148     Ip4Dxe:Ip4Impl.obj
 0005:00000180       $unwind$EfiIp4Receive      0000000000015160     Ip4Dxe:Ip4Impl.obj
 0005:00000180       $unwind$Ip4Config2OnPolicyChanged 0000000000015160     Ip4Dxe:Ip4Config2Impl.obj
 0005:00000180       $unwind$BasePrintLibValueToString 0000000000015160     BasePrintLib:PrintLibInternal.obj
 0005:00000180       $unwind$Ip4Cancel          0000000000015160     Ip4Dxe:Ip4Impl.obj
 0005:00000180       $unwind$InternalHiiCompareSubString 0000000000015160     UefiHiiLib:HiiLib.obj
 0005:00000180       $unwind$StrnCmp            0000000000015160     BaseLib:String.obj
 0005:00000180       $unwind$CopyMem            0000000000015160     BaseMemoryLibRepStr:CopyMemWrapper.obj
 0005:00000180       $unwind$Ip4TrimPacket      0000000000015160     Ip4Dxe:Ip4Input.obj
 0005:00000180       $unwind$NetbufSetBlock     0000000000015160     DxeNetLib:NetBuffer.obj
 0005:00000180       $unwind$NetDestroyLinkList 0000000000015160     DxeNetLib:DxeNetLib.obj
 0005:00000180       $unwind$NetMapIterate      0000000000015160     DxeNetLib:DxeNetLib.obj
 0005:00000180       $unwind$NetbufSetBlockOp   0000000000015160     DxeNetLib:NetBuffer.obj
 0005:00000180       $unwind$EfiIp4Config2RegisterDataNotify 0000000000015160     Ip4Dxe:Ip4Config2Impl.obj
 0005:00000194       $unwind$NetbufCopy         0000000000015174     DxeNetLib:NetBuffer.obj
 0005:00000194       $unwind$EfiIp4Config2SetData 0000000000015174     Ip4Dxe:Ip4Config2Impl.obj
 0005:00000194       $unwind$Ip4TimerTicking    0000000000015174     Ip4Dxe:Ip4Impl.obj
 0005:00000194       $unwind$Ip4AddRoute        0000000000015174     Ip4Dxe:Ip4Route.obj
 0005:00000194       $unwind$Ip4FreeRouteTable  0000000000015174     Ip4Dxe:Ip4Route.obj
 0005:00000194       $unwind$Ip4BuildEfiRouteTable 0000000000015174     Ip4Dxe:Ip4Route.obj
 0005:000001ac       $unwind$Ip4TimerReconfigChecking 000000000001518c     Ip4Dxe:Ip4Impl.obj
 0005:000001bc       $unwind$Ip4FreeAssembleEntry 000000000001519c     Ip4Dxe:Ip4Input.obj
 0005:000001d0       $unwind$Ip4Reassemble      00000000000151b0     Ip4Dxe:Ip4Input.obj
 0005:000001ec       $unwind$Ip4IpSecProcessPacket 00000000000151cc     Ip4Dxe:Ip4Input.obj
 0005:0000020c       $unwind$Ip4Route           00000000000151ec     Ip4Dxe:Ip4Route.obj
 0005:0000020c       $unwind$Ip4InstanceDeliverPacket 00000000000151ec     Ip4Dxe:Ip4Input.obj
 0005:0000020c       $unwind$Ip4PreProcessPacket 00000000000151ec     Ip4Dxe:Ip4Input.obj
 0005:0000020c       $unwind$Ip4CancelFrames    00000000000151ec     Ip4Dxe:Ip4If.obj
 0005:0000020c       $unwind$Ip4DelRoute        00000000000151ec     Ip4Dxe:Ip4Route.obj
 0005:00000228       $unwind$Ip4AccpetFrame     0000000000015208     Ip4Dxe:Ip4Input.obj
 0005:00000238       $unwind$Ip4WrapRxData      0000000000015218     Ip4Dxe:Ip4Input.obj
 0005:0000024c       $unwind$Ip4InterfaceEnquePacket 000000000001522c     Ip4Dxe:Ip4Input.obj
 0005:00000260       $unwind$Ip4Demultiplex     0000000000015240     Ip4Dxe:Ip4Input.obj
 0005:00000260       $unwind$Ip4CancelFrameArp  0000000000015240     Ip4Dxe:Ip4If.obj
 0005:0000027c       $unwind$Ip4ComponentNameGetDriverName 000000000001525c     Ip4Dxe:ComponentName.obj
 0005:00000284       $unwind$UpdateName         0000000000015264     Ip4Dxe:ComponentName.obj
 0005:0000028c       $unwind$Ip4ComponentNameGetControllerName 000000000001526c     Ip4Dxe:ComponentName.obj
 0005:000002a0       $unwind$Ip4CreateInterface 0000000000015280     Ip4Dxe:Ip4If.obj
 0005:000002b8       $unwind$Ip4SetAddress      0000000000015298     Ip4Dxe:Ip4If.obj
 0005:000002cc       $unwind$Ip4FreeInterface   00000000000152ac     Ip4Dxe:Ip4If.obj
 0005:000002dc       $unwind$StrCpyS            00000000000152bc     BaseLib:SafeString.obj
 0005:000002dc       $unwind$Ip4SendFrameToDefaultRoute 00000000000152bc     Ip4Dxe:Ip4If.obj
 0005:000002f4       $unwind$Ip4OnArpResolvedDpc 00000000000152d4     Ip4Dxe:Ip4If.obj
 0005:0000030c       $unwind$Ip4OnFrameSentDpc  00000000000152ec     Ip4Dxe:Ip4If.obj
 0005:00000314       $unwind$Ip4SendFrame       00000000000152f4     Ip4Dxe:Ip4If.obj
 0005:00000314       $unwind$Ip4Config2SetGateway 00000000000152f4     Ip4Dxe:Ip4Config2Impl.obj
 0005:0000032c       $unwind$Ip4OnFrameReceivedDpc 000000000001530c     Ip4Dxe:Ip4If.obj
 0005:0000033c       $unwind$UnicodeValueToStringS 000000000001531c     BasePrintLib:PrintLib.obj
 0005:0000033c       $unwind$Ip4ReceiveFrame    000000000001531c     Ip4Dxe:Ip4If.obj
 0005:0000034c       $unwind$FreePool           000000000001532c     UefiMemoryAllocationLib:MemoryAllocationLib.obj
 0005:0000034c       $unwind$DevicePathFromHandle 000000000001532c     UefiDevicePathLibDevicePathProtocol:UefiDevicePathLib.obj
 0005:0000034c       $unwind$InternalAllocatePool 000000000001532c     UefiMemoryAllocationLib:MemoryAllocationLib.obj
 0005:0000034c       $unwind$Ip4Config2SignalEvent 000000000001532c     Ip4Dxe:Ip4Config2Impl.obj
 0005:0000034c       $unwind$Ip4StationAddressValid 000000000001532c     Ip4Dxe:Ip4Common.obj
 0005:0000034c       $unwind$Ip4Config2OnDhcp4SbInstalled 000000000001532c     Ip4Dxe:Ip4Config2Impl.obj
 0005:00000354       $unwind$Ip4Config2ReadConfigData 0000000000015334     Ip4Dxe:Ip4Config2Impl.obj
 0005:0000036c       $unwind$Ip4Config2BuildDefaultRouteTable 000000000001534c     Ip4Dxe:Ip4Config2Impl.obj
 0005:0000036c       $unwind$UefiLibGetStringWidth 000000000001534c     UefiLib:Console.obj
 0005:00000380       $unwind$Ip4Config2SetDefaultAddr 0000000000015360     Ip4Dxe:Ip4Config2Impl.obj
 0005:00000398       $unwind$Ip4Config2SetDnsServerWorker 0000000000015378     Ip4Dxe:Ip4Config2Impl.obj
 0005:000003b0       $unwind$Ip4Config2OnDhcp4Complete 0000000000015390     Ip4Dxe:Ip4Config2Impl.obj
 0005:000003cc       $unwind$Ip4StartAutoConfig 00000000000153ac     Ip4Dxe:Ip4Config2Impl.obj
 0005:000003e8       $unwind$Ip4Config2GetIfInfo 00000000000153c8     Ip4Dxe:Ip4Config2Impl.obj
 0005:000003fc       $unwind$Ip4Config2SetPolicy 00000000000153dc     Ip4Dxe:Ip4Config2Impl.obj
 0005:00000410       $unwind$Ip4Config2SetManualAddress 00000000000153f0     Ip4Dxe:Ip4Config2Impl.obj
 0005:00000410       $unwind$Ip4Config2InitInstance 00000000000153f0     Ip4Dxe:Ip4Config2Impl.obj
 0005:0000042c       $unwind$Ip4InitIgmp        000000000001540c     Ip4Dxe:Ip4Igmp.obj
 0005:00000444       $unwind$Ip4IcmpReplyEcho   0000000000015424     Ip4Dxe:Ip4Icmp.obj
 0005:00000444       $unwind$Ip4SendIgmpMessage 0000000000015424     Ip4Dxe:Ip4Igmp.obj
 0005:0000045c       $unwind$Ip4IgmpHandle      000000000001543c     Ip4Dxe:Ip4Igmp.obj
 0005:0000046c       $unwind$Ip4PrependHead     000000000001544c     Ip4Dxe:Ip4Output.obj
 0005:00000488       $unwind$Ip4Output          0000000000015468     Ip4Dxe:Ip4Output.obj
 0005:000004a0       $unwind$Ip4IcmpHandle      0000000000015480     Ip4Dxe:Ip4Icmp.obj
 0005:000004b0       $unwind$Ip4GetHostCast     0000000000015490     Ip4Dxe:Ip4Common.obj
 0005:000004b0       $unwind$Ip4OptionIsValid   0000000000015490     Ip4Dxe:Ip4Option.obj
 0005:000004bc       $unwind$Ip4CopyOption      000000000001549c     Ip4Dxe:Ip4Option.obj
 0005:000004d8       $unwind$NetbufBuildExt     00000000000154b8     DxeNetLib:NetBuffer.obj
 0005:000004d8       $unwind$Ip4Config2StrToIp  00000000000154b8     Ip4Dxe:Ip4Config2Nv.obj
 0005:000004e0       $unwind$Ip4Config2StrToIpList 00000000000154c0     Ip4Dxe:Ip4Config2Nv.obj
 0005:000004f8       $unwind$Ip4Config2IpToStr  00000000000154d8     Ip4Dxe:Ip4Config2Nv.obj
 0005:00000500       $unwind$Ip4Config2IpListToStr 00000000000154e0     Ip4Dxe:Ip4Config2Nv.obj
 0005:0000051c       $unwind$Ip4Config2ConvertConfigNvDataToIfrNvData 00000000000154fc     Ip4Dxe:Ip4Config2Nv.obj
 0005:00000530       $unwind$Ip4Config2ConvertIfrNvDataToConfigNvData 0000000000015510     Ip4Dxe:Ip4Config2Nv.obj
 0005:00000548       $unwind$Ip4FormExtractConfig 0000000000015528     Ip4Dxe:Ip4Config2Nv.obj
 0005:00000564       $unwind$Ip4FormRouteConfig 0000000000015544     Ip4Dxe:Ip4Config2Nv.obj
 0005:00000578       $unwind$Ip4FormCallback    0000000000015558     Ip4Dxe:Ip4Config2Nv.obj
 0005:00000590       $unwind$Ip4Config2FormInit 0000000000015570     Ip4Dxe:Ip4Config2Nv.obj
 0005:000005a4       $unwind$StrnCpyS           0000000000015584     BaseLib:SafeString.obj
 0005:000005bc       $unwind$StrCatS            000000000001559c     BaseLib:SafeString.obj
 0005:000005d8       $unwind$UnicodeSPrint      00000000000155b8     BasePrintLib:PrintLib.obj
 0005:000005e4       $unwind$AsciiSPrint        00000000000155c4     BasePrintLib:PrintLib.obj
 0005:000005ec       $unwind$BasePrintLibConvertValueToStringS 00000000000155cc     BasePrintLib:PrintLibInternal.obj
 0005:00000604       $unwind$BasePrintLibSPrintMarker 00000000000155e4     BasePrintLib:PrintLibInternal.obj
 0005:00000620       $unwind$BasePrintLibSPrint 0000000000015600     BasePrintLib:PrintLibInternal.obj
 0005:00000628       $unwind$DebugPrint         0000000000015608     PlatformDebugLibIoPort:DebugLib.obj
 0005:00000630       $unwind$DebugPrintMarker   0000000000015610     PlatformDebugLibIoPort:DebugLib.obj
 0005:00000644       $unwind$DebugAssert        0000000000015624     PlatformDebugLibIoPort:DebugLib.obj
 0005:0000064c       $unwind$EfiCreateProtocolNotifyEvent 000000000001562c     UefiLib:UefiLib.obj
 0005:00000660       $unwind$AddUnicodeString2  0000000000015640     UefiLib:UefiLib.obj
 0005:00000678       $unwind$GetEfiGlobalVariable2 0000000000015658     UefiLib:UefiLib.obj
 0005:00000684       $unwind$GetBestLanguage    0000000000015664     UefiLib:UefiLib.obj
 0005:00000698       $unwind$CreatePopUp        0000000000015678     UefiLib:Console.obj
 0005:000006b0       $unwind$NetLibDestroyServiceChild 0000000000015690     DxeNetLib:DxeNetLib.obj
 0005:000006b0       $unwind$NetLibCreateServiceChild 0000000000015690     DxeNetLib:DxeNetLib.obj
 0005:000006c4       $unwind$NetLibGetMacString 00000000000156a4     DxeNetLib:DxeNetLib.obj
 0005:000006e0       $unwind$NetbufFromExt      00000000000156c0     DxeNetLib:NetBuffer.obj
 0005:000006f8       $unwind$NetbufAllocSpace   00000000000156d8     DxeNetLib:NetBuffer.obj
 0005:0000070c       $unwind$HiiSetString       00000000000156ec     UefiHiiLib:HiiString.obj
 0005:00000724       $unwind$HiiGetString       0000000000015704     UefiHiiLib:HiiString.obj
 0005:00000734       $unwind$HiiAddPackages     0000000000015714     UefiHiiLib:HiiLib.obj
 0005:00000748       $unwind$InternalHiiBrowserCallback 0000000000015728     UefiHiiLib:HiiLib.obj
 0005:00000758       $unwind$HiiGetBrowserData  0000000000015738     UefiHiiLib:HiiLib.obj
