c:/users/mliang2x/workspace/edk2/Build/Ovmf3264/DEBUG_VS2015x86/X64/MdeModulePkg/Application/UiApp/UiApp/OUTPUT/UiApp.lib
c:/users/mliang2x/workspace/edk2/Build/Ovmf3264/DEBUG_VS2015x86/X64/MdePkg/Library/RegisterFilterLibNull/RegisterFilterLibNull/OUTPUT/FilterLibNull.lib
c:/users/mliang2x/workspace/edk2/Build/Ovmf3264/DEBUG_VS2015x86/X64/MdePkg/Library/DxePcdLib/DxePcdLib/OUTPUT/DxePcdLib.lib
c:/users/mliang2x/workspace/edk2/Build/Ovmf3264/DEBUG_VS2015x86/X64/MdePkg/Library/BaseMemoryLibRepStr/BaseMemoryLibRepStr/OUTPUT/BaseMemoryLibRepStr.lib
c:/users/mliang2x/workspace/edk2/Build/Ovmf3264/DEBUG_VS2015x86/X64/MdePkg/Library/BaseLib/BaseLib/OUTPUT/BaseLib.lib
c:/users/mliang2x/workspace/edk2/Build/Ovmf3264/DEBUG_VS2015x86/X64/MdePkg/Library/TdxLib/TdxLib/OUTPUT/TdxLib.lib
c:/users/mliang2x/workspace/edk2/Build/Ovmf3264/DEBUG_VS2015x86/X64/MdePkg/Library/CcProbeLibNull/CcProbeLibNull/OUTPUT/CcProbeLibNull.lib
c:/users/mliang2x/workspace/edk2/Build/Ovmf3264/DEBUG_VS2015x86/X64/MdePkg/Library/BaseDebugPrintErrorLevelLib/BaseDebugPrintErrorLevelLib/OUTPUT/BaseDebugPrintErrorLevelLib.lib
c:/users/mliang2x/workspace/edk2/Build/Ovmf3264/DEBUG_VS2015x86/X64/MdePkg/Library/BaseIoLibIntrinsic/BaseIoLibIntrinsicSev/OUTPUT/BaseIoLibIntrinsicSev.lib
c:/users/mliang2x/workspace/edk2/Build/Ovmf3264/DEBUG_VS2015x86/X64/MdePkg/Library/BasePrintLib/BasePrintLib/OUTPUT/BasePrintLib.lib
c:/users/mliang2x/workspace/edk2/Build/Ovmf3264/DEBUG_VS2015x86/X64/OvmfPkg/Library/PlatformDebugLibIoPort/PlatformDebugLibIoPort/OUTPUT/PlatformDebugLibIoPort.lib
c:/users/mliang2x/workspace/edk2/Build/Ovmf3264/DEBUG_VS2015x86/X64/MdePkg/Library/UefiBootServicesTableLib/UefiBootServicesTableLib/OUTPUT/UefiBootServicesTableLib.lib
c:/users/mliang2x/workspace/edk2/Build/Ovmf3264/DEBUG_VS2015x86/X64/MdePkg/Library/UefiMemoryAllocationLib/UefiMemoryAllocationLib/OUTPUT/UefiMemoryAllocationLib.lib
c:/users/mliang2x/workspace/edk2/Build/Ovmf3264/DEBUG_VS2015x86/X64/MdePkg/Library/UefiRuntimeServicesTableLib/UefiRuntimeServicesTableLib/OUTPUT/UefiRuntimeServicesTableLib.lib
c:/users/mliang2x/workspace/edk2/Build/Ovmf3264/DEBUG_VS2015x86/X64/MdePkg/Library/UefiDevicePathLibDevicePathProtocol/UefiDevicePathLibDevicePathProtocol/OUTPUT/UefiDevicePathLibDevicePathProtocol.lib
c:/users/mliang2x/workspace/edk2/Build/Ovmf3264/DEBUG_VS2015x86/X64/MdePkg/Library/UefiLib/UefiLib/OUTPUT/UefiLib.lib
c:/users/mliang2x/workspace/edk2/Build/Ovmf3264/DEBUG_VS2015x86/X64/MdePkg/Library/DxeHobLib/DxeHobLib/OUTPUT/DxeHobLib.lib
c:/users/mliang2x/workspace/edk2/Build/Ovmf3264/DEBUG_VS2015x86/X64/MdeModulePkg/Library/UefiHiiServicesLib/UefiHiiServicesLib/OUTPUT/UefiHiiServicesLib.lib
c:/users/mliang2x/workspace/edk2/Build/Ovmf3264/DEBUG_VS2015x86/X64/MdeModulePkg/Library/VariablePolicyHelperLib/VariablePolicyHelperLib/OUTPUT/VariablePolicyHelperLib.lib
c:/users/mliang2x/workspace/edk2/Build/Ovmf3264/DEBUG_VS2015x86/X64/MdeModulePkg/Library/UefiSortLib/UefiSortLib/OUTPUT/UefiSortLib.lib
c:/users/mliang2x/workspace/edk2/Build/Ovmf3264/DEBUG_VS2015x86/X64/MdePkg/Library/DxeServicesLib/DxeServicesLib/OUTPUT/DxeServicesLib.lib
c:/users/mliang2x/workspace/edk2/Build/Ovmf3264/DEBUG_VS2015x86/X64/MdePkg/Library/DxeServicesTableLib/DxeServicesTableLib/OUTPUT/DxeServicesTableLib.lib
c:/users/mliang2x/workspace/edk2/Build/Ovmf3264/DEBUG_VS2015x86/X64/MdePkg/Library/BasePeCoffGetEntryPointLib/BasePeCoffGetEntryPointLib/OUTPUT/BasePeCoffGetEntryPointLib.lib
c:/users/mliang2x/workspace/edk2/Build/Ovmf3264/DEBUG_VS2015x86/X64/MdePkg/Library/BasePerformanceLibNull/BasePerformanceLibNull/OUTPUT/BasePerformanceLibNull.lib
c:/users/mliang2x/workspace/edk2/Build/Ovmf3264/DEBUG_VS2015x86/X64/MdeModulePkg/Library/UefiHiiLib/UefiHiiLib/OUTPUT/UefiHiiLib.lib
c:/users/mliang2x/workspace/edk2/Build/Ovmf3264/DEBUG_VS2015x86/X64/MdeModulePkg/Library/DxeReportStatusCodeLib/DxeReportStatusCodeLib/OUTPUT/DxeReportStatusCodeLib.lib
c:/users/mliang2x/workspace/edk2/Build/Ovmf3264/DEBUG_VS2015x86/X64/MdeModulePkg/Library/UefiBootManagerLib/UefiBootManagerLib/OUTPUT/UefiBootManagerLib.lib
c:/users/mliang2x/workspace/edk2/Build/Ovmf3264/DEBUG_VS2015x86/X64/MdeModulePkg/Library/FileExplorerLib/FileExplorerLib/OUTPUT/FileExplorerLib.lib
c:/users/mliang2x/workspace/edk2/Build/Ovmf3264/DEBUG_VS2015x86/X64/MdePkg/Library/UefiApplicationEntryPoint/UefiApplicationEntryPoint/OUTPUT/UefiApplicationEntryPoint.lib
c:/users/mliang2x/workspace/edk2/Build/Ovmf3264/DEBUG_VS2015x86/X64/MdeModulePkg/Library/DeviceManagerUiLib/DeviceManagerUiLib/OUTPUT/DeviceManagerUiLib.lib
c:/users/mliang2x/workspace/edk2/Build/Ovmf3264/DEBUG_VS2015x86/X64/MdeModulePkg/Library/BootManagerUiLib/BootManagerUiLib/OUTPUT/BootManagerUiLib.lib
c:/users/mliang2x/workspace/edk2/Build/Ovmf3264/DEBUG_VS2015x86/X64/MdeModulePkg/Library/BootMaintenanceManagerUiLib/BootMaintenanceManagerUiLib/OUTPUT/BootMaintenanceManagerUiLib.lib