c:/users/mliang2x/workspace/edk2/Build/OvmfX64/DEBUG_VS2015x86/X64/NetworkPkg/IScsiDxe/IScsiDxe/OUTPUT/ComponentName.obj
c:/users/mliang2x/workspace/edk2/Build/OvmfX64/DEBUG_VS2015x86/X64/NetworkPkg/IScsiDxe/IScsiDxe/OUTPUT/IScsiAuthenticationInfo.obj
c:/users/mliang2x/workspace/edk2/Build/OvmfX64/DEBUG_VS2015x86/X64/NetworkPkg/IScsiDxe/IScsiDxe/OUTPUT/IScsiCHAP.obj
c:/users/mliang2x/workspace/edk2/Build/OvmfX64/DEBUG_VS2015x86/X64/NetworkPkg/IScsiDxe/IScsiDxe/OUTPUT/IScsiConfig.obj
c:/users/mliang2x/workspace/edk2/Build/OvmfX64/DEBUG_VS2015x86/X64/NetworkPkg/IScsiDxe/IScsiDxe/OUTPUT/IScsiConfigVfr.obj
c:/users/mliang2x/workspace/edk2/Build/OvmfX64/DEBUG_VS2015x86/X64/NetworkPkg/IScsiDxe/IScsiDxe/OUTPUT/IScsiDhcp.obj
c:/users/mliang2x/workspace/edk2/Build/OvmfX64/DEBUG_VS2015x86/X64/NetworkPkg/IScsiDxe/IScsiDxe/OUTPUT/IScsiDhcp6.obj
c:/users/mliang2x/workspace/edk2/Build/OvmfX64/DEBUG_VS2015x86/X64/NetworkPkg/IScsiDxe/IScsiDxe/OUTPUT/IScsiDns.obj
c:/users/mliang2x/workspace/edk2/Build/OvmfX64/DEBUG_VS2015x86/X64/NetworkPkg/IScsiDxe/IScsiDxe/OUTPUT/IScsiDriver.obj
c:/users/mliang2x/workspace/edk2/Build/OvmfX64/DEBUG_VS2015x86/X64/NetworkPkg/IScsiDxe/IScsiDxe/OUTPUT/IScsiExtScsiPassThru.obj
c:/users/mliang2x/workspace/edk2/Build/OvmfX64/DEBUG_VS2015x86/X64/NetworkPkg/IScsiDxe/IScsiDxe/OUTPUT/IScsiIbft.obj
c:/users/mliang2x/workspace/edk2/Build/OvmfX64/DEBUG_VS2015x86/X64/NetworkPkg/IScsiDxe/IScsiDxe/OUTPUT/IScsiInitiatorName.obj
c:/users/mliang2x/workspace/edk2/Build/OvmfX64/DEBUG_VS2015x86/X64/NetworkPkg/IScsiDxe/IScsiDxe/OUTPUT/IScsiMisc.obj
c:/users/mliang2x/workspace/edk2/Build/OvmfX64/DEBUG_VS2015x86/X64/NetworkPkg/IScsiDxe/IScsiDxe/OUTPUT/IScsiProto.obj
c:/users/mliang2x/workspace/edk2/Build/OvmfX64/DEBUG_VS2015x86/X64/NetworkPkg/IScsiDxe/IScsiDxe/OUTPUT/AutoGen.obj